[2014-12-23 00:37:10.081] [ERROR] log - [31m[/mnt/hgfs/src/marstv/backend_pomelochat/node_modules/pomelo-logger/test/logTest.js] [11423] [39mtest3
[2014-12-23 00:37:11.085] [ERROR] log - [31m[/mnt/hgfs/src/marstv/backend_pomelochat/node_modules/pomelo-logger/test/logTest.js] [11423] [39mtest3
[2014-12-23 00:37:12.086] [ERROR] log - [31m[/mnt/hgfs/src/marstv/backend_pomelochat/node_modules/pomelo-logger/test/logTest.js] [11423] [39mtest3
[2014-12-23 00:37:13.089] [ERROR] log - [31m[/mnt/hgfs/src/marstv/backend_pomelochat/node_modules/pomelo-logger/test/logTest.js] [11423] [39mtest3
[2014-12-23 00:37:14.090] [ERROR] log - [31m[/mnt/hgfs/src/marstv/backend_pomelochat/node_modules/pomelo-logger/test/logTest.js] [11423] [39mtest3
[2014-12-23 00:37:15.091] [ERROR] log - [31m[/mnt/hgfs/src/marstv/backend_pomelochat/node_modules/pomelo-logger/test/logTest.js] [11423] [39mtest3
[2014-12-23 00:37:16.093] [ERROR] log - [31m[/mnt/hgfs/src/marstv/backend_pomelochat/node_modules/pomelo-logger/test/logTest.js] [11423] [39mtest3
[2014-12-23 00:37:17.094] [ERROR] log - [31m[/mnt/hgfs/src/marstv/backend_pomelochat/node_modules/pomelo-logger/test/logTest.js] [11423] [39mtest3
[2014-12-23 00:37:18.097] [ERROR] log - [31m[/mnt/hgfs/src/marstv/backend_pomelochat/node_modules/pomelo-logger/test/logTest.js] [11423] [39mtest3
[2014-12-23 00:37:19.098] [ERROR] log - [31m[/mnt/hgfs/src/marstv/backend_pomelochat/node_modules/pomelo-logger/test/logTest.js] [11423] [39mtest3
[2014-12-23 00:37:20.099] [ERROR] log - [31m[/mnt/hgfs/src/marstv/backend_pomelochat/node_modules/pomelo-logger/test/logTest.js] [11423] [39mtest3
[2014-12-23 00:37:21.100] [ERROR] log - [31m[/mnt/hgfs/src/marstv/backend_pomelochat/node_modules/pomelo-logger/test/logTest.js] [11423] [39mtest3
[2014-12-23 00:37:22.101] [ERROR] log - [31m[/mnt/hgfs/src/marstv/backend_pomelochat/node_modules/pomelo-logger/test/logTest.js] [11423] [39mtest3
[2014-12-23 00:37:23.102] [ERROR] log - [31m[/mnt/hgfs/src/marstv/backend_pomelochat/node_modules/pomelo-logger/test/logTest.js] [11423] [39mtest3
[2014-12-23 00:37:24.105] [ERROR] log - [31m[/mnt/hgfs/src/marstv/backend_pomelochat/node_modules/pomelo-logger/test/logTest.js] [11423] [39mtest3
[2014-12-23 00:37:25.105] [ERROR] log - [31m[/mnt/hgfs/src/marstv/backend_pomelochat/node_modules/pomelo-logger/test/logTest.js] [11423] [39mtest3
[2014-12-23 00:37:26.107] [ERROR] log - [31m[/mnt/hgfs/src/marstv/backend_pomelochat/node_modules/pomelo-logger/test/logTest.js] [11423] [39mtest3
[2014-12-23 00:37:27.110] [ERROR] log - [31m[/mnt/hgfs/src/marstv/backend_pomelochat/node_modules/pomelo-logger/test/logTest.js] [11423] [39mtest3
[2014-12-23 00:37:28.111] [ERROR] log - [31m[/mnt/hgfs/src/marstv/backend_pomelochat/node_modules/pomelo-logger/test/logTest.js] [11423] [39mtest3
[2014-12-23 00:37:29.113] [ERROR] log - [31m[/mnt/hgfs/src/marstv/backend_pomelochat/node_modules/pomelo-logger/test/logTest.js] [11423] [39mtest3
[2014-12-23 00:37:30.114] [ERROR] log - [31m[/mnt/hgfs/src/marstv/backend_pomelochat/node_modules/pomelo-logger/test/logTest.js] [11423] [39mtest3
[2014-12-23 00:37:31.115] [ERROR] log - [31m[/mnt/hgfs/src/marstv/backend_pomelochat/node_modules/pomelo-logger/test/logTest.js] [11423] [39mtest3
[2014-12-23 00:37:32.116] [ERROR] log - [31m[/mnt/hgfs/src/marstv/backend_pomelochat/node_modules/pomelo-logger/test/logTest.js] [11423] [39mtest3
[2014-12-23 00:37:33.119] [ERROR] log - [31m[/mnt/hgfs/src/marstv/backend_pomelochat/node_modules/pomelo-logger/test/logTest.js] [11423] [39mtest3
[2014-12-23 00:37:34.119] [ERROR] log - [31m[/mnt/hgfs/src/marstv/backend_pomelochat/node_modules/pomelo-logger/test/logTest.js] [11423] [39mtest3
[2014-12-23 00:37:35.120] [ERROR] log - [31m[/mnt/hgfs/src/marstv/backend_pomelochat/node_modules/pomelo-logger/test/logTest.js] [11423] [39mtest3
[2014-12-23 00:37:36.122] [ERROR] log - [31m[/mnt/hgfs/src/marstv/backend_pomelochat/node_modules/pomelo-logger/test/logTest.js] [11423] [39mtest3
[2014-12-23 00:37:37.124] [ERROR] log - [31m[/mnt/hgfs/src/marstv/backend_pomelochat/node_modules/pomelo-logger/test/logTest.js] [11423] [39mtest3
[2014-12-23 00:38:18.648] [INFO] log - [32m[/mnt/hgfs/src/marstv/backend_pomelochat/node_modules/pomelo-logger/test/logTest.js] [11429] [39mtest1
[2014-12-23 00:38:18.651] [WARN] log - [33m[/mnt/hgfs/src/marstv/backend_pomelochat/node_modules/pomelo-logger/test/logTest.js] [11429] [39mtest2
[2014-12-23 00:38:18.651] [ERROR] log - [31m[/mnt/hgfs/src/marstv/backend_pomelochat/node_modules/pomelo-logger/test/logTest.js] [11429] [39mtest3
[2014-12-23 00:38:19.657] [INFO] log - [32m[/mnt/hgfs/src/marstv/backend_pomelochat/node_modules/pomelo-logger/test/logTest.js] [11429] [39mtest1
[2014-12-23 00:38:19.657] [WARN] log - [33m[/mnt/hgfs/src/marstv/backend_pomelochat/node_modules/pomelo-logger/test/logTest.js] [11429] [39mtest2
[2014-12-23 00:38:19.657] [ERROR] log - [31m[/mnt/hgfs/src/marstv/backend_pomelochat/node_modules/pomelo-logger/test/logTest.js] [11429] [39mtest3
[2014-12-23 00:38:20.663] [INFO] log - [32m[/mnt/hgfs/src/marstv/backend_pomelochat/node_modules/pomelo-logger/test/logTest.js] [11429] [39mtest1
[2014-12-23 00:38:20.663] [WARN] log - [33m[/mnt/hgfs/src/marstv/backend_pomelochat/node_modules/pomelo-logger/test/logTest.js] [11429] [39mtest2
[2014-12-23 00:38:20.663] [ERROR] log - [31m[/mnt/hgfs/src/marstv/backend_pomelochat/node_modules/pomelo-logger/test/logTest.js] [11429] [39mtest3
[2014-12-23 00:38:40.211] [INFO] console - reload check
[2014-12-23 00:38:40.421] [INFO] log - [32m[/mnt/hgfs/src/marstv/backend_pomelochat/node_modules/pomelo-logger/test/logTest.js] [11435] [39mtest1
[2014-12-23 00:38:40.421] [WARN] log - [33m[/mnt/hgfs/src/marstv/backend_pomelochat/node_modules/pomelo-logger/test/logTest.js] [11435] [39mtest2
[2014-12-23 00:38:40.421] [ERROR] log - [31m[/mnt/hgfs/src/marstv/backend_pomelochat/node_modules/pomelo-logger/test/logTest.js] [11435] [39mtest3
[2014-12-23 00:38:41.216] [INFO] console - reload check
[2014-12-23 00:38:41.422] [INFO] log - [32m[/mnt/hgfs/src/marstv/backend_pomelochat/node_modules/pomelo-logger/test/logTest.js] [11435] [39mtest1
[2014-12-23 00:38:41.422] [WARN] log - [33m[/mnt/hgfs/src/marstv/backend_pomelochat/node_modules/pomelo-logger/test/logTest.js] [11435] [39mtest2
[2014-12-23 00:38:41.422] [ERROR] log - [31m[/mnt/hgfs/src/marstv/backend_pomelochat/node_modules/pomelo-logger/test/logTest.js] [11435] [39mtest3
[2014-12-23 00:38:42.218] [INFO] console - reload check
[2014-12-23 00:38:42.424] [INFO] log - [32m[/mnt/hgfs/src/marstv/backend_pomelochat/node_modules/pomelo-logger/test/logTest.js] [11435] [39mtest1
[2014-12-23 00:38:42.424] [WARN] log - [33m[/mnt/hgfs/src/marstv/backend_pomelochat/node_modules/pomelo-logger/test/logTest.js] [11435] [39mtest2
[2014-12-23 00:38:42.424] [ERROR] log - [31m[/mnt/hgfs/src/marstv/backend_pomelochat/node_modules/pomelo-logger/test/logTest.js] [11435] [39mtest3
[2014-12-23 00:38:43.222] [INFO] console - reload check
[2014-12-23 00:38:43.426] [INFO] log - [32m[/mnt/hgfs/src/marstv/backend_pomelochat/node_modules/pomelo-logger/test/logTest.js] [11435] [39mtest1
[2014-12-23 00:38:43.426] [WARN] log - [33m[/mnt/hgfs/src/marstv/backend_pomelochat/node_modules/pomelo-logger/test/logTest.js] [11435] [39mtest2
[2014-12-23 00:38:43.426] [ERROR] log - [31m[/mnt/hgfs/src/marstv/backend_pomelochat/node_modules/pomelo-logger/test/logTest.js] [11435] [39mtest3
[2014-12-23 00:38:44.225] [INFO] console - reload check
[2014-12-23 00:38:44.430] [INFO] log - [32m[/mnt/hgfs/src/marstv/backend_pomelochat/node_modules/pomelo-logger/test/logTest.js] [11435] [39mtest1
[2014-12-23 00:38:44.432] [WARN] log - [33m[/mnt/hgfs/src/marstv/backend_pomelochat/node_modules/pomelo-logger/test/logTest.js] [11435] [39mtest2
[2014-12-23 00:38:44.432] [ERROR] log - [31m[/mnt/hgfs/src/marstv/backend_pomelochat/node_modules/pomelo-logger/test/logTest.js] [11435] [39mtest3
[2014-12-23 00:38:45.231] [INFO] console - reload check
[2014-12-23 00:38:45.434] [INFO] log - [32m[/mnt/hgfs/src/marstv/backend_pomelochat/node_modules/pomelo-logger/test/logTest.js] [11435] [39mtest1
[2014-12-23 00:38:45.434] [WARN] log - [33m[/mnt/hgfs/src/marstv/backend_pomelochat/node_modules/pomelo-logger/test/logTest.js] [11435] [39mtest2
[2014-12-23 00:38:45.434] [ERROR] log - [31m[/mnt/hgfs/src/marstv/backend_pomelochat/node_modules/pomelo-logger/test/logTest.js] [11435] [39mtest3
[2014-12-23 00:38:46.233] [INFO] console - reload check
[2014-12-23 00:38:46.437] [INFO] log - [32m[/mnt/hgfs/src/marstv/backend_pomelochat/node_modules/pomelo-logger/test/logTest.js] [11435] [39mtest1
[2014-12-23 00:38:46.437] [WARN] log - [33m[/mnt/hgfs/src/marstv/backend_pomelochat/node_modules/pomelo-logger/test/logTest.js] [11435] [39mtest2
[2014-12-23 00:38:46.437] [ERROR] log - [31m[/mnt/hgfs/src/marstv/backend_pomelochat/node_modules/pomelo-logger/test/logTest.js] [11435] [39mtest3
[2014-12-23 00:38:47.236] [INFO] console - reload check
[2014-12-23 00:38:47.440] [INFO] log - [32m[/mnt/hgfs/src/marstv/backend_pomelochat/node_modules/pomelo-logger/test/logTest.js] [11435] [39mtest1
[2014-12-23 00:38:47.440] [WARN] log - [33m[/mnt/hgfs/src/marstv/backend_pomelochat/node_modules/pomelo-logger/test/logTest.js] [11435] [39mtest2
[2014-12-23 00:38:47.440] [ERROR] log - [31m[/mnt/hgfs/src/marstv/backend_pomelochat/node_modules/pomelo-logger/test/logTest.js] [11435] [39mtest3
[2014-12-23 00:38:48.240] [INFO] console - reload check
[2014-12-23 00:38:48.442] [INFO] log - [32m[/mnt/hgfs/src/marstv/backend_pomelochat/node_modules/pomelo-logger/test/logTest.js] [11435] [39mtest1
[2014-12-23 00:38:48.442] [WARN] log - [33m[/mnt/hgfs/src/marstv/backend_pomelochat/node_modules/pomelo-logger/test/logTest.js] [11435] [39mtest2
[2014-12-23 00:38:48.442] [ERROR] log - [31m[/mnt/hgfs/src/marstv/backend_pomelochat/node_modules/pomelo-logger/test/logTest.js] [11435] [39mtest3
[2014-12-23 00:38:49.243] [INFO] console - reload check
[2014-12-23 00:38:49.446] [INFO] log - [32m[/mnt/hgfs/src/marstv/backend_pomelochat/node_modules/pomelo-logger/test/logTest.js] [11435] [39mtest1
[2014-12-23 00:38:49.446] [WARN] log - [33m[/mnt/hgfs/src/marstv/backend_pomelochat/node_modules/pomelo-logger/test/logTest.js] [11435] [39mtest2
[2014-12-23 00:38:49.446] [ERROR] log - [31m[/mnt/hgfs/src/marstv/backend_pomelochat/node_modules/pomelo-logger/test/logTest.js] [11435] [39mtest3
[2014-12-23 00:38:50.246] [INFO] console - reload check
[2014-12-23 00:38:50.448] [INFO] log - [32m[/mnt/hgfs/src/marstv/backend_pomelochat/node_modules/pomelo-logger/test/logTest.js] [11435] [39mtest1
[2014-12-23 00:38:50.448] [WARN] log - [33m[/mnt/hgfs/src/marstv/backend_pomelochat/node_modules/pomelo-logger/test/logTest.js] [11435] [39mtest2
[2014-12-23 00:38:50.448] [ERROR] log - [31m[/mnt/hgfs/src/marstv/backend_pomelochat/node_modules/pomelo-logger/test/logTest.js] [11435] [39mtest3
[2014-12-23 00:38:51.250] [INFO] console - reload check
[2014-12-23 00:38:51.450] [INFO] log - [32m[/mnt/hgfs/src/marstv/backend_pomelochat/node_modules/pomelo-logger/test/logTest.js] [11435] [39mtest1
[2014-12-23 00:38:51.451] [WARN] log - [33m[/mnt/hgfs/src/marstv/backend_pomelochat/node_modules/pomelo-logger/test/logTest.js] [11435] [39mtest2
[2014-12-23 00:38:51.451] [ERROR] log - [31m[/mnt/hgfs/src/marstv/backend_pomelochat/node_modules/pomelo-logger/test/logTest.js] [11435] [39mtest3
[2014-12-23 00:38:52.253] [INFO] console - reload check
[2014-12-23 00:38:52.451] [INFO] log - [32m[/mnt/hgfs/src/marstv/backend_pomelochat/node_modules/pomelo-logger/test/logTest.js] [11435] [39mtest1
[2014-12-23 00:38:52.452] [WARN] log - [33m[/mnt/hgfs/src/marstv/backend_pomelochat/node_modules/pomelo-logger/test/logTest.js] [11435] [39mtest2
[2014-12-23 00:38:52.452] [ERROR] log - [31m[/mnt/hgfs/src/marstv/backend_pomelochat/node_modules/pomelo-logger/test/logTest.js] [11435] [39mtest3
[2014-12-23 00:38:53.255] [INFO] console - reload check
[2014-12-23 00:38:53.452] [INFO] log - [32m[/mnt/hgfs/src/marstv/backend_pomelochat/node_modules/pomelo-logger/test/logTest.js] [11435] [39mtest1
[2014-12-23 00:38:53.452] [WARN] log - [33m[/mnt/hgfs/src/marstv/backend_pomelochat/node_modules/pomelo-logger/test/logTest.js] [11435] [39mtest2
[2014-12-23 00:38:53.452] [ERROR] log - [31m[/mnt/hgfs/src/marstv/backend_pomelochat/node_modules/pomelo-logger/test/logTest.js] [11435] [39mtest3
[2014-12-23 00:38:54.257] [INFO] console - reload check
[2014-12-23 00:38:54.454] [INFO] log - [32m[/mnt/hgfs/src/marstv/backend_pomelochat/node_modules/pomelo-logger/test/logTest.js] [11435] [39mtest1
[2014-12-23 00:38:54.454] [WARN] log - [33m[/mnt/hgfs/src/marstv/backend_pomelochat/node_modules/pomelo-logger/test/logTest.js] [11435] [39mtest2
[2014-12-23 00:38:54.454] [ERROR] log - [31m[/mnt/hgfs/src/marstv/backend_pomelochat/node_modules/pomelo-logger/test/logTest.js] [11435] [39mtest3
[2014-12-23 00:38:55.262] [INFO] console - reload check
[2014-12-23 00:38:55.456] [INFO] log - [32m[/mnt/hgfs/src/marstv/backend_pomelochat/node_modules/pomelo-logger/test/logTest.js] [11435] [39mtest1
[2014-12-23 00:38:55.457] [WARN] log - [33m[/mnt/hgfs/src/marstv/backend_pomelochat/node_modules/pomelo-logger/test/logTest.js] [11435] [39mtest2
[2014-12-23 00:38:55.457] [ERROR] log - [31m[/mnt/hgfs/src/marstv/backend_pomelochat/node_modules/pomelo-logger/test/logTest.js] [11435] [39mtest3
[2014-12-23 00:38:56.268] [INFO] console - reload check
[2014-12-23 00:38:56.271] [INFO] console - reload log config file ./log4js.json mtime=1419323935000
[2014-12-23 00:38:56.274] [INFO] console - { appenders: 
   [ { type: 'file',
       filename: './test.log',
       fileSize: 10485760,
       layout: [Object],
       backups: 5 },
     { type: 'console' } ],
  levels: { '[all]': 'ALL' },
  replaceConsole: true,
  lineDebug: false,
  reloadSecs: 1 }
[2014-12-23 00:38:56.462] [INFO] log - [32m[/mnt/hgfs/src/marstv/backend_pomelochat/node_modules/pomelo-logger/test/logTest.js] [11435] [39mtest1
[2014-12-23 00:38:56.462] [WARN] log - [33m[/mnt/hgfs/src/marstv/backend_pomelochat/node_modules/pomelo-logger/test/logTest.js] [11435] [39mtest2
[2014-12-23 00:38:56.462] [ERROR] log - [31m[/mnt/hgfs/src/marstv/backend_pomelochat/node_modules/pomelo-logger/test/logTest.js] [11435] [39mtest3
[2014-12-23 00:38:57.463] [INFO] log - [32m[/mnt/hgfs/src/marstv/backend_pomelochat/node_modules/pomelo-logger/test/logTest.js] [11435] [39mtest1
[2014-12-23 00:38:57.464] [WARN] log - [33m[/mnt/hgfs/src/marstv/backend_pomelochat/node_modules/pomelo-logger/test/logTest.js] [11435] [39mtest2
[2014-12-23 00:38:57.464] [ERROR] log - [31m[/mnt/hgfs/src/marstv/backend_pomelochat/node_modules/pomelo-logger/test/logTest.js] [11435] [39mtest3
[2014-12-23 00:38:58.467] [INFO] log - [32m[/mnt/hgfs/src/marstv/backend_pomelochat/node_modules/pomelo-logger/test/logTest.js] [11435] [39mtest1
[2014-12-23 00:38:58.467] [WARN] log - [33m[/mnt/hgfs/src/marstv/backend_pomelochat/node_modules/pomelo-logger/test/logTest.js] [11435] [39mtest2
[2014-12-23 00:38:58.467] [ERROR] log - [31m[/mnt/hgfs/src/marstv/backend_pomelochat/node_modules/pomelo-logger/test/logTest.js] [11435] [39mtest3
[2014-12-23 00:38:59.469] [INFO] log - [32m[/mnt/hgfs/src/marstv/backend_pomelochat/node_modules/pomelo-logger/test/logTest.js] [11435] [39mtest1
[2014-12-23 00:38:59.469] [WARN] log - [33m[/mnt/hgfs/src/marstv/backend_pomelochat/node_modules/pomelo-logger/test/logTest.js] [11435] [39mtest2
[2014-12-23 00:38:59.469] [ERROR] log - [31m[/mnt/hgfs/src/marstv/backend_pomelochat/node_modules/pomelo-logger/test/logTest.js] [11435] [39mtest3
[2014-12-23 00:39:00.470] [INFO] log - [32m[/mnt/hgfs/src/marstv/backend_pomelochat/node_modules/pomelo-logger/test/logTest.js] [11435] [39mtest1
[2014-12-23 00:39:00.470] [WARN] log - [33m[/mnt/hgfs/src/marstv/backend_pomelochat/node_modules/pomelo-logger/test/logTest.js] [11435] [39mtest2
[2014-12-23 00:39:00.470] [ERROR] log - [31m[/mnt/hgfs/src/marstv/backend_pomelochat/node_modules/pomelo-logger/test/logTest.js] [11435] [39mtest3
[2014-12-23 00:39:01.472] [INFO] log - [32m[/mnt/hgfs/src/marstv/backend_pomelochat/node_modules/pomelo-logger/test/logTest.js] [11435] [39mtest1
[2014-12-23 00:39:01.472] [WARN] log - [33m[/mnt/hgfs/src/marstv/backend_pomelochat/node_modules/pomelo-logger/test/logTest.js] [11435] [39mtest2
[2014-12-23 00:39:01.472] [ERROR] log - [31m[/mnt/hgfs/src/marstv/backend_pomelochat/node_modules/pomelo-logger/test/logTest.js] [11435] [39mtest3
[2014-12-23 00:39:02.474] [INFO] log - [32m[/mnt/hgfs/src/marstv/backend_pomelochat/node_modules/pomelo-logger/test/logTest.js] [11435] [39mtest1
[2014-12-23 00:39:02.474] [WARN] log - [33m[/mnt/hgfs/src/marstv/backend_pomelochat/node_modules/pomelo-logger/test/logTest.js] [11435] [39mtest2
[2014-12-23 00:39:02.474] [ERROR] log - [31m[/mnt/hgfs/src/marstv/backend_pomelochat/node_modules/pomelo-logger/test/logTest.js] [11435] [39mtest3
[2014-12-23 00:39:03.476] [INFO] log - [32m[/mnt/hgfs/src/marstv/backend_pomelochat/node_modules/pomelo-logger/test/logTest.js] [11435] [39mtest1
[2014-12-23 00:39:03.476] [WARN] log - [33m[/mnt/hgfs/src/marstv/backend_pomelochat/node_modules/pomelo-logger/test/logTest.js] [11435] [39mtest2
[2014-12-23 00:39:03.476] [ERROR] log - [31m[/mnt/hgfs/src/marstv/backend_pomelochat/node_modules/pomelo-logger/test/logTest.js] [11435] [39mtest3
[2014-12-23 00:39:04.478] [INFO] log - [32m[/mnt/hgfs/src/marstv/backend_pomelochat/node_modules/pomelo-logger/test/logTest.js] [11435] [39mtest1
[2014-12-23 00:39:04.478] [WARN] log - [33m[/mnt/hgfs/src/marstv/backend_pomelochat/node_modules/pomelo-logger/test/logTest.js] [11435] [39mtest2
[2014-12-23 00:39:04.478] [ERROR] log - [31m[/mnt/hgfs/src/marstv/backend_pomelochat/node_modules/pomelo-logger/test/logTest.js] [11435] [39mtest3
[2014-12-23 00:39:05.479] [INFO] log - [32m[/mnt/hgfs/src/marstv/backend_pomelochat/node_modules/pomelo-logger/test/logTest.js] [11435] [39mtest1
[2014-12-23 00:39:05.479] [WARN] log - [33m[/mnt/hgfs/src/marstv/backend_pomelochat/node_modules/pomelo-logger/test/logTest.js] [11435] [39mtest2
[2014-12-23 00:39:05.479] [ERROR] log - [31m[/mnt/hgfs/src/marstv/backend_pomelochat/node_modules/pomelo-logger/test/logTest.js] [11435] [39mtest3
[2014-12-23 00:39:06.481] [INFO] log - [32m[/mnt/hgfs/src/marstv/backend_pomelochat/node_modules/pomelo-logger/test/logTest.js] [11435] [39mtest1
[2014-12-23 00:39:06.482] [WARN] log - [33m[/mnt/hgfs/src/marstv/backend_pomelochat/node_modules/pomelo-logger/test/logTest.js] [11435] [39mtest2
[2014-12-23 00:39:06.482] [ERROR] log - [31m[/mnt/hgfs/src/marstv/backend_pomelochat/node_modules/pomelo-logger/test/logTest.js] [11435] [39mtest3
[2014-12-23 00:39:07.485] [INFO] log - [32m[/mnt/hgfs/src/marstv/backend_pomelochat/node_modules/pomelo-logger/test/logTest.js] [11435] [39mtest1
[2014-12-23 00:39:07.486] [WARN] log - [33m[/mnt/hgfs/src/marstv/backend_pomelochat/node_modules/pomelo-logger/test/logTest.js] [11435] [39mtest2
[2014-12-23 00:39:07.486] [ERROR] log - [31m[/mnt/hgfs/src/marstv/backend_pomelochat/node_modules/pomelo-logger/test/logTest.js] [11435] [39mtest3
[2014-12-23 00:39:08.487] [INFO] log - [32m[/mnt/hgfs/src/marstv/backend_pomelochat/node_modules/pomelo-logger/test/logTest.js] [11435] [39mtest1
[2014-12-23 00:39:08.487] [WARN] log - [33m[/mnt/hgfs/src/marstv/backend_pomelochat/node_modules/pomelo-logger/test/logTest.js] [11435] [39mtest2
[2014-12-23 00:39:08.487] [ERROR] log - [31m[/mnt/hgfs/src/marstv/backend_pomelochat/node_modules/pomelo-logger/test/logTest.js] [11435] [39mtest3
[2014-12-23 00:39:09.488] [INFO] log - [32m[/mnt/hgfs/src/marstv/backend_pomelochat/node_modules/pomelo-logger/test/logTest.js] [11435] [39mtest1
[2014-12-23 00:39:09.488] [WARN] log - [33m[/mnt/hgfs/src/marstv/backend_pomelochat/node_modules/pomelo-logger/test/logTest.js] [11435] [39mtest2
[2014-12-23 00:39:09.490] [ERROR] log - [31m[/mnt/hgfs/src/marstv/backend_pomelochat/node_modules/pomelo-logger/test/logTest.js] [11435] [39mtest3
[2014-12-23 00:39:10.491] [INFO] log - [32m[/mnt/hgfs/src/marstv/backend_pomelochat/node_modules/pomelo-logger/test/logTest.js] [11435] [39mtest1
[2014-12-23 00:39:10.491] [WARN] log - [33m[/mnt/hgfs/src/marstv/backend_pomelochat/node_modules/pomelo-logger/test/logTest.js] [11435] [39mtest2
[2014-12-23 00:39:10.491] [ERROR] log - [31m[/mnt/hgfs/src/marstv/backend_pomelochat/node_modules/pomelo-logger/test/logTest.js] [11435] [39mtest3
[2014-12-23 00:39:11.496] [INFO] log - [32m[/mnt/hgfs/src/marstv/backend_pomelochat/node_modules/pomelo-logger/test/logTest.js] [11435] [39mtest1
[2014-12-23 00:39:11.496] [WARN] log - [33m[/mnt/hgfs/src/marstv/backend_pomelochat/node_modules/pomelo-logger/test/logTest.js] [11435] [39mtest2
[2014-12-23 00:39:11.496] [ERROR] log - [31m[/mnt/hgfs/src/marstv/backend_pomelochat/node_modules/pomelo-logger/test/logTest.js] [11435] [39mtest3
[2014-12-23 00:39:12.499] [INFO] log - [32m[/mnt/hgfs/src/marstv/backend_pomelochat/node_modules/pomelo-logger/test/logTest.js] [11435] [39mtest1
[2014-12-23 00:39:12.499] [WARN] log - [33m[/mnt/hgfs/src/marstv/backend_pomelochat/node_modules/pomelo-logger/test/logTest.js] [11435] [39mtest2
[2014-12-23 00:39:12.499] [ERROR] log - [31m[/mnt/hgfs/src/marstv/backend_pomelochat/node_modules/pomelo-logger/test/logTest.js] [11435] [39mtest3
[2014-12-23 00:39:13.502] [INFO] log - [32m[/mnt/hgfs/src/marstv/backend_pomelochat/node_modules/pomelo-logger/test/logTest.js] [11435] [39mtest1
[2014-12-23 00:39:13.503] [WARN] log - [33m[/mnt/hgfs/src/marstv/backend_pomelochat/node_modules/pomelo-logger/test/logTest.js] [11435] [39mtest2
[2014-12-23 00:39:13.503] [ERROR] log - [31m[/mnt/hgfs/src/marstv/backend_pomelochat/node_modules/pomelo-logger/test/logTest.js] [11435] [39mtest3
[2014-12-23 00:39:14.504] [INFO] log - [32m[/mnt/hgfs/src/marstv/backend_pomelochat/node_modules/pomelo-logger/test/logTest.js] [11435] [39mtest1
[2014-12-23 00:39:14.504] [WARN] log - [33m[/mnt/hgfs/src/marstv/backend_pomelochat/node_modules/pomelo-logger/test/logTest.js] [11435] [39mtest2
[2014-12-23 00:39:14.504] [ERROR] log - [31m[/mnt/hgfs/src/marstv/backend_pomelochat/node_modules/pomelo-logger/test/logTest.js] [11435] [39mtest3
[2014-12-23 00:39:15.505] [INFO] log - [32m[/mnt/hgfs/src/marstv/backend_pomelochat/node_modules/pomelo-logger/test/logTest.js] [11435] [39mtest1
[2014-12-23 00:39:15.505] [WARN] log - [33m[/mnt/hgfs/src/marstv/backend_pomelochat/node_modules/pomelo-logger/test/logTest.js] [11435] [39mtest2
[2014-12-23 00:39:15.505] [ERROR] log - [31m[/mnt/hgfs/src/marstv/backend_pomelochat/node_modules/pomelo-logger/test/logTest.js] [11435] [39mtest3
[2014-12-23 00:39:16.506] [INFO] log - [32m[/mnt/hgfs/src/marstv/backend_pomelochat/node_modules/pomelo-logger/test/logTest.js] [11435] [39mtest1
[2014-12-23 00:39:16.506] [WARN] log - [33m[/mnt/hgfs/src/marstv/backend_pomelochat/node_modules/pomelo-logger/test/logTest.js] [11435] [39mtest2
[2014-12-23 00:39:16.506] [ERROR] log - [31m[/mnt/hgfs/src/marstv/backend_pomelochat/node_modules/pomelo-logger/test/logTest.js] [11435] [39mtest3
[2014-12-23 00:39:17.510] [INFO] log - [32m[/mnt/hgfs/src/marstv/backend_pomelochat/node_modules/pomelo-logger/test/logTest.js] [11435] [39mtest1
[2014-12-23 00:39:17.511] [WARN] log - [33m[/mnt/hgfs/src/marstv/backend_pomelochat/node_modules/pomelo-logger/test/logTest.js] [11435] [39mtest2
[2014-12-23 00:39:17.512] [ERROR] log - [31m[/mnt/hgfs/src/marstv/backend_pomelochat/node_modules/pomelo-logger/test/logTest.js] [11435] [39mtest3
[2014-12-23 00:39:18.515] [INFO] log - [32m[/mnt/hgfs/src/marstv/backend_pomelochat/node_modules/pomelo-logger/test/logTest.js] [11435] [39mtest1
[2014-12-23 00:39:18.515] [WARN] log - [33m[/mnt/hgfs/src/marstv/backend_pomelochat/node_modules/pomelo-logger/test/logTest.js] [11435] [39mtest2
[2014-12-23 00:39:18.515] [ERROR] log - [31m[/mnt/hgfs/src/marstv/backend_pomelochat/node_modules/pomelo-logger/test/logTest.js] [11435] [39mtest3
[2014-12-23 00:39:19.517] [INFO] log - [32m[/mnt/hgfs/src/marstv/backend_pomelochat/node_modules/pomelo-logger/test/logTest.js] [11435] [39mtest1
[2014-12-23 00:39:19.517] [WARN] log - [33m[/mnt/hgfs/src/marstv/backend_pomelochat/node_modules/pomelo-logger/test/logTest.js] [11435] [39mtest2
[2014-12-23 00:39:19.517] [ERROR] log - [31m[/mnt/hgfs/src/marstv/backend_pomelochat/node_modules/pomelo-logger/test/logTest.js] [11435] [39mtest3
[2014-12-23 00:39:20.519] [INFO] log - [32m[/mnt/hgfs/src/marstv/backend_pomelochat/node_modules/pomelo-logger/test/logTest.js] [11435] [39mtest1
[2014-12-23 00:39:20.519] [WARN] log - [33m[/mnt/hgfs/src/marstv/backend_pomelochat/node_modules/pomelo-logger/test/logTest.js] [11435] [39mtest2
[2014-12-23 00:39:20.519] [ERROR] log - [31m[/mnt/hgfs/src/marstv/backend_pomelochat/node_modules/pomelo-logger/test/logTest.js] [11435] [39mtest3
[2014-12-23 00:39:21.520] [INFO] log - [32m[/mnt/hgfs/src/marstv/backend_pomelochat/node_modules/pomelo-logger/test/logTest.js] [11435] [39mtest1
[2014-12-23 00:39:21.520] [WARN] log - [33m[/mnt/hgfs/src/marstv/backend_pomelochat/node_modules/pomelo-logger/test/logTest.js] [11435] [39mtest2
[2014-12-23 00:39:21.520] [ERROR] log - [31m[/mnt/hgfs/src/marstv/backend_pomelochat/node_modules/pomelo-logger/test/logTest.js] [11435] [39mtest3
[2014-12-23 00:39:22.521] [INFO] log - [32m[/mnt/hgfs/src/marstv/backend_pomelochat/node_modules/pomelo-logger/test/logTest.js] [11435] [39mtest1
[2014-12-23 00:39:22.521] [WARN] log - [33m[/mnt/hgfs/src/marstv/backend_pomelochat/node_modules/pomelo-logger/test/logTest.js] [11435] [39mtest2
[2014-12-23 00:39:22.521] [ERROR] log - [31m[/mnt/hgfs/src/marstv/backend_pomelochat/node_modules/pomelo-logger/test/logTest.js] [11435] [39mtest3
[2014-12-23 00:41:49.067] [ERROR] log - [31m[/mnt/hgfs/src/marstv/backend_pomelochat/node_modules/pomelo-logger/test/logTest.js] [11444] [39mtest3
[2014-12-23 00:45:29.239] [ERROR] log - [31m[/mnt/hgfs/src/marstv/backend_pomelochat/node_modules/pomelo-logger/test/logTest.js] [11450] [39mtest3
[2014-12-23 00:45:30.242] [ERROR] log - [31m[/mnt/hgfs/src/marstv/backend_pomelochat/node_modules/pomelo-logger/test/logTest.js] [11450] [39mtest3
[2014-12-23 00:45:31.244] [ERROR] log - [31m[/mnt/hgfs/src/marstv/backend_pomelochat/node_modules/pomelo-logger/test/logTest.js] [11450] [39mtest3
[2014-12-23 00:45:32.245] [ERROR] log - [31m[/mnt/hgfs/src/marstv/backend_pomelochat/node_modules/pomelo-logger/test/logTest.js] [11450] [39mtest3
[2014-12-23 00:45:43.874] [ERROR] log - [31m[/mnt/hgfs/src/marstv/backend_pomelochat/node_modules/pomelo-logger/test/logTest.js] [11456] [39mtest3
[2014-12-23 00:45:44.879] [ERROR] log - [31m[/mnt/hgfs/src/marstv/backend_pomelochat/node_modules/pomelo-logger/test/logTest.js] [11456] [39mtest3
[2014-12-23 00:45:45.880] [ERROR] log - [31m[/mnt/hgfs/src/marstv/backend_pomelochat/node_modules/pomelo-logger/test/logTest.js] [11456] [39mtest3
[2014-12-23 00:45:46.882] [ERROR] log - [31m[/mnt/hgfs/src/marstv/backend_pomelochat/node_modules/pomelo-logger/test/logTest.js] [11456] [39mtest3
[2014-12-23 00:45:47.883] [ERROR] log - [31m[/mnt/hgfs/src/marstv/backend_pomelochat/node_modules/pomelo-logger/test/logTest.js] [11456] [39mtest3
[2014-12-23 00:45:48.884] [ERROR] log - [31m[/mnt/hgfs/src/marstv/backend_pomelochat/node_modules/pomelo-logger/test/logTest.js] [11456] [39mtest3
[2014-12-23 00:45:49.885] [ERROR] log - [31m[/mnt/hgfs/src/marstv/backend_pomelochat/node_modules/pomelo-logger/test/logTest.js] [11456] [39mtest3
[2014-12-23 00:45:50.887] [ERROR] log - [31m[/mnt/hgfs/src/marstv/backend_pomelochat/node_modules/pomelo-logger/test/logTest.js] [11456] [39mtest3
[2014-12-23 00:45:51.888] [ERROR] log - [31m[/mnt/hgfs/src/marstv/backend_pomelochat/node_modules/pomelo-logger/test/logTest.js] [11456] [39mtest3
[2014-12-23 00:45:52.889] [ERROR] log - [31m[/mnt/hgfs/src/marstv/backend_pomelochat/node_modules/pomelo-logger/test/logTest.js] [11456] [39mtest3
[2014-12-23 00:45:53.891] [ERROR] log - [31m[/mnt/hgfs/src/marstv/backend_pomelochat/node_modules/pomelo-logger/test/logTest.js] [11456] [39mtest3
[2014-12-23 00:45:54.893] [ERROR] log - [31m[/mnt/hgfs/src/marstv/backend_pomelochat/node_modules/pomelo-logger/test/logTest.js] [11456] [39mtest3
[2014-12-23 00:45:55.894] [ERROR] log - [31m[/mnt/hgfs/src/marstv/backend_pomelochat/node_modules/pomelo-logger/test/logTest.js] [11456] [39mtest3
[2014-12-23 00:45:56.896] [ERROR] log - [31m[/mnt/hgfs/src/marstv/backend_pomelochat/node_modules/pomelo-logger/test/logTest.js] [11456] [39mtest3
[2014-12-23 00:45:57.897] [ERROR] log - [31m[/mnt/hgfs/src/marstv/backend_pomelochat/node_modules/pomelo-logger/test/logTest.js] [11456] [39mtest3
[2014-12-23 00:45:58.898] [ERROR] log - [31m[/mnt/hgfs/src/marstv/backend_pomelochat/node_modules/pomelo-logger/test/logTest.js] [11456] [39mtest3
[2014-12-23 00:45:59.900] [ERROR] log - [31m[/mnt/hgfs/src/marstv/backend_pomelochat/node_modules/pomelo-logger/test/logTest.js] [11456] [39mtest3
[2014-12-23 00:46:00.903] [ERROR] log - [31m[/mnt/hgfs/src/marstv/backend_pomelochat/node_modules/pomelo-logger/test/logTest.js] [11456] [39mtest3
[2014-12-23 00:46:01.905] [ERROR] log - [31m[/mnt/hgfs/src/marstv/backend_pomelochat/node_modules/pomelo-logger/test/logTest.js] [11456] [39mtest3
[2014-12-23 00:46:02.906] [ERROR] log - [31m[/mnt/hgfs/src/marstv/backend_pomelochat/node_modules/pomelo-logger/test/logTest.js] [11456] [39mtest3
[2014-12-23 00:46:03.908] [ERROR] log - [31m[/mnt/hgfs/src/marstv/backend_pomelochat/node_modules/pomelo-logger/test/logTest.js] [11456] [39mtest3
[2014-12-23 00:46:04.910] [ERROR] log - [31m[/mnt/hgfs/src/marstv/backend_pomelochat/node_modules/pomelo-logger/test/logTest.js] [11456] [39mtest3
[2014-12-23 00:46:05.912] [ERROR] log - [31m[/mnt/hgfs/src/marstv/backend_pomelochat/node_modules/pomelo-logger/test/logTest.js] [11456] [39mtest3
[2014-12-23 00:48:16.784] [INFO] console - not modify
[2014-12-23 00:48:16.994] [INFO] log - [32m[/mnt/hgfs/src/marstv/backend_pomelochat/node_modules/pomelo-logger/test/logTest.js] [11462] [39mtest1
[2014-12-23 00:48:16.994] [WARN] log - [33m[/mnt/hgfs/src/marstv/backend_pomelochat/node_modules/pomelo-logger/test/logTest.js] [11462] [39mtest2
[2014-12-23 00:48:16.994] [ERROR] log - [31m[/mnt/hgfs/src/marstv/backend_pomelochat/node_modules/pomelo-logger/test/logTest.js] [11462] [39mtest3
[2014-12-23 00:48:17.786] [INFO] console - not modify
[2014-12-23 00:48:17.995] [INFO] log - [32m[/mnt/hgfs/src/marstv/backend_pomelochat/node_modules/pomelo-logger/test/logTest.js] [11462] [39mtest1
[2014-12-23 00:48:17.995] [WARN] log - [33m[/mnt/hgfs/src/marstv/backend_pomelochat/node_modules/pomelo-logger/test/logTest.js] [11462] [39mtest2
[2014-12-23 00:48:17.996] [ERROR] log - [31m[/mnt/hgfs/src/marstv/backend_pomelochat/node_modules/pomelo-logger/test/logTest.js] [11462] [39mtest3
[2014-12-23 00:48:18.789] [INFO] console - not modify
[2014-12-23 00:48:18.998] [INFO] log - [32m[/mnt/hgfs/src/marstv/backend_pomelochat/node_modules/pomelo-logger/test/logTest.js] [11462] [39mtest1
[2014-12-23 00:48:18.998] [WARN] log - [33m[/mnt/hgfs/src/marstv/backend_pomelochat/node_modules/pomelo-logger/test/logTest.js] [11462] [39mtest2
[2014-12-23 00:48:18.998] [ERROR] log - [31m[/mnt/hgfs/src/marstv/backend_pomelochat/node_modules/pomelo-logger/test/logTest.js] [11462] [39mtest3
[2014-12-23 00:48:19.791] [INFO] console - not modify
[2014-12-23 00:48:20.001] [INFO] log - [32m[/mnt/hgfs/src/marstv/backend_pomelochat/node_modules/pomelo-logger/test/logTest.js] [11462] [39mtest1
[2014-12-23 00:48:20.001] [WARN] log - [33m[/mnt/hgfs/src/marstv/backend_pomelochat/node_modules/pomelo-logger/test/logTest.js] [11462] [39mtest2
[2014-12-23 00:48:20.001] [ERROR] log - [31m[/mnt/hgfs/src/marstv/backend_pomelochat/node_modules/pomelo-logger/test/logTest.js] [11462] [39mtest3
[2014-12-23 00:48:20.794] [INFO] console - not modify
[2014-12-23 00:48:21.002] [INFO] log - [32m[/mnt/hgfs/src/marstv/backend_pomelochat/node_modules/pomelo-logger/test/logTest.js] [11462] [39mtest1
[2014-12-23 00:48:21.002] [WARN] log - [33m[/mnt/hgfs/src/marstv/backend_pomelochat/node_modules/pomelo-logger/test/logTest.js] [11462] [39mtest2
[2014-12-23 00:48:21.002] [ERROR] log - [31m[/mnt/hgfs/src/marstv/backend_pomelochat/node_modules/pomelo-logger/test/logTest.js] [11462] [39mtest3
[2014-12-23 00:48:21.794] [INFO] console - not modify
[2014-12-23 00:48:22.003] [INFO] log - [32m[/mnt/hgfs/src/marstv/backend_pomelochat/node_modules/pomelo-logger/test/logTest.js] [11462] [39mtest1
[2014-12-23 00:48:22.004] [WARN] log - [33m[/mnt/hgfs/src/marstv/backend_pomelochat/node_modules/pomelo-logger/test/logTest.js] [11462] [39mtest2
[2014-12-23 00:48:22.004] [ERROR] log - [31m[/mnt/hgfs/src/marstv/backend_pomelochat/node_modules/pomelo-logger/test/logTest.js] [11462] [39mtest3
[2014-12-23 00:48:22.796] [INFO] console - not modify
[2014-12-23 00:48:23.005] [INFO] log - [32m[/mnt/hgfs/src/marstv/backend_pomelochat/node_modules/pomelo-logger/test/logTest.js] [11462] [39mtest1
[2014-12-23 00:48:23.005] [WARN] log - [33m[/mnt/hgfs/src/marstv/backend_pomelochat/node_modules/pomelo-logger/test/logTest.js] [11462] [39mtest2
[2014-12-23 00:48:23.006] [ERROR] log - [31m[/mnt/hgfs/src/marstv/backend_pomelochat/node_modules/pomelo-logger/test/logTest.js] [11462] [39mtest3
[2014-12-23 00:48:23.800] [INFO] console - not modify
[2014-12-23 00:48:24.008] [INFO] log - [32m[/mnt/hgfs/src/marstv/backend_pomelochat/node_modules/pomelo-logger/test/logTest.js] [11462] [39mtest1
[2014-12-23 00:48:24.008] [WARN] log - [33m[/mnt/hgfs/src/marstv/backend_pomelochat/node_modules/pomelo-logger/test/logTest.js] [11462] [39mtest2
[2014-12-23 00:48:24.008] [ERROR] log - [31m[/mnt/hgfs/src/marstv/backend_pomelochat/node_modules/pomelo-logger/test/logTest.js] [11462] [39mtest3
[2014-12-23 00:48:24.802] [INFO] console - not modify
[2014-12-23 00:48:25.010] [INFO] log - [32m[/mnt/hgfs/src/marstv/backend_pomelochat/node_modules/pomelo-logger/test/logTest.js] [11462] [39mtest1
[2014-12-23 00:48:25.010] [WARN] log - [33m[/mnt/hgfs/src/marstv/backend_pomelochat/node_modules/pomelo-logger/test/logTest.js] [11462] [39mtest2
[2014-12-23 00:48:25.010] [ERROR] log - [31m[/mnt/hgfs/src/marstv/backend_pomelochat/node_modules/pomelo-logger/test/logTest.js] [11462] [39mtest3
[2014-12-23 00:48:25.804] [INFO] console - not modify
[2014-12-23 00:48:26.011] [INFO] log - [32m[/mnt/hgfs/src/marstv/backend_pomelochat/node_modules/pomelo-logger/test/logTest.js] [11462] [39mtest1
[2014-12-23 00:48:26.011] [WARN] log - [33m[/mnt/hgfs/src/marstv/backend_pomelochat/node_modules/pomelo-logger/test/logTest.js] [11462] [39mtest2
[2014-12-23 00:48:26.011] [ERROR] log - [31m[/mnt/hgfs/src/marstv/backend_pomelochat/node_modules/pomelo-logger/test/logTest.js] [11462] [39mtest3
[2014-12-23 00:48:26.808] [INFO] console - not modify
[2014-12-23 00:48:27.013] [INFO] log - [32m[/mnt/hgfs/src/marstv/backend_pomelochat/node_modules/pomelo-logger/test/logTest.js] [11462] [39mtest1
[2014-12-23 00:48:27.013] [WARN] log - [33m[/mnt/hgfs/src/marstv/backend_pomelochat/node_modules/pomelo-logger/test/logTest.js] [11462] [39mtest2
[2014-12-23 00:48:27.013] [ERROR] log - [31m[/mnt/hgfs/src/marstv/backend_pomelochat/node_modules/pomelo-logger/test/logTest.js] [11462] [39mtest3
[2014-12-23 00:48:27.809] [INFO] console - not modify
[2014-12-23 00:48:28.015] [INFO] log - [32m[/mnt/hgfs/src/marstv/backend_pomelochat/node_modules/pomelo-logger/test/logTest.js] [11462] [39mtest1
[2014-12-23 00:48:28.015] [WARN] log - [33m[/mnt/hgfs/src/marstv/backend_pomelochat/node_modules/pomelo-logger/test/logTest.js] [11462] [39mtest2
[2014-12-23 00:48:28.015] [ERROR] log - [31m[/mnt/hgfs/src/marstv/backend_pomelochat/node_modules/pomelo-logger/test/logTest.js] [11462] [39mtest3
[2014-12-23 00:48:28.812] [INFO] console - modify
[2014-12-23 00:48:28.815] [INFO] console - reload log config file ./log4js.json mtime=1419324508000
[2014-12-23 00:48:28.815] [INFO] console - { appenders: 
   [ { type: 'file',
       filename: './test.log',
       fileSize: 10485760,
       layout: [Object],
       backups: 5 },
     { type: 'console' } ],
  levels: { '[all]': 'ERROR' },
  replaceConsole: true,
  lineDebug: false,
  reloadSecs: 1 }
[2014-12-23 00:48:29.017] [INFO] log - [32m[/mnt/hgfs/src/marstv/backend_pomelochat/node_modules/pomelo-logger/test/logTest.js] [11462] [39mtest1
[2014-12-23 00:48:29.017] [WARN] log - [33m[/mnt/hgfs/src/marstv/backend_pomelochat/node_modules/pomelo-logger/test/logTest.js] [11462] [39mtest2
[2014-12-23 00:48:29.017] [ERROR] log - [31m[/mnt/hgfs/src/marstv/backend_pomelochat/node_modules/pomelo-logger/test/logTest.js] [11462] [39mtest3
[2014-12-23 00:48:30.018] [INFO] log - [32m[/mnt/hgfs/src/marstv/backend_pomelochat/node_modules/pomelo-logger/test/logTest.js] [11462] [39mtest1
[2014-12-23 00:48:30.018] [WARN] log - [33m[/mnt/hgfs/src/marstv/backend_pomelochat/node_modules/pomelo-logger/test/logTest.js] [11462] [39mtest2
[2014-12-23 00:48:30.018] [ERROR] log - [31m[/mnt/hgfs/src/marstv/backend_pomelochat/node_modules/pomelo-logger/test/logTest.js] [11462] [39mtest3
[2014-12-23 00:48:31.020] [INFO] log - [32m[/mnt/hgfs/src/marstv/backend_pomelochat/node_modules/pomelo-logger/test/logTest.js] [11462] [39mtest1
[2014-12-23 00:48:31.020] [WARN] log - [33m[/mnt/hgfs/src/marstv/backend_pomelochat/node_modules/pomelo-logger/test/logTest.js] [11462] [39mtest2
[2014-12-23 00:48:31.020] [ERROR] log - [31m[/mnt/hgfs/src/marstv/backend_pomelochat/node_modules/pomelo-logger/test/logTest.js] [11462] [39mtest3
[2014-12-23 00:48:32.022] [INFO] log - [32m[/mnt/hgfs/src/marstv/backend_pomelochat/node_modules/pomelo-logger/test/logTest.js] [11462] [39mtest1
[2014-12-23 00:48:32.022] [WARN] log - [33m[/mnt/hgfs/src/marstv/backend_pomelochat/node_modules/pomelo-logger/test/logTest.js] [11462] [39mtest2
[2014-12-23 00:48:32.022] [ERROR] log - [31m[/mnt/hgfs/src/marstv/backend_pomelochat/node_modules/pomelo-logger/test/logTest.js] [11462] [39mtest3
[2014-12-23 00:48:33.025] [INFO] log - [32m[/mnt/hgfs/src/marstv/backend_pomelochat/node_modules/pomelo-logger/test/logTest.js] [11462] [39mtest1
[2014-12-23 00:48:33.025] [WARN] log - [33m[/mnt/hgfs/src/marstv/backend_pomelochat/node_modules/pomelo-logger/test/logTest.js] [11462] [39mtest2
[2014-12-23 00:48:33.026] [ERROR] log - [31m[/mnt/hgfs/src/marstv/backend_pomelochat/node_modules/pomelo-logger/test/logTest.js] [11462] [39mtest3
[2014-12-23 00:48:34.031] [INFO] log - [32m[/mnt/hgfs/src/marstv/backend_pomelochat/node_modules/pomelo-logger/test/logTest.js] [11462] [39mtest1
[2014-12-23 00:48:34.031] [WARN] log - [33m[/mnt/hgfs/src/marstv/backend_pomelochat/node_modules/pomelo-logger/test/logTest.js] [11462] [39mtest2
[2014-12-23 00:48:34.031] [ERROR] log - [31m[/mnt/hgfs/src/marstv/backend_pomelochat/node_modules/pomelo-logger/test/logTest.js] [11462] [39mtest3
[2014-12-23 00:48:35.033] [INFO] log - [32m[/mnt/hgfs/src/marstv/backend_pomelochat/node_modules/pomelo-logger/test/logTest.js] [11462] [39mtest1
[2014-12-23 00:48:35.033] [WARN] log - [33m[/mnt/hgfs/src/marstv/backend_pomelochat/node_modules/pomelo-logger/test/logTest.js] [11462] [39mtest2
[2014-12-23 00:48:35.033] [ERROR] log - [31m[/mnt/hgfs/src/marstv/backend_pomelochat/node_modules/pomelo-logger/test/logTest.js] [11462] [39mtest3
[2014-12-23 00:51:40.949] [ERROR] log - [31m[/mnt/hgfs/src/marstv/backend_pomelochat/node_modules/pomelo-logger/test/logTest.js] [11471] [39mtest3
[2014-12-23 00:51:41.953] [ERROR] log - [31m[/mnt/hgfs/src/marstv/backend_pomelochat/node_modules/pomelo-logger/test/logTest.js] [11471] [39mtest3
[2014-12-23 00:51:42.954] [ERROR] log - [31m[/mnt/hgfs/src/marstv/backend_pomelochat/node_modules/pomelo-logger/test/logTest.js] [11471] [39mtest3
[2014-12-23 00:51:43.956] [ERROR] log - [31m[/mnt/hgfs/src/marstv/backend_pomelochat/node_modules/pomelo-logger/test/logTest.js] [11471] [39mtest3
[2014-12-23 00:51:44.958] [ERROR] log - [31m[/mnt/hgfs/src/marstv/backend_pomelochat/node_modules/pomelo-logger/test/logTest.js] [11471] [39mtest3
[2014-12-23 00:51:45.959] [ERROR] log - [31m[/mnt/hgfs/src/marstv/backend_pomelochat/node_modules/pomelo-logger/test/logTest.js] [11471] [39mtest3
[2014-12-23 00:51:46.960] [ERROR] log - [31m[/mnt/hgfs/src/marstv/backend_pomelochat/node_modules/pomelo-logger/test/logTest.js] [11471] [39mtest3
[2014-12-23 00:51:47.961] [ERROR] log - [31m[/mnt/hgfs/src/marstv/backend_pomelochat/node_modules/pomelo-logger/test/logTest.js] [11471] [39mtest3
[2014-12-23 00:51:48.962] [ERROR] log - [31m[/mnt/hgfs/src/marstv/backend_pomelochat/node_modules/pomelo-logger/test/logTest.js] [11471] [39mtest3
[2014-12-23 00:51:49.964] [ERROR] log - [31m[/mnt/hgfs/src/marstv/backend_pomelochat/node_modules/pomelo-logger/test/logTest.js] [11471] [39mtest3
[2014-12-23 00:51:50.965] [ERROR] log - [31m[/mnt/hgfs/src/marstv/backend_pomelochat/node_modules/pomelo-logger/test/logTest.js] [11471] [39mtest3
[2014-12-23 00:51:51.966] [ERROR] log - [31m[/mnt/hgfs/src/marstv/backend_pomelochat/node_modules/pomelo-logger/test/logTest.js] [11471] [39mtest3
[2014-12-23 00:51:52.967] [ERROR] log - [31m[/mnt/hgfs/src/marstv/backend_pomelochat/node_modules/pomelo-logger/test/logTest.js] [11471] [39mtest3
[2014-12-23 00:51:53.969] [ERROR] log - [31m[/mnt/hgfs/src/marstv/backend_pomelochat/node_modules/pomelo-logger/test/logTest.js] [11471] [39mtest3
[2014-12-23 00:51:54.971] [ERROR] log - [31m[/mnt/hgfs/src/marstv/backend_pomelochat/node_modules/pomelo-logger/test/logTest.js] [11471] [39mtest3
[2014-12-23 00:51:55.973] [ERROR] log - [31m[/mnt/hgfs/src/marstv/backend_pomelochat/node_modules/pomelo-logger/test/logTest.js] [11471] [39mtest3
[2014-12-23 00:51:56.974] [ERROR] log - [31m[/mnt/hgfs/src/marstv/backend_pomelochat/node_modules/pomelo-logger/test/logTest.js] [11471] [39mtest3
[2014-12-23 00:51:57.978] [ERROR] log - [31m[/mnt/hgfs/src/marstv/backend_pomelochat/node_modules/pomelo-logger/test/logTest.js] [11471] [39mtest3
[2014-12-23 00:51:58.979] [ERROR] log - [31m[/mnt/hgfs/src/marstv/backend_pomelochat/node_modules/pomelo-logger/test/logTest.js] [11471] [39mtest3
[2014-12-23 00:51:59.982] [ERROR] log - [31m[/mnt/hgfs/src/marstv/backend_pomelochat/node_modules/pomelo-logger/test/logTest.js] [11471] [39mtest3
[2014-12-23 00:52:00.984] [ERROR] log - [31m[/mnt/hgfs/src/marstv/backend_pomelochat/node_modules/pomelo-logger/test/logTest.js] [11471] [39mtest3
[2014-12-23 00:52:01.986] [ERROR] log - [31m[/mnt/hgfs/src/marstv/backend_pomelochat/node_modules/pomelo-logger/test/logTest.js] [11471] [39mtest3
[2014-12-23 00:52:02.986] [ERROR] log - [31m[/mnt/hgfs/src/marstv/backend_pomelochat/node_modules/pomelo-logger/test/logTest.js] [11471] [39mtest3
[2014-12-23 00:52:03.989] [ERROR] log - [31m[/mnt/hgfs/src/marstv/backend_pomelochat/node_modules/pomelo-logger/test/logTest.js] [11471] [39mtest3
[2014-12-23 00:52:04.991] [ERROR] log - [31m[/mnt/hgfs/src/marstv/backend_pomelochat/node_modules/pomelo-logger/test/logTest.js] [11471] [39mtest3
[2014-12-23 00:52:05.992] [ERROR] log - [31m[/mnt/hgfs/src/marstv/backend_pomelochat/node_modules/pomelo-logger/test/logTest.js] [11471] [39mtest3
[2014-12-23 00:52:06.994] [ERROR] log - [31m[/mnt/hgfs/src/marstv/backend_pomelochat/node_modules/pomelo-logger/test/logTest.js] [11471] [39mtest3
[2014-12-23 00:52:07.996] [ERROR] log - [31m[/mnt/hgfs/src/marstv/backend_pomelochat/node_modules/pomelo-logger/test/logTest.js] [11471] [39mtest3
[2014-12-23 00:52:08.998] [ERROR] log - [31m[/mnt/hgfs/src/marstv/backend_pomelochat/node_modules/pomelo-logger/test/logTest.js] [11471] [39mtest3
[2014-12-23 00:52:10.001] [ERROR] log - [31m[/mnt/hgfs/src/marstv/backend_pomelochat/node_modules/pomelo-logger/test/logTest.js] [11471] [39mtest3
[2014-12-23 00:52:11.003] [ERROR] log - [31m[/mnt/hgfs/src/marstv/backend_pomelochat/node_modules/pomelo-logger/test/logTest.js] [11471] [39mtest3
[2014-12-23 00:52:12.004] [ERROR] log - [31m[/mnt/hgfs/src/marstv/backend_pomelochat/node_modules/pomelo-logger/test/logTest.js] [11471] [39mtest3
[2014-12-23 00:52:13.005] [ERROR] log - [31m[/mnt/hgfs/src/marstv/backend_pomelochat/node_modules/pomelo-logger/test/logTest.js] [11471] [39mtest3
[2014-12-23 00:52:14.008] [ERROR] log - [31m[/mnt/hgfs/src/marstv/backend_pomelochat/node_modules/pomelo-logger/test/logTest.js] [11471] [39mtest3
[2014-12-23 00:52:15.010] [ERROR] log - [31m[/mnt/hgfs/src/marstv/backend_pomelochat/node_modules/pomelo-logger/test/logTest.js] [11471] [39mtest3
[2014-12-23 00:52:16.012] [ERROR] log - [31m[/mnt/hgfs/src/marstv/backend_pomelochat/node_modules/pomelo-logger/test/logTest.js] [11471] [39mtest3
[2014-12-23 00:52:17.014] [ERROR] log - [31m[/mnt/hgfs/src/marstv/backend_pomelochat/node_modules/pomelo-logger/test/logTest.js] [11471] [39mtest3
[2014-12-23 00:52:18.016] [ERROR] log - [31m[/mnt/hgfs/src/marstv/backend_pomelochat/node_modules/pomelo-logger/test/logTest.js] [11471] [39mtest3
[2014-12-23 00:52:19.018] [ERROR] log - [31m[/mnt/hgfs/src/marstv/backend_pomelochat/node_modules/pomelo-logger/test/logTest.js] [11471] [39mtest3
[2014-12-23 00:52:20.020] [ERROR] log - [31m[/mnt/hgfs/src/marstv/backend_pomelochat/node_modules/pomelo-logger/test/logTest.js] [11471] [39mtest3
[2014-12-23 00:52:21.022] [ERROR] log - [31m[/mnt/hgfs/src/marstv/backend_pomelochat/node_modules/pomelo-logger/test/logTest.js] [11471] [39mtest3
[2014-12-23 00:52:22.024] [ERROR] log - [31m[/mnt/hgfs/src/marstv/backend_pomelochat/node_modules/pomelo-logger/test/logTest.js] [11471] [39mtest3
[2014-12-23 00:52:23.026] [ERROR] log - [31m[/mnt/hgfs/src/marstv/backend_pomelochat/node_modules/pomelo-logger/test/logTest.js] [11471] [39mtest3
[2014-12-23 00:52:24.028] [ERROR] log - [31m[/mnt/hgfs/src/marstv/backend_pomelochat/node_modules/pomelo-logger/test/logTest.js] [11471] [39mtest3
[2014-12-23 00:52:25.030] [ERROR] log - [31m[/mnt/hgfs/src/marstv/backend_pomelochat/node_modules/pomelo-logger/test/logTest.js] [11471] [39mtest3
[2014-12-23 00:52:26.033] [ERROR] log - [31m[/mnt/hgfs/src/marstv/backend_pomelochat/node_modules/pomelo-logger/test/logTest.js] [11471] [39mtest3
[2014-12-23 00:52:27.035] [ERROR] log - [31m[/mnt/hgfs/src/marstv/backend_pomelochat/node_modules/pomelo-logger/test/logTest.js] [11471] [39mtest3
[2014-12-23 00:52:28.037] [ERROR] log - [31m[/mnt/hgfs/src/marstv/backend_pomelochat/node_modules/pomelo-logger/test/logTest.js] [11471] [39mtest3
[2014-12-23 00:52:29.038] [ERROR] log - [31m[/mnt/hgfs/src/marstv/backend_pomelochat/node_modules/pomelo-logger/test/logTest.js] [11471] [39mtest3
[2014-12-23 00:52:30.048] [ERROR] log - [31m[/mnt/hgfs/src/marstv/backend_pomelochat/node_modules/pomelo-logger/test/logTest.js] [11471] [39mtest3
[2014-12-23 00:52:31.050] [ERROR] log - [31m[/mnt/hgfs/src/marstv/backend_pomelochat/node_modules/pomelo-logger/test/logTest.js] [11471] [39mtest3
[2014-12-23 00:52:32.052] [ERROR] log - [31m[/mnt/hgfs/src/marstv/backend_pomelochat/node_modules/pomelo-logger/test/logTest.js] [11471] [39mtest3
[2014-12-23 00:52:33.052] [ERROR] log - [31m[/mnt/hgfs/src/marstv/backend_pomelochat/node_modules/pomelo-logger/test/logTest.js] [11471] [39mtest3
[2014-12-23 00:52:34.052] [ERROR] log - [31m[/mnt/hgfs/src/marstv/backend_pomelochat/node_modules/pomelo-logger/test/logTest.js] [11471] [39mtest3
[2014-12-23 00:52:35.053] [ERROR] log - [31m[/mnt/hgfs/src/marstv/backend_pomelochat/node_modules/pomelo-logger/test/logTest.js] [11471] [39mtest3
[2014-12-23 00:52:36.056] [ERROR] log - [31m[/mnt/hgfs/src/marstv/backend_pomelochat/node_modules/pomelo-logger/test/logTest.js] [11471] [39mtest3
[2014-12-23 00:52:37.057] [ERROR] log - [31m[/mnt/hgfs/src/marstv/backend_pomelochat/node_modules/pomelo-logger/test/logTest.js] [11471] [39mtest3
[2014-12-23 00:52:38.059] [ERROR] log - [31m[/mnt/hgfs/src/marstv/backend_pomelochat/node_modules/pomelo-logger/test/logTest.js] [11471] [39mtest3
[2014-12-23 00:52:39.060] [ERROR] log - [31m[/mnt/hgfs/src/marstv/backend_pomelochat/node_modules/pomelo-logger/test/logTest.js] [11471] [39mtest3
[2014-12-23 00:52:40.061] [ERROR] log - [31m[/mnt/hgfs/src/marstv/backend_pomelochat/node_modules/pomelo-logger/test/logTest.js] [11471] [39mtest3
[2014-12-23 00:52:41.063] [ERROR] log - [31m[/mnt/hgfs/src/marstv/backend_pomelochat/node_modules/pomelo-logger/test/logTest.js] [11471] [39mtest3
[2014-12-23 00:52:42.068] [ERROR] log - [31m[/mnt/hgfs/src/marstv/backend_pomelochat/node_modules/pomelo-logger/test/logTest.js] [11471] [39mtest3
[2014-12-23 00:52:43.072] [ERROR] log - [31m[/mnt/hgfs/src/marstv/backend_pomelochat/node_modules/pomelo-logger/test/logTest.js] [11471] [39mtest3
[2014-12-23 00:52:44.074] [ERROR] log - [31m[/mnt/hgfs/src/marstv/backend_pomelochat/node_modules/pomelo-logger/test/logTest.js] [11471] [39mtest3
[2014-12-23 00:52:45.077] [ERROR] log - [31m[/mnt/hgfs/src/marstv/backend_pomelochat/node_modules/pomelo-logger/test/logTest.js] [11471] [39mtest3
[2014-12-23 00:52:46.081] [ERROR] log - [31m[/mnt/hgfs/src/marstv/backend_pomelochat/node_modules/pomelo-logger/test/logTest.js] [11471] [39mtest3
[2014-12-23 00:52:47.085] [ERROR] log - [31m[/mnt/hgfs/src/marstv/backend_pomelochat/node_modules/pomelo-logger/test/logTest.js] [11471] [39mtest3
[2014-12-23 00:52:48.088] [ERROR] log - [31m[/mnt/hgfs/src/marstv/backend_pomelochat/node_modules/pomelo-logger/test/logTest.js] [11471] [39mtest3
[2014-12-23 00:52:49.089] [ERROR] log - [31m[/mnt/hgfs/src/marstv/backend_pomelochat/node_modules/pomelo-logger/test/logTest.js] [11471] [39mtest3
[2014-12-23 00:52:50.091] [ERROR] log - [31m[/mnt/hgfs/src/marstv/backend_pomelochat/node_modules/pomelo-logger/test/logTest.js] [11471] [39mtest3
[2014-12-23 00:52:51.094] [ERROR] log - [31m[/mnt/hgfs/src/marstv/backend_pomelochat/node_modules/pomelo-logger/test/logTest.js] [11471] [39mtest3
[2014-12-23 00:52:52.098] [ERROR] log - [31m[/mnt/hgfs/src/marstv/backend_pomelochat/node_modules/pomelo-logger/test/logTest.js] [11471] [39mtest3
[2014-12-23 00:52:53.122] [ERROR] log - [31m[/mnt/hgfs/src/marstv/backend_pomelochat/node_modules/pomelo-logger/test/logTest.js] [11471] [39mtest3
[2014-12-23 00:52:54.123] [ERROR] log - [31m[/mnt/hgfs/src/marstv/backend_pomelochat/node_modules/pomelo-logger/test/logTest.js] [11471] [39mtest3
[2014-12-23 00:52:55.126] [ERROR] log - [31m[/mnt/hgfs/src/marstv/backend_pomelochat/node_modules/pomelo-logger/test/logTest.js] [11471] [39mtest3
[2014-12-23 00:52:56.131] [ERROR] log - [31m[/mnt/hgfs/src/marstv/backend_pomelochat/node_modules/pomelo-logger/test/logTest.js] [11471] [39mtest3
[2014-12-23 00:52:57.133] [ERROR] log - [31m[/mnt/hgfs/src/marstv/backend_pomelochat/node_modules/pomelo-logger/test/logTest.js] [11471] [39mtest3
[2014-12-23 00:52:58.135] [ERROR] log - [31m[/mnt/hgfs/src/marstv/backend_pomelochat/node_modules/pomelo-logger/test/logTest.js] [11471] [39mtest3
[2014-12-23 00:52:59.137] [ERROR] log - [31m[/mnt/hgfs/src/marstv/backend_pomelochat/node_modules/pomelo-logger/test/logTest.js] [11471] [39mtest3
[2014-12-23 00:53:00.139] [ERROR] log - [31m[/mnt/hgfs/src/marstv/backend_pomelochat/node_modules/pomelo-logger/test/logTest.js] [11471] [39mtest3
[2014-12-23 00:53:01.141] [ERROR] log - [31m[/mnt/hgfs/src/marstv/backend_pomelochat/node_modules/pomelo-logger/test/logTest.js] [11471] [39mtest3
[2014-12-23 00:53:02.143] [ERROR] log - [31m[/mnt/hgfs/src/marstv/backend_pomelochat/node_modules/pomelo-logger/test/logTest.js] [11471] [39mtest3
[2014-12-23 00:53:03.147] [ERROR] log - [31m[/mnt/hgfs/src/marstv/backend_pomelochat/node_modules/pomelo-logger/test/logTest.js] [11471] [39mtest3
[2014-12-23 00:53:04.149] [ERROR] log - [31m[/mnt/hgfs/src/marstv/backend_pomelochat/node_modules/pomelo-logger/test/logTest.js] [11471] [39mtest3
[2014-12-23 00:53:05.151] [ERROR] log - [31m[/mnt/hgfs/src/marstv/backend_pomelochat/node_modules/pomelo-logger/test/logTest.js] [11471] [39mtest3
[2014-12-23 00:53:06.153] [ERROR] log - [31m[/mnt/hgfs/src/marstv/backend_pomelochat/node_modules/pomelo-logger/test/logTest.js] [11471] [39mtest3
[2014-12-23 00:53:07.155] [ERROR] log - [31m[/mnt/hgfs/src/marstv/backend_pomelochat/node_modules/pomelo-logger/test/logTest.js] [11471] [39mtest3
[2014-12-23 00:53:08.158] [ERROR] log - [31m[/mnt/hgfs/src/marstv/backend_pomelochat/node_modules/pomelo-logger/test/logTest.js] [11471] [39mtest3
[2014-12-23 00:53:09.161] [ERROR] log - [31m[/mnt/hgfs/src/marstv/backend_pomelochat/node_modules/pomelo-logger/test/logTest.js] [11471] [39mtest3
[2014-12-23 00:53:10.163] [ERROR] log - [31m[/mnt/hgfs/src/marstv/backend_pomelochat/node_modules/pomelo-logger/test/logTest.js] [11471] [39mtest3
[2014-12-23 00:53:11.165] [ERROR] log - [31m[/mnt/hgfs/src/marstv/backend_pomelochat/node_modules/pomelo-logger/test/logTest.js] [11471] [39mtest3
[2014-12-23 00:53:12.167] [ERROR] log - [31m[/mnt/hgfs/src/marstv/backend_pomelochat/node_modules/pomelo-logger/test/logTest.js] [11471] [39mtest3
[2014-12-23 00:53:13.169] [ERROR] log - [31m[/mnt/hgfs/src/marstv/backend_pomelochat/node_modules/pomelo-logger/test/logTest.js] [11471] [39mtest3
[2014-12-23 00:53:14.169] [ERROR] log - [31m[/mnt/hgfs/src/marstv/backend_pomelochat/node_modules/pomelo-logger/test/logTest.js] [11471] [39mtest3
[2014-12-23 00:53:15.172] [ERROR] log - [31m[/mnt/hgfs/src/marstv/backend_pomelochat/node_modules/pomelo-logger/test/logTest.js] [11471] [39mtest3
[2014-12-23 00:53:16.180] [ERROR] log - [31m[/mnt/hgfs/src/marstv/backend_pomelochat/node_modules/pomelo-logger/test/logTest.js] [11471] [39mtest3
[2014-12-23 00:53:17.183] [ERROR] log - [31m[/mnt/hgfs/src/marstv/backend_pomelochat/node_modules/pomelo-logger/test/logTest.js] [11471] [39mtest3
[2014-12-23 00:53:18.191] [ERROR] log - [31m[/mnt/hgfs/src/marstv/backend_pomelochat/node_modules/pomelo-logger/test/logTest.js] [11471] [39mtest3
[2014-12-23 00:53:19.200] [ERROR] log - [31m[/mnt/hgfs/src/marstv/backend_pomelochat/node_modules/pomelo-logger/test/logTest.js] [11471] [39mtest3
[2014-12-23 00:53:20.202] [ERROR] log - [31m[/mnt/hgfs/src/marstv/backend_pomelochat/node_modules/pomelo-logger/test/logTest.js] [11471] [39mtest3
[2014-12-23 00:53:21.206] [ERROR] log - [31m[/mnt/hgfs/src/marstv/backend_pomelochat/node_modules/pomelo-logger/test/logTest.js] [11471] [39mtest3
[2014-12-23 00:53:22.208] [ERROR] log - [31m[/mnt/hgfs/src/marstv/backend_pomelochat/node_modules/pomelo-logger/test/logTest.js] [11471] [39mtest3
[2014-12-23 00:53:23.210] [ERROR] log - [31m[/mnt/hgfs/src/marstv/backend_pomelochat/node_modules/pomelo-logger/test/logTest.js] [11471] [39mtest3
[2014-12-23 00:53:24.211] [ERROR] log - [31m[/mnt/hgfs/src/marstv/backend_pomelochat/node_modules/pomelo-logger/test/logTest.js] [11471] [39mtest3
[2014-12-23 00:53:25.215] [ERROR] log - [31m[/mnt/hgfs/src/marstv/backend_pomelochat/node_modules/pomelo-logger/test/logTest.js] [11471] [39mtest3
[2014-12-23 00:53:26.216] [ERROR] log - [31m[/mnt/hgfs/src/marstv/backend_pomelochat/node_modules/pomelo-logger/test/logTest.js] [11471] [39mtest3
[2014-12-23 00:53:27.218] [ERROR] log - [31m[/mnt/hgfs/src/marstv/backend_pomelochat/node_modules/pomelo-logger/test/logTest.js] [11471] [39mtest3
[2014-12-23 00:53:28.237] [ERROR] log - [31m[/mnt/hgfs/src/marstv/backend_pomelochat/node_modules/pomelo-logger/test/logTest.js] [11471] [39mtest3
[2014-12-23 00:53:29.239] [ERROR] log - [31m[/mnt/hgfs/src/marstv/backend_pomelochat/node_modules/pomelo-logger/test/logTest.js] [11471] [39mtest3
[2014-12-23 00:53:30.241] [ERROR] log - [31m[/mnt/hgfs/src/marstv/backend_pomelochat/node_modules/pomelo-logger/test/logTest.js] [11471] [39mtest3
[2014-12-23 00:53:31.244] [ERROR] log - [31m[/mnt/hgfs/src/marstv/backend_pomelochat/node_modules/pomelo-logger/test/logTest.js] [11471] [39mtest3
[2014-12-23 00:53:32.246] [ERROR] log - [31m[/mnt/hgfs/src/marstv/backend_pomelochat/node_modules/pomelo-logger/test/logTest.js] [11471] [39mtest3
[2014-12-23 00:53:33.249] [ERROR] log - [31m[/mnt/hgfs/src/marstv/backend_pomelochat/node_modules/pomelo-logger/test/logTest.js] [11471] [39mtest3
[2014-12-23 00:53:34.249] [ERROR] log - [31m[/mnt/hgfs/src/marstv/backend_pomelochat/node_modules/pomelo-logger/test/logTest.js] [11471] [39mtest3
[2014-12-23 00:53:35.249] [ERROR] log - [31m[/mnt/hgfs/src/marstv/backend_pomelochat/node_modules/pomelo-logger/test/logTest.js] [11471] [39mtest3
[2014-12-23 00:53:36.250] [ERROR] log - [31m[/mnt/hgfs/src/marstv/backend_pomelochat/node_modules/pomelo-logger/test/logTest.js] [11471] [39mtest3
[2014-12-23 00:53:37.251] [ERROR] log - [31m[/mnt/hgfs/src/marstv/backend_pomelochat/node_modules/pomelo-logger/test/logTest.js] [11471] [39mtest3
[2014-12-23 00:53:38.252] [ERROR] log - [31m[/mnt/hgfs/src/marstv/backend_pomelochat/node_modules/pomelo-logger/test/logTest.js] [11471] [39mtest3
[2014-12-23 00:53:39.253] [ERROR] log - [31m[/mnt/hgfs/src/marstv/backend_pomelochat/node_modules/pomelo-logger/test/logTest.js] [11471] [39mtest3
[2014-12-23 00:53:40.252] [ERROR] log - [31m[/mnt/hgfs/src/marstv/backend_pomelochat/node_modules/pomelo-logger/test/logTest.js] [11471] [39mtest3
[2014-12-23 00:53:41.254] [ERROR] log - [31m[/mnt/hgfs/src/marstv/backend_pomelochat/node_modules/pomelo-logger/test/logTest.js] [11471] [39mtest3
[2014-12-23 00:53:42.255] [ERROR] log - [31m[/mnt/hgfs/src/marstv/backend_pomelochat/node_modules/pomelo-logger/test/logTest.js] [11471] [39mtest3
[2014-12-23 00:53:43.258] [ERROR] log - [31m[/mnt/hgfs/src/marstv/backend_pomelochat/node_modules/pomelo-logger/test/logTest.js] [11471] [39mtest3
[2014-12-23 00:53:44.258] [ERROR] log - [31m[/mnt/hgfs/src/marstv/backend_pomelochat/node_modules/pomelo-logger/test/logTest.js] [11471] [39mtest3
[2014-12-23 00:53:45.259] [ERROR] log - [31m[/mnt/hgfs/src/marstv/backend_pomelochat/node_modules/pomelo-logger/test/logTest.js] [11471] [39mtest3
[2014-12-23 00:53:46.259] [ERROR] log - [31m[/mnt/hgfs/src/marstv/backend_pomelochat/node_modules/pomelo-logger/test/logTest.js] [11471] [39mtest3
[2014-12-23 00:53:47.260] [ERROR] log - [31m[/mnt/hgfs/src/marstv/backend_pomelochat/node_modules/pomelo-logger/test/logTest.js] [11471] [39mtest3
[2014-12-23 00:53:48.260] [ERROR] log - [31m[/mnt/hgfs/src/marstv/backend_pomelochat/node_modules/pomelo-logger/test/logTest.js] [11471] [39mtest3
[2014-12-23 00:53:49.262] [ERROR] log - [31m[/mnt/hgfs/src/marstv/backend_pomelochat/node_modules/pomelo-logger/test/logTest.js] [11471] [39mtest3
[2014-12-23 00:53:50.262] [ERROR] log - [31m[/mnt/hgfs/src/marstv/backend_pomelochat/node_modules/pomelo-logger/test/logTest.js] [11471] [39mtest3
[2014-12-23 00:53:51.265] [ERROR] log - [31m[/mnt/hgfs/src/marstv/backend_pomelochat/node_modules/pomelo-logger/test/logTest.js] [11471] [39mtest3
[2014-12-23 00:53:52.267] [ERROR] log - [31m[/mnt/hgfs/src/marstv/backend_pomelochat/node_modules/pomelo-logger/test/logTest.js] [11471] [39mtest3
[2014-12-23 00:53:53.270] [ERROR] log - [31m[/mnt/hgfs/src/marstv/backend_pomelochat/node_modules/pomelo-logger/test/logTest.js] [11471] [39mtest3
[2014-12-23 00:53:54.271] [ERROR] log - [31m[/mnt/hgfs/src/marstv/backend_pomelochat/node_modules/pomelo-logger/test/logTest.js] [11471] [39mtest3
[2014-12-23 00:53:55.273] [ERROR] log - [31m[/mnt/hgfs/src/marstv/backend_pomelochat/node_modules/pomelo-logger/test/logTest.js] [11471] [39mtest3
[2014-12-23 00:53:56.274] [ERROR] log - [31m[/mnt/hgfs/src/marstv/backend_pomelochat/node_modules/pomelo-logger/test/logTest.js] [11471] [39mtest3
[2014-12-23 00:53:57.275] [ERROR] log - [31m[/mnt/hgfs/src/marstv/backend_pomelochat/node_modules/pomelo-logger/test/logTest.js] [11471] [39mtest3
[2014-12-23 00:53:58.276] [ERROR] log - [31m[/mnt/hgfs/src/marstv/backend_pomelochat/node_modules/pomelo-logger/test/logTest.js] [11471] [39mtest3
[2014-12-23 00:53:59.279] [ERROR] log - [31m[/mnt/hgfs/src/marstv/backend_pomelochat/node_modules/pomelo-logger/test/logTest.js] [11471] [39mtest3
[2014-12-23 00:54:00.280] [ERROR] log - [31m[/mnt/hgfs/src/marstv/backend_pomelochat/node_modules/pomelo-logger/test/logTest.js] [11471] [39mtest3
[2014-12-23 00:54:01.281] [ERROR] log - [31m[/mnt/hgfs/src/marstv/backend_pomelochat/node_modules/pomelo-logger/test/logTest.js] [11471] [39mtest3
[2014-12-23 00:54:02.282] [ERROR] log - [31m[/mnt/hgfs/src/marstv/backend_pomelochat/node_modules/pomelo-logger/test/logTest.js] [11471] [39mtest3
[2014-12-23 00:54:03.283] [ERROR] log - [31m[/mnt/hgfs/src/marstv/backend_pomelochat/node_modules/pomelo-logger/test/logTest.js] [11471] [39mtest3
[2014-12-23 00:54:04.284] [ERROR] log - [31m[/mnt/hgfs/src/marstv/backend_pomelochat/node_modules/pomelo-logger/test/logTest.js] [11471] [39mtest3
[2014-12-23 00:54:05.285] [ERROR] log - [31m[/mnt/hgfs/src/marstv/backend_pomelochat/node_modules/pomelo-logger/test/logTest.js] [11471] [39mtest3
[2014-12-23 00:54:06.286] [ERROR] log - [31m[/mnt/hgfs/src/marstv/backend_pomelochat/node_modules/pomelo-logger/test/logTest.js] [11471] [39mtest3
[2014-12-23 00:54:07.287] [ERROR] log - [31m[/mnt/hgfs/src/marstv/backend_pomelochat/node_modules/pomelo-logger/test/logTest.js] [11471] [39mtest3
[2014-12-23 00:54:08.288] [ERROR] log - [31m[/mnt/hgfs/src/marstv/backend_pomelochat/node_modules/pomelo-logger/test/logTest.js] [11471] [39mtest3
[2014-12-23 00:54:09.291] [ERROR] log - [31m[/mnt/hgfs/src/marstv/backend_pomelochat/node_modules/pomelo-logger/test/logTest.js] [11471] [39mtest3
[2014-12-23 00:54:10.293] [ERROR] log - [31m[/mnt/hgfs/src/marstv/backend_pomelochat/node_modules/pomelo-logger/test/logTest.js] [11471] [39mtest3
[2014-12-23 00:54:11.295] [ERROR] log - [31m[/mnt/hgfs/src/marstv/backend_pomelochat/node_modules/pomelo-logger/test/logTest.js] [11471] [39mtest3
[2014-12-23 00:54:12.297] [ERROR] log - [31m[/mnt/hgfs/src/marstv/backend_pomelochat/node_modules/pomelo-logger/test/logTest.js] [11471] [39mtest3
[2014-12-23 00:54:13.299] [ERROR] log - [31m[/mnt/hgfs/src/marstv/backend_pomelochat/node_modules/pomelo-logger/test/logTest.js] [11471] [39mtest3
[2014-12-23 00:54:14.301] [ERROR] log - [31m[/mnt/hgfs/src/marstv/backend_pomelochat/node_modules/pomelo-logger/test/logTest.js] [11471] [39mtest3
[2014-12-23 00:54:15.303] [ERROR] log - [31m[/mnt/hgfs/src/marstv/backend_pomelochat/node_modules/pomelo-logger/test/logTest.js] [11471] [39mtest3
[2014-12-23 00:54:16.305] [ERROR] log - [31m[/mnt/hgfs/src/marstv/backend_pomelochat/node_modules/pomelo-logger/test/logTest.js] [11471] [39mtest3
[2014-12-23 00:54:17.307] [ERROR] log - [31m[/mnt/hgfs/src/marstv/backend_pomelochat/node_modules/pomelo-logger/test/logTest.js] [11471] [39mtest3
[2014-12-23 00:54:18.309] [ERROR] log - [31m[/mnt/hgfs/src/marstv/backend_pomelochat/node_modules/pomelo-logger/test/logTest.js] [11471] [39mtest3
[2014-12-23 00:54:19.311] [ERROR] log - [31m[/mnt/hgfs/src/marstv/backend_pomelochat/node_modules/pomelo-logger/test/logTest.js] [11471] [39mtest3
[2014-12-23 00:54:20.313] [ERROR] log - [31m[/mnt/hgfs/src/marstv/backend_pomelochat/node_modules/pomelo-logger/test/logTest.js] [11471] [39mtest3
[2014-12-23 00:54:21.314] [ERROR] log - [31m[/mnt/hgfs/src/marstv/backend_pomelochat/node_modules/pomelo-logger/test/logTest.js] [11471] [39mtest3
[2014-12-23 00:54:22.315] [ERROR] log - [31m[/mnt/hgfs/src/marstv/backend_pomelochat/node_modules/pomelo-logger/test/logTest.js] [11471] [39mtest3
[2014-12-23 00:54:23.316] [ERROR] log - [31m[/mnt/hgfs/src/marstv/backend_pomelochat/node_modules/pomelo-logger/test/logTest.js] [11471] [39mtest3
[2014-12-23 00:54:24.318] [ERROR] log - [31m[/mnt/hgfs/src/marstv/backend_pomelochat/node_modules/pomelo-logger/test/logTest.js] [11471] [39mtest3
[2014-12-23 00:54:25.320] [ERROR] log - [31m[/mnt/hgfs/src/marstv/backend_pomelochat/node_modules/pomelo-logger/test/logTest.js] [11471] [39mtest3
[2014-12-23 00:54:26.321] [ERROR] log - [31m[/mnt/hgfs/src/marstv/backend_pomelochat/node_modules/pomelo-logger/test/logTest.js] [11471] [39mtest3
[2014-12-23 00:54:27.322] [ERROR] log - [31m[/mnt/hgfs/src/marstv/backend_pomelochat/node_modules/pomelo-logger/test/logTest.js] [11471] [39mtest3
[2014-12-23 00:54:28.323] [ERROR] log - [31m[/mnt/hgfs/src/marstv/backend_pomelochat/node_modules/pomelo-logger/test/logTest.js] [11471] [39mtest3
[2014-12-23 00:54:29.323] [ERROR] log - [31m[/mnt/hgfs/src/marstv/backend_pomelochat/node_modules/pomelo-logger/test/logTest.js] [11471] [39mtest3
[2014-12-23 00:55:43.347] [ERROR] log - [31m[/mnt/hgfs/src/marstv/backend_pomelochat/node_modules/pomelo-logger/test/logTest.js] [11477] [39mtest3
[2014-12-23 00:55:44.350] [ERROR] log - [31m[/mnt/hgfs/src/marstv/backend_pomelochat/node_modules/pomelo-logger/test/logTest.js] [11477] [39mtest3
[2014-12-23 00:55:45.352] [ERROR] log - [31m[/mnt/hgfs/src/marstv/backend_pomelochat/node_modules/pomelo-logger/test/logTest.js] [11477] [39mtest3
[2014-12-23 00:56:28.197] [ERROR] log - [31m[/mnt/hgfs/src/marstv/backend_pomelochat/node_modules/pomelo-logger/test/logTest.js] [11485] [39mtest3
[2014-12-23 00:57:00.786] [ERROR] log - [31m[/mnt/hgfs/src/marstv/backend_pomelochat/node_modules/pomelo-logger/test/logTest.js] [11493] [39mtest3
[2014-12-23 00:57:01.790] [ERROR] log - [31m[/mnt/hgfs/src/marstv/backend_pomelochat/node_modules/pomelo-logger/test/logTest.js] [11493] [39mtest3
[2014-12-23 01:02:55.121] [ERROR] log - [31m[/mnt/hgfs/src/marstv/backend_pomelochat/node_modules/pomelo-logger/test/logTest.js] [11519] [39mtest3
[2014-12-23 01:02:56.125] [ERROR] log - [31m[/mnt/hgfs/src/marstv/backend_pomelochat/node_modules/pomelo-logger/test/logTest.js] [11519] [39mtest3
[2014-12-23 01:02:57.126] [ERROR] log - [31m[/mnt/hgfs/src/marstv/backend_pomelochat/node_modules/pomelo-logger/test/logTest.js] [11519] [39mtest3
[2014-12-23 01:11:26.731] [INFO] log - [32m7: [/mnt/hgfs/src/marstv/backend_pomelochat/node_modules/pomelo-logger/test/logTest.js] [11534] [39mtest1
[2014-12-23 01:11:26.733] [WARN] log - [33m8: [/mnt/hgfs/src/marstv/backend_pomelochat/node_modules/pomelo-logger/test/logTest.js] [11534] [39mtest2
[2014-12-23 01:11:26.735] [ERROR] log - [31m9: [/mnt/hgfs/src/marstv/backend_pomelochat/node_modules/pomelo-logger/test/logTest.js] [11534] [39mtest3
[2014-12-23 01:11:27.735] [INFO] log - [32m7: [/mnt/hgfs/src/marstv/backend_pomelochat/node_modules/pomelo-logger/test/logTest.js] [11534] [39mtest1
[2014-12-23 01:11:27.735] [WARN] log - [33m8: [/mnt/hgfs/src/marstv/backend_pomelochat/node_modules/pomelo-logger/test/logTest.js] [11534] [39mtest2
[2014-12-23 01:11:27.735] [ERROR] log - [31m9: [/mnt/hgfs/src/marstv/backend_pomelochat/node_modules/pomelo-logger/test/logTest.js] [11534] [39mtest3
[2014-12-23 01:11:28.737] [INFO] log - [32m7: [/mnt/hgfs/src/marstv/backend_pomelochat/node_modules/pomelo-logger/test/logTest.js] [11534] [39mtest1
[2014-12-23 01:11:28.738] [WARN] log - [33m8: [/mnt/hgfs/src/marstv/backend_pomelochat/node_modules/pomelo-logger/test/logTest.js] [11534] [39mtest2
[2014-12-23 01:11:28.738] [ERROR] log - [31m9: [/mnt/hgfs/src/marstv/backend_pomelochat/node_modules/pomelo-logger/test/logTest.js] [11534] [39mtest3
[2014-12-23 01:13:53.737] [INFO] console - [/mnt/hgfs/src/marstv/backend_pomelochat/node_modules/pomelo-logger/test/logTest.js] [11540] 
[2014-12-23 01:13:53.742] [INFO] log - [32m7: [/mnt/hgfs/src/marstv/backend_pomelochat/node_modules/pomelo-logger/test/logTest.js] [11540] [39mtest1
[2014-12-23 01:13:53.742] [INFO] console - [/mnt/hgfs/src/marstv/backend_pomelochat/node_modules/pomelo-logger/test/logTest.js] [11540] 
[2014-12-23 01:13:53.742] [WARN] log - [33m8: [/mnt/hgfs/src/marstv/backend_pomelochat/node_modules/pomelo-logger/test/logTest.js] [11540] [39mtest2
[2014-12-23 01:13:53.742] [INFO] console - [/mnt/hgfs/src/marstv/backend_pomelochat/node_modules/pomelo-logger/test/logTest.js] [11540] 
[2014-12-23 01:13:53.745] [ERROR] log - [31m9: [/mnt/hgfs/src/marstv/backend_pomelochat/node_modules/pomelo-logger/test/logTest.js] [11540] [39mtest3
[2014-12-23 01:13:54.744] [INFO] console - [/mnt/hgfs/src/marstv/backend_pomelochat/node_modules/pomelo-logger/test/logTest.js] [11540] 
[2014-12-23 01:13:54.744] [INFO] log - [32m7: [/mnt/hgfs/src/marstv/backend_pomelochat/node_modules/pomelo-logger/test/logTest.js] [11540] [39mtest1
[2014-12-23 01:13:54.745] [INFO] console - [/mnt/hgfs/src/marstv/backend_pomelochat/node_modules/pomelo-logger/test/logTest.js] [11540] 
[2014-12-23 01:13:54.745] [WARN] log - [33m8: [/mnt/hgfs/src/marstv/backend_pomelochat/node_modules/pomelo-logger/test/logTest.js] [11540] [39mtest2
[2014-12-23 01:13:54.745] [INFO] console - [/mnt/hgfs/src/marstv/backend_pomelochat/node_modules/pomelo-logger/test/logTest.js] [11540] 
[2014-12-23 01:13:54.746] [ERROR] log - [31m9: [/mnt/hgfs/src/marstv/backend_pomelochat/node_modules/pomelo-logger/test/logTest.js] [11540] [39mtest3
[2014-12-23 01:13:55.748] [INFO] console - [/mnt/hgfs/src/marstv/backend_pomelochat/node_modules/pomelo-logger/test/logTest.js] [11540] 
[2014-12-23 01:13:55.748] [INFO] log - [32m7: [/mnt/hgfs/src/marstv/backend_pomelochat/node_modules/pomelo-logger/test/logTest.js] [11540] [39mtest1
[2014-12-23 01:13:55.748] [INFO] console - [/mnt/hgfs/src/marstv/backend_pomelochat/node_modules/pomelo-logger/test/logTest.js] [11540] 
[2014-12-23 01:13:55.748] [WARN] log - [33m8: [/mnt/hgfs/src/marstv/backend_pomelochat/node_modules/pomelo-logger/test/logTest.js] [11540] [39mtest2
[2014-12-23 01:13:55.748] [INFO] console - [/mnt/hgfs/src/marstv/backend_pomelochat/node_modules/pomelo-logger/test/logTest.js] [11540] 
[2014-12-23 01:13:55.750] [ERROR] log - [31m9: [/mnt/hgfs/src/marstv/backend_pomelochat/node_modules/pomelo-logger/test/logTest.js] [11540] [39mtest3
[2014-12-23 01:14:24.394] [INFO] log - [32m7: [/mnt/hgfs/src/marstv/backend_pomelochat/node_modules/pomelo-logger/test/logTest.js] [11546] [39mtest1
[2014-12-23 01:14:24.396] [WARN] log - [33m8: [/mnt/hgfs/src/marstv/backend_pomelochat/node_modules/pomelo-logger/test/logTest.js] [11546] [39mtest2
[2014-12-23 01:14:24.398] [ERROR] log - [31m9: [/mnt/hgfs/src/marstv/backend_pomelochat/node_modules/pomelo-logger/test/logTest.js] [11546] [39mtest3
[2014-12-23 01:14:25.399] [INFO] log - [32m7: [/mnt/hgfs/src/marstv/backend_pomelochat/node_modules/pomelo-logger/test/logTest.js] [11546] [39mtest1
[2014-12-23 01:14:25.400] [WARN] log - [33m8: [/mnt/hgfs/src/marstv/backend_pomelochat/node_modules/pomelo-logger/test/logTest.js] [11546] [39mtest2
[2014-12-23 01:14:25.400] [ERROR] log - [31m9: [/mnt/hgfs/src/marstv/backend_pomelochat/node_modules/pomelo-logger/test/logTest.js] [11546] [39mtest3
[2014-12-23 01:14:49.596] [INFO] log - [32m7: [/mnt/hgfs/src/marstv/backend_pomelochat/node_modules/pomelo-logger/test/logTest.js] [11552] [39mtest1
[2014-12-23 01:14:49.599] [WARN] log - [33m8: [/mnt/hgfs/src/marstv/backend_pomelochat/node_modules/pomelo-logger/test/logTest.js] [11552] [39mtest2
[2014-12-23 01:14:49.601] [ERROR] log - [31m9: [/mnt/hgfs/src/marstv/backend_pomelochat/node_modules/pomelo-logger/test/logTest.js] [11552] [39mtest3
[2014-12-23 01:14:50.603] [INFO] log - [32m7: [/mnt/hgfs/src/marstv/backend_pomelochat/node_modules/pomelo-logger/test/logTest.js] [11552] [39mtest1
[2014-12-23 01:14:50.603] [WARN] log - [33m8: [/mnt/hgfs/src/marstv/backend_pomelochat/node_modules/pomelo-logger/test/logTest.js] [11552] [39mtest2
[2014-12-23 01:14:50.604] [ERROR] log - [31m9: [/mnt/hgfs/src/marstv/backend_pomelochat/node_modules/pomelo-logger/test/logTest.js] [11552] [39mtest3
[2014-12-23 01:19:31.812] [INFO] log - [32m7: [/mnt/hgfs/src/marstv/backend_pomelochat/node_modules/pomelo-logger/test/logTest.js] [11558] [39mtest1
[2014-12-23 01:19:31.814] [WARN] log - [33m8: [/mnt/hgfs/src/marstv/backend_pomelochat/node_modules/pomelo-logger/test/logTest.js] [11558] [39mtest2
[2014-12-23 01:19:31.816] [ERROR] log - [31m9: [/mnt/hgfs/src/marstv/backend_pomelochat/node_modules/pomelo-logger/test/logTest.js] [11558] [39mtest3
[2014-12-23 01:19:32.816] [INFO] log - [32m7: [/mnt/hgfs/src/marstv/backend_pomelochat/node_modules/pomelo-logger/test/logTest.js] [11558] [39mtest1
[2014-12-23 01:19:32.817] [WARN] log - [33m8: [/mnt/hgfs/src/marstv/backend_pomelochat/node_modules/pomelo-logger/test/logTest.js] [11558] [39mtest2
[2014-12-23 01:19:32.817] [ERROR] log - [31m9: [/mnt/hgfs/src/marstv/backend_pomelochat/node_modules/pomelo-logger/test/logTest.js] [11558] [39mtest3
[2014-12-23 01:19:33.818] [INFO] log - [32m7: [/mnt/hgfs/src/marstv/backend_pomelochat/node_modules/pomelo-logger/test/logTest.js] [11558] [39mtest1
[2014-12-23 01:19:33.819] [WARN] log - [33m8: [/mnt/hgfs/src/marstv/backend_pomelochat/node_modules/pomelo-logger/test/logTest.js] [11558] [39mtest2
[2014-12-23 01:19:33.819] [ERROR] log - [31m9: [/mnt/hgfs/src/marstv/backend_pomelochat/node_modules/pomelo-logger/test/logTest.js] [11558] [39mtest3
[2014-12-23 01:20:18.442] [INFO] log - [32m7: [/mnt/hgfs/src/marstv/backend_pomelochat/node_modules/pomelo-logger/test/logTest.js] [11567] [39mtest1
[2014-12-23 01:20:18.445] [WARN] log - [33m8: [/mnt/hgfs/src/marstv/backend_pomelochat/node_modules/pomelo-logger/test/logTest.js] [11567] [39mtest2
[2014-12-23 01:20:18.447] [ERROR] log - [31m9: [/mnt/hgfs/src/marstv/backend_pomelochat/node_modules/pomelo-logger/test/logTest.js] [11567] [39mtest3
[2014-12-23 01:20:19.447] [INFO] log - [32m7: [/mnt/hgfs/src/marstv/backend_pomelochat/node_modules/pomelo-logger/test/logTest.js] [11567] [39mtest1
[2014-12-23 01:20:19.447] [WARN] log - [33m8: [/mnt/hgfs/src/marstv/backend_pomelochat/node_modules/pomelo-logger/test/logTest.js] [11567] [39mtest2
[2014-12-23 01:20:19.447] [ERROR] log - [31m9: [/mnt/hgfs/src/marstv/backend_pomelochat/node_modules/pomelo-logger/test/logTest.js] [11567] [39mtest3
[2014-12-23 01:20:20.448] [INFO] log - [32m7: [/mnt/hgfs/src/marstv/backend_pomelochat/node_modules/pomelo-logger/test/logTest.js] [11567] [39mtest1
[2014-12-23 01:20:20.449] [WARN] log - [33m8: [/mnt/hgfs/src/marstv/backend_pomelochat/node_modules/pomelo-logger/test/logTest.js] [11567] [39mtest2
[2014-12-23 01:20:20.449] [ERROR] log - [31m9: [/mnt/hgfs/src/marstv/backend_pomelochat/node_modules/pomelo-logger/test/logTest.js] [11567] [39mtest3
[2014-12-23 01:20:21.451] [INFO] log - [32m7: [/mnt/hgfs/src/marstv/backend_pomelochat/node_modules/pomelo-logger/test/logTest.js] [11567] [39mtest1
[2014-12-23 01:20:21.452] [WARN] log - [33m8: [/mnt/hgfs/src/marstv/backend_pomelochat/node_modules/pomelo-logger/test/logTest.js] [11567] [39mtest2
[2014-12-23 01:20:21.452] [ERROR] log - [31m9: [/mnt/hgfs/src/marstv/backend_pomelochat/node_modules/pomelo-logger/test/logTest.js] [11567] [39mtest3
[2014-12-23 01:20:22.455] [INFO] log - [32m7: [/mnt/hgfs/src/marstv/backend_pomelochat/node_modules/pomelo-logger/test/logTest.js] [11567] [39mtest1
[2014-12-23 01:20:22.456] [WARN] log - [33m8: [/mnt/hgfs/src/marstv/backend_pomelochat/node_modules/pomelo-logger/test/logTest.js] [11567] [39mtest2
[2014-12-23 01:20:22.458] [ERROR] log - [31m9: [/mnt/hgfs/src/marstv/backend_pomelochat/node_modules/pomelo-logger/test/logTest.js] [11567] [39mtest3
[2014-12-23 01:20:23.460] [INFO] log - [32m7: [/mnt/hgfs/src/marstv/backend_pomelochat/node_modules/pomelo-logger/test/logTest.js] [11567] [39mtest1
[2014-12-23 01:20:23.460] [WARN] log - [33m8: [/mnt/hgfs/src/marstv/backend_pomelochat/node_modules/pomelo-logger/test/logTest.js] [11567] [39mtest2
[2014-12-23 01:20:23.463] [ERROR] log - [31m9: [/mnt/hgfs/src/marstv/backend_pomelochat/node_modules/pomelo-logger/test/logTest.js] [11567] [39mtest3
[2014-12-23 01:20:24.465] [INFO] log - [32m7: [/mnt/hgfs/src/marstv/backend_pomelochat/node_modules/pomelo-logger/test/logTest.js] [11567] [39mtest1
[2014-12-23 01:20:24.465] [WARN] log - [33m8: [/mnt/hgfs/src/marstv/backend_pomelochat/node_modules/pomelo-logger/test/logTest.js] [11567] [39mtest2
[2014-12-23 01:20:24.465] [ERROR] log - [31m9: [/mnt/hgfs/src/marstv/backend_pomelochat/node_modules/pomelo-logger/test/logTest.js] [11567] [39mtest3
[2014-12-23 01:20:25.467] [INFO] log - [32m7: [/mnt/hgfs/src/marstv/backend_pomelochat/node_modules/pomelo-logger/test/logTest.js] [11567] [39mtest1
[2014-12-23 01:20:25.467] [WARN] log - [33m8: [/mnt/hgfs/src/marstv/backend_pomelochat/node_modules/pomelo-logger/test/logTest.js] [11567] [39mtest2
[2014-12-23 01:20:25.467] [ERROR] log - [31m9: [/mnt/hgfs/src/marstv/backend_pomelochat/node_modules/pomelo-logger/test/logTest.js] [11567] [39mtest3
[2014-12-23 01:23:47.466] [INFO] log - [32m7: [/mnt/hgfs/src/marstv/backend_pomelochat/node_modules/pomelo-logger/test/logTest.js] [11573] [39mtest1
[2014-12-23 01:23:47.468] [WARN] log - [33m8: [/mnt/hgfs/src/marstv/backend_pomelochat/node_modules/pomelo-logger/test/logTest.js] [11573] [39mtest2
[2014-12-23 01:23:47.469] [ERROR] log - [31m9: [/mnt/hgfs/src/marstv/backend_pomelochat/node_modules/pomelo-logger/test/logTest.js] [11573] [39mtest3
[2014-12-23 01:23:48.471] [INFO] log - [32m7: [/mnt/hgfs/src/marstv/backend_pomelochat/node_modules/pomelo-logger/test/logTest.js] [11573] [39mtest1
[2014-12-23 01:23:48.471] [WARN] log - [33m8: [/mnt/hgfs/src/marstv/backend_pomelochat/node_modules/pomelo-logger/test/logTest.js] [11573] [39mtest2
[2014-12-23 01:23:48.471] [ERROR] log - [31m9: [/mnt/hgfs/src/marstv/backend_pomelochat/node_modules/pomelo-logger/test/logTest.js] [11573] [39mtest3
[2014-12-23 01:23:49.474] [INFO] log - [32m7: [/mnt/hgfs/src/marstv/backend_pomelochat/node_modules/pomelo-logger/test/logTest.js] [11573] [39mtest1
[2014-12-23 01:23:49.474] [WARN] log - [33m8: [/mnt/hgfs/src/marstv/backend_pomelochat/node_modules/pomelo-logger/test/logTest.js] [11573] [39mtest2
[2014-12-23 01:23:49.474] [ERROR] log - [31m9: [/mnt/hgfs/src/marstv/backend_pomelochat/node_modules/pomelo-logger/test/logTest.js] [11573] [39mtest3
[2014-12-23 01:23:50.475] [INFO] log - [32m7: [/mnt/hgfs/src/marstv/backend_pomelochat/node_modules/pomelo-logger/test/logTest.js] [11573] [39mtest1
[2014-12-23 01:23:50.475] [WARN] log - [33m8: [/mnt/hgfs/src/marstv/backend_pomelochat/node_modules/pomelo-logger/test/logTest.js] [11573] [39mtest2
[2014-12-23 01:23:50.476] [ERROR] log - [31m9: [/mnt/hgfs/src/marstv/backend_pomelochat/node_modules/pomelo-logger/test/logTest.js] [11573] [39mtest3
[2014-12-23 01:23:51.477] [INFO] log - [32m7: [/mnt/hgfs/src/marstv/backend_pomelochat/node_modules/pomelo-logger/test/logTest.js] [11573] [39mtest1
[2014-12-23 01:23:51.477] [WARN] log - [33m8: [/mnt/hgfs/src/marstv/backend_pomelochat/node_modules/pomelo-logger/test/logTest.js] [11573] [39mtest2
[2014-12-23 01:23:51.480] [ERROR] log - [31m9: [/mnt/hgfs/src/marstv/backend_pomelochat/node_modules/pomelo-logger/test/logTest.js] [11573] [39mtest3
[2014-12-23 01:23:52.481] [INFO] log - [32m7: [/mnt/hgfs/src/marstv/backend_pomelochat/node_modules/pomelo-logger/test/logTest.js] [11573] [39mtest1
[2014-12-23 01:23:52.481] [WARN] log - [33m8: [/mnt/hgfs/src/marstv/backend_pomelochat/node_modules/pomelo-logger/test/logTest.js] [11573] [39mtest2
[2014-12-23 01:23:52.485] [ERROR] log - [31m9: [/mnt/hgfs/src/marstv/backend_pomelochat/node_modules/pomelo-logger/test/logTest.js] [11573] [39mtest3
[2014-12-23 01:23:53.487] [INFO] log - [32m7: [/mnt/hgfs/src/marstv/backend_pomelochat/node_modules/pomelo-logger/test/logTest.js] [11573] [39mtest1
[2014-12-23 01:23:53.487] [WARN] log - [33m8: [/mnt/hgfs/src/marstv/backend_pomelochat/node_modules/pomelo-logger/test/logTest.js] [11573] [39mtest2
[2014-12-23 01:23:53.488] [ERROR] log - [31m9: [/mnt/hgfs/src/marstv/backend_pomelochat/node_modules/pomelo-logger/test/logTest.js] [11573] [39mtest3
[2014-12-23 01:23:54.490] [INFO] log - [32m7: [/mnt/hgfs/src/marstv/backend_pomelochat/node_modules/pomelo-logger/test/logTest.js] [11573] [39mtest1
[2014-12-23 01:23:54.490] [WARN] log - [33m8: [/mnt/hgfs/src/marstv/backend_pomelochat/node_modules/pomelo-logger/test/logTest.js] [11573] [39mtest2
[2014-12-23 01:23:54.492] [ERROR] log - [31m9: [/mnt/hgfs/src/marstv/backend_pomelochat/node_modules/pomelo-logger/test/logTest.js] [11573] [39mtest3
[2014-12-23 01:23:55.493] [INFO] log - [32m7: [/mnt/hgfs/src/marstv/backend_pomelochat/node_modules/pomelo-logger/test/logTest.js] [11573] [39mtest1
[2014-12-23 01:23:55.494] [WARN] log - [33m8: [/mnt/hgfs/src/marstv/backend_pomelochat/node_modules/pomelo-logger/test/logTest.js] [11573] [39mtest2
[2014-12-23 01:23:55.497] [ERROR] log - [31m9: [/mnt/hgfs/src/marstv/backend_pomelochat/node_modules/pomelo-logger/test/logTest.js] [11573] [39mtest3
[2014-12-23 01:24:26.905] [INFO] log - [32m7: [/mnt/hgfs/src/marstv/backend_pomelochat/node_modules/pomelo-logger/test/logTest.js] [11579] [39mtest1
[2014-12-23 01:24:26.907] [WARN] log - [33m8: [/mnt/hgfs/src/marstv/backend_pomelochat/node_modules/pomelo-logger/test/logTest.js] [11579] [39mtest2
[2014-12-23 01:24:26.909] [ERROR] log - [31m9: [/mnt/hgfs/src/marstv/backend_pomelochat/node_modules/pomelo-logger/test/logTest.js] [11579] [39mtest3
[2014-12-23 01:24:27.911] [INFO] log - [32m7: [/mnt/hgfs/src/marstv/backend_pomelochat/node_modules/pomelo-logger/test/logTest.js] [11579] [39mtest1
[2014-12-23 01:24:27.911] [WARN] log - [33m8: [/mnt/hgfs/src/marstv/backend_pomelochat/node_modules/pomelo-logger/test/logTest.js] [11579] [39mtest2
[2014-12-23 01:24:27.911] [ERROR] log - [31m9: [/mnt/hgfs/src/marstv/backend_pomelochat/node_modules/pomelo-logger/test/logTest.js] [11579] [39mtest3
[2014-12-23 01:24:28.912] [INFO] log - [32m7: [/mnt/hgfs/src/marstv/backend_pomelochat/node_modules/pomelo-logger/test/logTest.js] [11579] [39mtest1
[2014-12-23 01:24:28.912] [WARN] log - [33m8: [/mnt/hgfs/src/marstv/backend_pomelochat/node_modules/pomelo-logger/test/logTest.js] [11579] [39mtest2
[2014-12-23 01:24:28.913] [ERROR] log - [31m9: [/mnt/hgfs/src/marstv/backend_pomelochat/node_modules/pomelo-logger/test/logTest.js] [11579] [39mtest3
[2014-12-23 01:24:29.916] [INFO] log - [32m7: [/mnt/hgfs/src/marstv/backend_pomelochat/node_modules/pomelo-logger/test/logTest.js] [11579] [39mtest1
[2014-12-23 01:24:29.916] [WARN] log - [33m8: [/mnt/hgfs/src/marstv/backend_pomelochat/node_modules/pomelo-logger/test/logTest.js] [11579] [39mtest2
[2014-12-23 01:24:29.916] [ERROR] log - [31m9: [/mnt/hgfs/src/marstv/backend_pomelochat/node_modules/pomelo-logger/test/logTest.js] [11579] [39mtest3
[2014-12-23 01:24:30.921] [INFO] log - [32m7: [/mnt/hgfs/src/marstv/backend_pomelochat/node_modules/pomelo-logger/test/logTest.js] [11579] [39mtest1
[2014-12-23 01:24:30.922] [WARN] log - [33m8: [/mnt/hgfs/src/marstv/backend_pomelochat/node_modules/pomelo-logger/test/logTest.js] [11579] [39mtest2
[2014-12-23 01:24:30.924] [ERROR] log - [31m9: [/mnt/hgfs/src/marstv/backend_pomelochat/node_modules/pomelo-logger/test/logTest.js] [11579] [39mtest3
[2014-12-23 01:24:31.692] [INFO] console - reload log config file ./log4js.json mtime=1419326671000
[2014-12-23 01:24:31.694] [INFO] console - { appenders: 
   [ { type: 'file',
       filename: './test.log',
       fileSize: 10485760,
       layout: [Object],
       backups: 5 },
     { type: 'console' } ],
  levels: { '[all]': 'INFO' },
  replaceConsole: true,
  lineDebug: true,
  reloadSecs: 1 }
[2014-12-23 01:27:39.928] [INFO] log - [32m7: [/mnt/hgfs/src/marstv/backend_pomelochat/node_modules/pomelo-logger/test/logTest.js] [11585] [39mtest1
[2014-12-23 01:27:39.931] [WARN] log - [33m8: [/mnt/hgfs/src/marstv/backend_pomelochat/node_modules/pomelo-logger/test/logTest.js] [11585] [39mtest2
[2014-12-23 01:27:39.932] [ERROR] log - [31m9: [/mnt/hgfs/src/marstv/backend_pomelochat/node_modules/pomelo-logger/test/logTest.js] [11585] [39mtest3
[2014-12-23 01:27:40.934] [INFO] log - [32m7: [/mnt/hgfs/src/marstv/backend_pomelochat/node_modules/pomelo-logger/test/logTest.js] [11585] [39mtest1
[2014-12-23 01:27:40.934] [WARN] log - [33m8: [/mnt/hgfs/src/marstv/backend_pomelochat/node_modules/pomelo-logger/test/logTest.js] [11585] [39mtest2
[2014-12-23 01:27:40.934] [ERROR] log - [31m9: [/mnt/hgfs/src/marstv/backend_pomelochat/node_modules/pomelo-logger/test/logTest.js] [11585] [39mtest3
[2014-12-23 01:27:41.936] [INFO] log - [32m7: [/mnt/hgfs/src/marstv/backend_pomelochat/node_modules/pomelo-logger/test/logTest.js] [11585] [39mtest1
[2014-12-23 01:27:41.937] [WARN] log - [33m8: [/mnt/hgfs/src/marstv/backend_pomelochat/node_modules/pomelo-logger/test/logTest.js] [11585] [39mtest2
[2014-12-23 01:27:41.937] [ERROR] log - [31m9: [/mnt/hgfs/src/marstv/backend_pomelochat/node_modules/pomelo-logger/test/logTest.js] [11585] [39mtest3
[2014-12-23 01:27:42.940] [INFO] log - [32m7: [/mnt/hgfs/src/marstv/backend_pomelochat/node_modules/pomelo-logger/test/logTest.js] [11585] [39mtest1
[2014-12-23 01:27:42.941] [WARN] log - [33m8: [/mnt/hgfs/src/marstv/backend_pomelochat/node_modules/pomelo-logger/test/logTest.js] [11585] [39mtest2
[2014-12-23 01:27:42.941] [ERROR] log - [31m9: [/mnt/hgfs/src/marstv/backend_pomelochat/node_modules/pomelo-logger/test/logTest.js] [11585] [39mtest3
[2014-12-23 01:27:43.941] [INFO] log - [32m7: [/mnt/hgfs/src/marstv/backend_pomelochat/node_modules/pomelo-logger/test/logTest.js] [11585] [39mtest1
[2014-12-23 01:27:43.942] [WARN] log - [33m8: [/mnt/hgfs/src/marstv/backend_pomelochat/node_modules/pomelo-logger/test/logTest.js] [11585] [39mtest2
[2014-12-23 01:27:43.945] [ERROR] log - [31m9: [/mnt/hgfs/src/marstv/backend_pomelochat/node_modules/pomelo-logger/test/logTest.js] [11585] [39mtest3
[2014-12-23 01:27:44.945] [INFO] log - [32m7: [/mnt/hgfs/src/marstv/backend_pomelochat/node_modules/pomelo-logger/test/logTest.js] [11585] [39mtest1
[2014-12-23 01:27:44.945] [WARN] log - [33m8: [/mnt/hgfs/src/marstv/backend_pomelochat/node_modules/pomelo-logger/test/logTest.js] [11585] [39mtest2
[2014-12-23 01:27:44.948] [ERROR] log - [31m9: [/mnt/hgfs/src/marstv/backend_pomelochat/node_modules/pomelo-logger/test/logTest.js] [11585] [39mtest3
[2014-12-23 01:27:45.950] [INFO] log - [32m7: [/mnt/hgfs/src/marstv/backend_pomelochat/node_modules/pomelo-logger/test/logTest.js] [11585] [39mtest1
[2014-12-23 01:27:45.950] [WARN] log - [33m8: [/mnt/hgfs/src/marstv/backend_pomelochat/node_modules/pomelo-logger/test/logTest.js] [11585] [39mtest2
[2014-12-23 01:27:45.950] [ERROR] log - [31m9: [/mnt/hgfs/src/marstv/backend_pomelochat/node_modules/pomelo-logger/test/logTest.js] [11585] [39mtest3
[2014-12-23 01:27:46.953] [INFO] log - [32m7: [/mnt/hgfs/src/marstv/backend_pomelochat/node_modules/pomelo-logger/test/logTest.js] [11585] [39mtest1
[2014-12-23 01:27:46.953] [WARN] log - [33m8: [/mnt/hgfs/src/marstv/backend_pomelochat/node_modules/pomelo-logger/test/logTest.js] [11585] [39mtest2
[2014-12-23 01:27:46.953] [ERROR] log - [31m9: [/mnt/hgfs/src/marstv/backend_pomelochat/node_modules/pomelo-logger/test/logTest.js] [11585] [39mtest3
[2014-12-23 01:27:47.752] [INFO] console - reload log4js config file ./log4js.json mtime=1419326868000
[2014-12-23 01:27:47.752] [INFO] console - { appenders: 
   [ { type: 'file',
       filename: './test.log',
       fileSize: 10485760,
       layout: [Object],
       backups: 5 },
     { type: 'console' } ],
  levels: { '[all]': 'INFO' },
  replaceConsole: true,
  lineDebug: true,
  reloadSecs: 1 }
[2014-12-23 01:29:27.705] [INFO] log - [32m7: [/mnt/hgfs/src/marstv/backend_pomelochat/node_modules/pomelo-logger/test/logTest.js] [11591] [39mtest1
[2014-12-23 01:29:27.709] [WARN] log - [33m8: [/mnt/hgfs/src/marstv/backend_pomelochat/node_modules/pomelo-logger/test/logTest.js] [11591] [39mtest2
[2014-12-23 01:29:27.712] [ERROR] log - [31m9: [/mnt/hgfs/src/marstv/backend_pomelochat/node_modules/pomelo-logger/test/logTest.js] [11591] [39mtest3
[2014-12-23 01:30:12.087] [INFO] log - [32m7: [/mnt/hgfs/src/marstv/backend_pomelochat/node_modules/pomelo-logger/test/logTest.js] [11600] [39mtest1
[2014-12-23 01:30:39.768] [INFO] log - [32m7: [/mnt/hgfs/src/marstv/backend_pomelochat/node_modules/pomelo-logger/test/logTest.js] [11606] [39mtest1
[2014-12-23 01:30:39.771] [WARN] log - [33m8: [/mnt/hgfs/src/marstv/backend_pomelochat/node_modules/pomelo-logger/test/logTest.js] [11606] [39mtest2
[2014-12-23 01:30:39.772] [ERROR] log - [31m9: [/mnt/hgfs/src/marstv/backend_pomelochat/node_modules/pomelo-logger/test/logTest.js] [11606] [39mtest3
[2014-12-23 01:30:40.776] [INFO] log - [32m7: [/mnt/hgfs/src/marstv/backend_pomelochat/node_modules/pomelo-logger/test/logTest.js] [11606] [39mtest1
[2014-12-23 01:30:40.776] [WARN] log - [33m8: [/mnt/hgfs/src/marstv/backend_pomelochat/node_modules/pomelo-logger/test/logTest.js] [11606] [39mtest2
[2014-12-23 01:30:40.776] [ERROR] log - [31m9: [/mnt/hgfs/src/marstv/backend_pomelochat/node_modules/pomelo-logger/test/logTest.js] [11606] [39mtest3
[2014-12-23 01:30:41.777] [INFO] log - [32m7: [/mnt/hgfs/src/marstv/backend_pomelochat/node_modules/pomelo-logger/test/logTest.js] [11606] [39mtest1
[2014-12-23 01:30:41.777] [WARN] log - [33m8: [/mnt/hgfs/src/marstv/backend_pomelochat/node_modules/pomelo-logger/test/logTest.js] [11606] [39mtest2
[2014-12-23 01:30:41.778] [ERROR] log - [31m9: [/mnt/hgfs/src/marstv/backend_pomelochat/node_modules/pomelo-logger/test/logTest.js] [11606] [39mtest3
[2014-12-23 01:30:42.781] [INFO] log - [32m7: [/mnt/hgfs/src/marstv/backend_pomelochat/node_modules/pomelo-logger/test/logTest.js] [11606] [39mtest1
[2014-12-23 01:30:42.782] [WARN] log - [33m8: [/mnt/hgfs/src/marstv/backend_pomelochat/node_modules/pomelo-logger/test/logTest.js] [11606] [39mtest2
[2014-12-23 01:30:42.782] [ERROR] log - [31m9: [/mnt/hgfs/src/marstv/backend_pomelochat/node_modules/pomelo-logger/test/logTest.js] [11606] [39mtest3
[2014-12-23 01:30:43.785] [INFO] log - [32m7: [/mnt/hgfs/src/marstv/backend_pomelochat/node_modules/pomelo-logger/test/logTest.js] [11606] [39mtest1
[2014-12-23 01:30:43.787] [WARN] log - [33m8: [/mnt/hgfs/src/marstv/backend_pomelochat/node_modules/pomelo-logger/test/logTest.js] [11606] [39mtest2
[2014-12-23 01:30:43.788] [ERROR] log - [31m9: [/mnt/hgfs/src/marstv/backend_pomelochat/node_modules/pomelo-logger/test/logTest.js] [11606] [39mtest3
[2014-12-23 01:30:44.790] [INFO] log - [32m7: [/mnt/hgfs/src/marstv/backend_pomelochat/node_modules/pomelo-logger/test/logTest.js] [11606] [39mtest1
[2014-12-23 01:30:44.790] [WARN] log - [33m8: [/mnt/hgfs/src/marstv/backend_pomelochat/node_modules/pomelo-logger/test/logTest.js] [11606] [39mtest2
[2014-12-23 01:30:44.792] [ERROR] log - [31m9: [/mnt/hgfs/src/marstv/backend_pomelochat/node_modules/pomelo-logger/test/logTest.js] [11606] [39mtest3
[2014-12-23 01:30:45.792] [INFO] log - [32m7: [/mnt/hgfs/src/marstv/backend_pomelochat/node_modules/pomelo-logger/test/logTest.js] [11606] [39mtest1
[2014-12-23 01:30:45.792] [WARN] log - [33m8: [/mnt/hgfs/src/marstv/backend_pomelochat/node_modules/pomelo-logger/test/logTest.js] [11606] [39mtest2
[2014-12-23 01:30:45.795] [ERROR] log - [31m9: [/mnt/hgfs/src/marstv/backend_pomelochat/node_modules/pomelo-logger/test/logTest.js] [11606] [39mtest3
[2014-12-23 01:31:58.376] [INFO] log - [32m7: [/mnt/hgfs/src/marstv/backend_pomelochat/node_modules/pomelo-logger/test/logTest.js] [11612] [39mtest1
[2014-12-23 01:31:58.378] [WARN] log - [33m8: [/mnt/hgfs/src/marstv/backend_pomelochat/node_modules/pomelo-logger/test/logTest.js] [11612] [39mtest2
[2014-12-23 01:31:58.379] [ERROR] log - [31m9: [/mnt/hgfs/src/marstv/backend_pomelochat/node_modules/pomelo-logger/test/logTest.js] [11612] [39mtest3
[2014-12-23 01:32:37.699] [INFO] log - [32m7: [/mnt/hgfs/src/marstv/backend_pomelochat/node_modules/pomelo-logger/test/logTest.js] [11618] [39mtest1
[2014-12-23 01:32:37.702] [WARN] log - [33m8: [/mnt/hgfs/src/marstv/backend_pomelochat/node_modules/pomelo-logger/test/logTest.js] [11618] [39mtest2
[2014-12-23 01:32:37.703] [ERROR] log - [31m9: [/mnt/hgfs/src/marstv/backend_pomelochat/node_modules/pomelo-logger/test/logTest.js] [11618] [39mtest3
[2014-12-23 01:32:38.702] [INFO] log - [32m7: [/mnt/hgfs/src/marstv/backend_pomelochat/node_modules/pomelo-logger/test/logTest.js] [11618] [39mtest1
[2014-12-23 01:32:38.702] [WARN] log - [33m8: [/mnt/hgfs/src/marstv/backend_pomelochat/node_modules/pomelo-logger/test/logTest.js] [11618] [39mtest2
[2014-12-23 01:32:38.702] [ERROR] log - [31m9: [/mnt/hgfs/src/marstv/backend_pomelochat/node_modules/pomelo-logger/test/logTest.js] [11618] [39mtest3
[2014-12-23 01:32:39.704] [INFO] log - [32m7: [/mnt/hgfs/src/marstv/backend_pomelochat/node_modules/pomelo-logger/test/logTest.js] [11618] [39mtest1
[2014-12-23 01:32:39.704] [WARN] log - [33m8: [/mnt/hgfs/src/marstv/backend_pomelochat/node_modules/pomelo-logger/test/logTest.js] [11618] [39mtest2
[2014-12-23 01:32:39.704] [ERROR] log - [31m9: [/mnt/hgfs/src/marstv/backend_pomelochat/node_modules/pomelo-logger/test/logTest.js] [11618] [39mtest3
[2014-12-23 01:32:40.706] [INFO] log - [32m7: [/mnt/hgfs/src/marstv/backend_pomelochat/node_modules/pomelo-logger/test/logTest.js] [11618] [39mtest1
[2014-12-23 01:32:40.706] [WARN] log - [33m8: [/mnt/hgfs/src/marstv/backend_pomelochat/node_modules/pomelo-logger/test/logTest.js] [11618] [39mtest2
[2014-12-23 01:32:40.707] [ERROR] log - [31m9: [/mnt/hgfs/src/marstv/backend_pomelochat/node_modules/pomelo-logger/test/logTest.js] [11618] [39mtest3
[2014-12-23 01:32:41.709] [INFO] log - [32m7: [/mnt/hgfs/src/marstv/backend_pomelochat/node_modules/pomelo-logger/test/logTest.js] [11618] [39mtest1
[2014-12-23 01:32:41.711] [WARN] log - [33m8: [/mnt/hgfs/src/marstv/backend_pomelochat/node_modules/pomelo-logger/test/logTest.js] [11618] [39mtest2
[2014-12-23 01:32:41.713] [ERROR] log - [31m9: [/mnt/hgfs/src/marstv/backend_pomelochat/node_modules/pomelo-logger/test/logTest.js] [11618] [39mtest3
[2014-12-23 01:32:42.713] [INFO] log - [32m7: [/mnt/hgfs/src/marstv/backend_pomelochat/node_modules/pomelo-logger/test/logTest.js] [11618] [39mtest1
[2014-12-23 01:32:42.713] [WARN] log - [33m8: [/mnt/hgfs/src/marstv/backend_pomelochat/node_modules/pomelo-logger/test/logTest.js] [11618] [39mtest2
[2014-12-23 01:32:42.716] [ERROR] log - [31m9: [/mnt/hgfs/src/marstv/backend_pomelochat/node_modules/pomelo-logger/test/logTest.js] [11618] [39mtest3
[2014-12-23 01:32:43.718] [INFO] log - [32m7: [/mnt/hgfs/src/marstv/backend_pomelochat/node_modules/pomelo-logger/test/logTest.js] [11618] [39mtest1
[2014-12-23 01:32:43.718] [WARN] log - [33m8: [/mnt/hgfs/src/marstv/backend_pomelochat/node_modules/pomelo-logger/test/logTest.js] [11618] [39mtest2
[2014-12-23 01:32:43.718] [ERROR] log - [31m9: [/mnt/hgfs/src/marstv/backend_pomelochat/node_modules/pomelo-logger/test/logTest.js] [11618] [39mtest3
[2014-12-23 01:32:44.515] [INFO] console - reload log4js config file ./log4js.json mtime=1419327164000
[2014-12-23 01:32:44.516] [INFO] console - { appenders: 
   [ { type: 'file',
       filename: './test.log',
       fileSize: 10485760,
       layout: [Object],
       backups: 5 },
     { type: 'console' } ],
  levels: { '[all]': 'INFo' },
  replaceConsole: true,
  lineDebug: true,
  reloadSecs: 1 }
[2014-12-23 01:32:44.517] [INFO] console - load "{\r\n    \"appenders\": [\r\n        {\r\n            \"type\": \"file\",\r\n            \"filename\": \"./test.log\",\r\n            \"fileSize\": 10485760,\r\n            \"layout\": {\r\n                \"type\": \"basic\"\r\n            }, \r\n            \"backups\": 5\r\n        },\r\n        {\r\n            \"type\": \"console\"\r\n        }\r\n    ],\r\n\r\n    \"levels\": {\r\n        \"[all]\": \"INFo\"\r\n    },\r\n\r\n    \"replaceConsole\": true,\r\n    \"lineDebug\": true,\r\n    \"reloadSecs\": 1\r\n}\r\n"
[2014-12-23 01:33:17.771] [INFO] log - [32m7: [/mnt/hgfs/src/marstv/backend_pomelochat/node_modules/pomelo-logger/test/logTest.js] [11624] [39mtest1
[2014-12-23 01:33:17.773] [WARN] log - [33m8: [/mnt/hgfs/src/marstv/backend_pomelochat/node_modules/pomelo-logger/test/logTest.js] [11624] [39mtest2
[2014-12-23 01:33:17.775] [ERROR] log - [31m9: [/mnt/hgfs/src/marstv/backend_pomelochat/node_modules/pomelo-logger/test/logTest.js] [11624] [39mtest3
[2014-12-23 01:33:18.778] [INFO] log - [32m7: [/mnt/hgfs/src/marstv/backend_pomelochat/node_modules/pomelo-logger/test/logTest.js] [11624] [39mtest1
[2014-12-23 01:33:18.778] [WARN] log - [33m8: [/mnt/hgfs/src/marstv/backend_pomelochat/node_modules/pomelo-logger/test/logTest.js] [11624] [39mtest2
[2014-12-23 01:33:18.778] [ERROR] log - [31m9: [/mnt/hgfs/src/marstv/backend_pomelochat/node_modules/pomelo-logger/test/logTest.js] [11624] [39mtest3
[2014-12-23 01:33:19.779] [INFO] log - [32m7: [/mnt/hgfs/src/marstv/backend_pomelochat/node_modules/pomelo-logger/test/logTest.js] [11624] [39mtest1
[2014-12-23 01:33:19.780] [WARN] log - [33m8: [/mnt/hgfs/src/marstv/backend_pomelochat/node_modules/pomelo-logger/test/logTest.js] [11624] [39mtest2
[2014-12-23 01:33:19.780] [ERROR] log - [31m9: [/mnt/hgfs/src/marstv/backend_pomelochat/node_modules/pomelo-logger/test/logTest.js] [11624] [39mtest3
[2014-12-23 01:33:20.782] [INFO] log - [32m7: [/mnt/hgfs/src/marstv/backend_pomelochat/node_modules/pomelo-logger/test/logTest.js] [11624] [39mtest1
[2014-12-23 01:33:20.783] [WARN] log - [33m8: [/mnt/hgfs/src/marstv/backend_pomelochat/node_modules/pomelo-logger/test/logTest.js] [11624] [39mtest2
[2014-12-23 01:33:20.783] [ERROR] log - [31m9: [/mnt/hgfs/src/marstv/backend_pomelochat/node_modules/pomelo-logger/test/logTest.js] [11624] [39mtest3
[2014-12-23 01:33:21.785] [INFO] log - [32m7: [/mnt/hgfs/src/marstv/backend_pomelochat/node_modules/pomelo-logger/test/logTest.js] [11624] [39mtest1
[2014-12-23 01:33:21.787] [WARN] log - [33m8: [/mnt/hgfs/src/marstv/backend_pomelochat/node_modules/pomelo-logger/test/logTest.js] [11624] [39mtest2
[2014-12-23 01:33:21.789] [ERROR] log - [31m9: [/mnt/hgfs/src/marstv/backend_pomelochat/node_modules/pomelo-logger/test/logTest.js] [11624] [39mtest3
[2014-12-23 01:33:22.791] [INFO] log - [32m7: [/mnt/hgfs/src/marstv/backend_pomelochat/node_modules/pomelo-logger/test/logTest.js] [11624] [39mtest1
[2014-12-23 01:33:22.792] [WARN] log - [33m8: [/mnt/hgfs/src/marstv/backend_pomelochat/node_modules/pomelo-logger/test/logTest.js] [11624] [39mtest2
[2014-12-23 01:33:22.793] [ERROR] log - [31m9: [/mnt/hgfs/src/marstv/backend_pomelochat/node_modules/pomelo-logger/test/logTest.js] [11624] [39mtest3
[2014-12-23 01:33:23.794] [INFO] log - [32m7: [/mnt/hgfs/src/marstv/backend_pomelochat/node_modules/pomelo-logger/test/logTest.js] [11624] [39mtest1
[2014-12-23 01:33:23.794] [WARN] log - [33m8: [/mnt/hgfs/src/marstv/backend_pomelochat/node_modules/pomelo-logger/test/logTest.js] [11624] [39mtest2
[2014-12-23 01:33:23.796] [ERROR] log - [31m9: [/mnt/hgfs/src/marstv/backend_pomelochat/node_modules/pomelo-logger/test/logTest.js] [11624] [39mtest3
[2014-12-23 01:33:24.797] [INFO] log - [32m7: [/mnt/hgfs/src/marstv/backend_pomelochat/node_modules/pomelo-logger/test/logTest.js] [11624] [39mtest1
[2014-12-23 01:33:24.798] [WARN] log - [33m8: [/mnt/hgfs/src/marstv/backend_pomelochat/node_modules/pomelo-logger/test/logTest.js] [11624] [39mtest2
[2014-12-23 01:33:24.798] [ERROR] log - [31m9: [/mnt/hgfs/src/marstv/backend_pomelochat/node_modules/pomelo-logger/test/logTest.js] [11624] [39mtest3
[2014-12-23 01:33:25.800] [INFO] log - [32m7: [/mnt/hgfs/src/marstv/backend_pomelochat/node_modules/pomelo-logger/test/logTest.js] [11624] [39mtest1
[2014-12-23 01:33:25.800] [WARN] log - [33m8: [/mnt/hgfs/src/marstv/backend_pomelochat/node_modules/pomelo-logger/test/logTest.js] [11624] [39mtest2
[2014-12-23 01:33:25.802] [ERROR] log - [31m9: [/mnt/hgfs/src/marstv/backend_pomelochat/node_modules/pomelo-logger/test/logTest.js] [11624] [39mtest3
[2014-12-23 01:33:26.806] [INFO] log - [32m7: [/mnt/hgfs/src/marstv/backend_pomelochat/node_modules/pomelo-logger/test/logTest.js] [11624] [39mtest1
[2014-12-23 01:33:26.806] [WARN] log - [33m8: [/mnt/hgfs/src/marstv/backend_pomelochat/node_modules/pomelo-logger/test/logTest.js] [11624] [39mtest2
[2014-12-23 01:33:26.806] [ERROR] log - [31m9: [/mnt/hgfs/src/marstv/backend_pomelochat/node_modules/pomelo-logger/test/logTest.js] [11624] [39mtest3
[2014-12-23 01:33:27.807] [INFO] log - [32m7: [/mnt/hgfs/src/marstv/backend_pomelochat/node_modules/pomelo-logger/test/logTest.js] [11624] [39mtest1
[2014-12-23 01:33:27.807] [WARN] log - [33m8: [/mnt/hgfs/src/marstv/backend_pomelochat/node_modules/pomelo-logger/test/logTest.js] [11624] [39mtest2
[2014-12-23 01:33:27.809] [ERROR] log - [31m9: [/mnt/hgfs/src/marstv/backend_pomelochat/node_modules/pomelo-logger/test/logTest.js] [11624] [39mtest3
[2014-12-23 01:33:28.811] [INFO] log - [32m7: [/mnt/hgfs/src/marstv/backend_pomelochat/node_modules/pomelo-logger/test/logTest.js] [11624] [39mtest1
[2014-12-23 01:33:28.811] [WARN] log - [33m8: [/mnt/hgfs/src/marstv/backend_pomelochat/node_modules/pomelo-logger/test/logTest.js] [11624] [39mtest2
[2014-12-23 01:33:28.813] [ERROR] log - [31m9: [/mnt/hgfs/src/marstv/backend_pomelochat/node_modules/pomelo-logger/test/logTest.js] [11624] [39mtest3
[2014-12-23 01:33:29.815] [INFO] log - [32m7: [/mnt/hgfs/src/marstv/backend_pomelochat/node_modules/pomelo-logger/test/logTest.js] [11624] [39mtest1
[2014-12-23 01:33:29.815] [WARN] log - [33m8: [/mnt/hgfs/src/marstv/backend_pomelochat/node_modules/pomelo-logger/test/logTest.js] [11624] [39mtest2
[2014-12-23 01:33:29.816] [ERROR] log - [31m9: [/mnt/hgfs/src/marstv/backend_pomelochat/node_modules/pomelo-logger/test/logTest.js] [11624] [39mtest3
[2014-12-23 01:33:30.818] [INFO] log - [32m7: [/mnt/hgfs/src/marstv/backend_pomelochat/node_modules/pomelo-logger/test/logTest.js] [11624] [39mtest1
[2014-12-23 01:33:30.819] [WARN] log - [33m8: [/mnt/hgfs/src/marstv/backend_pomelochat/node_modules/pomelo-logger/test/logTest.js] [11624] [39mtest2
[2014-12-23 01:33:30.819] [ERROR] log - [31m9: [/mnt/hgfs/src/marstv/backend_pomelochat/node_modules/pomelo-logger/test/logTest.js] [11624] [39mtest3
[2014-12-23 01:33:31.821] [INFO] log - [32m7: [/mnt/hgfs/src/marstv/backend_pomelochat/node_modules/pomelo-logger/test/logTest.js] [11624] [39mtest1
[2014-12-23 01:33:31.822] [WARN] log - [33m8: [/mnt/hgfs/src/marstv/backend_pomelochat/node_modules/pomelo-logger/test/logTest.js] [11624] [39mtest2
[2014-12-23 01:33:31.823] [ERROR] log - [31m9: [/mnt/hgfs/src/marstv/backend_pomelochat/node_modules/pomelo-logger/test/logTest.js] [11624] [39mtest3
[2014-12-23 01:33:32.824] [INFO] log - [32m7: [/mnt/hgfs/src/marstv/backend_pomelochat/node_modules/pomelo-logger/test/logTest.js] [11624] [39mtest1
[2014-12-23 01:33:32.824] [WARN] log - [33m8: [/mnt/hgfs/src/marstv/backend_pomelochat/node_modules/pomelo-logger/test/logTest.js] [11624] [39mtest2
[2014-12-23 01:33:32.824] [ERROR] log - [31m9: [/mnt/hgfs/src/marstv/backend_pomelochat/node_modules/pomelo-logger/test/logTest.js] [11624] [39mtest3
[2014-12-23 01:33:33.827] [INFO] log - [32m7: [/mnt/hgfs/src/marstv/backend_pomelochat/node_modules/pomelo-logger/test/logTest.js] [11624] [39mtest1
[2014-12-23 01:33:33.827] [WARN] log - [33m8: [/mnt/hgfs/src/marstv/backend_pomelochat/node_modules/pomelo-logger/test/logTest.js] [11624] [39mtest2
[2014-12-23 01:33:33.829] [ERROR] log - [31m9: [/mnt/hgfs/src/marstv/backend_pomelochat/node_modules/pomelo-logger/test/logTest.js] [11624] [39mtest3
[2014-12-23 01:33:34.830] [INFO] log - [32m7: [/mnt/hgfs/src/marstv/backend_pomelochat/node_modules/pomelo-logger/test/logTest.js] [11624] [39mtest1
[2014-12-23 01:33:34.831] [WARN] log - [33m8: [/mnt/hgfs/src/marstv/backend_pomelochat/node_modules/pomelo-logger/test/logTest.js] [11624] [39mtest2
[2014-12-23 01:33:34.831] [ERROR] log - [31m9: [/mnt/hgfs/src/marstv/backend_pomelochat/node_modules/pomelo-logger/test/logTest.js] [11624] [39mtest3
[2014-12-23 01:33:35.834] [INFO] log - [32m7: [/mnt/hgfs/src/marstv/backend_pomelochat/node_modules/pomelo-logger/test/logTest.js] [11624] [39mtest1
[2014-12-23 01:33:35.834] [WARN] log - [33m8: [/mnt/hgfs/src/marstv/backend_pomelochat/node_modules/pomelo-logger/test/logTest.js] [11624] [39mtest2
[2014-12-23 01:33:35.835] [ERROR] log - [31m9: [/mnt/hgfs/src/marstv/backend_pomelochat/node_modules/pomelo-logger/test/logTest.js] [11624] [39mtest3
[2014-12-23 01:33:36.837] [INFO] log - [32m7: [/mnt/hgfs/src/marstv/backend_pomelochat/node_modules/pomelo-logger/test/logTest.js] [11624] [39mtest1
[2014-12-23 01:33:36.838] [WARN] log - [33m8: [/mnt/hgfs/src/marstv/backend_pomelochat/node_modules/pomelo-logger/test/logTest.js] [11624] [39mtest2
[2014-12-23 01:33:36.838] [ERROR] log - [31m9: [/mnt/hgfs/src/marstv/backend_pomelochat/node_modules/pomelo-logger/test/logTest.js] [11624] [39mtest3
[2014-12-23 01:33:37.840] [INFO] log - [32m7: [/mnt/hgfs/src/marstv/backend_pomelochat/node_modules/pomelo-logger/test/logTest.js] [11624] [39mtest1
[2014-12-23 01:33:37.841] [WARN] log - [33m8: [/mnt/hgfs/src/marstv/backend_pomelochat/node_modules/pomelo-logger/test/logTest.js] [11624] [39mtest2
[2014-12-23 01:33:37.841] [ERROR] log - [31m9: [/mnt/hgfs/src/marstv/backend_pomelochat/node_modules/pomelo-logger/test/logTest.js] [11624] [39mtest3
[2014-12-23 01:33:38.843] [INFO] log - [32m7: [/mnt/hgfs/src/marstv/backend_pomelochat/node_modules/pomelo-logger/test/logTest.js] [11624] [39mtest1
[2014-12-23 01:33:38.845] [WARN] log - [33m8: [/mnt/hgfs/src/marstv/backend_pomelochat/node_modules/pomelo-logger/test/logTest.js] [11624] [39mtest2
[2014-12-23 01:33:38.847] [ERROR] log - [31m9: [/mnt/hgfs/src/marstv/backend_pomelochat/node_modules/pomelo-logger/test/logTest.js] [11624] [39mtest3
[2014-12-23 01:33:39.851] [INFO] log - [32m7: [/mnt/hgfs/src/marstv/backend_pomelochat/node_modules/pomelo-logger/test/logTest.js] [11624] [39mtest1
[2014-12-23 01:33:39.851] [WARN] log - [33m8: [/mnt/hgfs/src/marstv/backend_pomelochat/node_modules/pomelo-logger/test/logTest.js] [11624] [39mtest2
[2014-12-23 01:33:39.851] [ERROR] log - [31m9: [/mnt/hgfs/src/marstv/backend_pomelochat/node_modules/pomelo-logger/test/logTest.js] [11624] [39mtest3
[2014-12-23 01:33:40.853] [INFO] log - [32m7: [/mnt/hgfs/src/marstv/backend_pomelochat/node_modules/pomelo-logger/test/logTest.js] [11624] [39mtest1
[2014-12-23 01:33:40.853] [WARN] log - [33m8: [/mnt/hgfs/src/marstv/backend_pomelochat/node_modules/pomelo-logger/test/logTest.js] [11624] [39mtest2
[2014-12-23 01:33:40.853] [ERROR] log - [31m9: [/mnt/hgfs/src/marstv/backend_pomelochat/node_modules/pomelo-logger/test/logTest.js] [11624] [39mtest3
[2014-12-23 01:33:41.857] [INFO] log - [32m7: [/mnt/hgfs/src/marstv/backend_pomelochat/node_modules/pomelo-logger/test/logTest.js] [11624] [39mtest1
[2014-12-23 01:33:41.857] [WARN] log - [33m8: [/mnt/hgfs/src/marstv/backend_pomelochat/node_modules/pomelo-logger/test/logTest.js] [11624] [39mtest2
[2014-12-23 01:33:41.857] [ERROR] log - [31m9: [/mnt/hgfs/src/marstv/backend_pomelochat/node_modules/pomelo-logger/test/logTest.js] [11624] [39mtest3
[2014-12-23 01:33:42.859] [INFO] log - [32m7: [/mnt/hgfs/src/marstv/backend_pomelochat/node_modules/pomelo-logger/test/logTest.js] [11624] [39mtest1
[2014-12-23 01:33:42.859] [WARN] log - [33m8: [/mnt/hgfs/src/marstv/backend_pomelochat/node_modules/pomelo-logger/test/logTest.js] [11624] [39mtest2
[2014-12-23 01:33:42.860] [ERROR] log - [31m9: [/mnt/hgfs/src/marstv/backend_pomelochat/node_modules/pomelo-logger/test/logTest.js] [11624] [39mtest3
[2014-12-23 01:33:43.863] [INFO] log - [32m7: [/mnt/hgfs/src/marstv/backend_pomelochat/node_modules/pomelo-logger/test/logTest.js] [11624] [39mtest1
[2014-12-23 01:33:43.863] [WARN] log - [33m8: [/mnt/hgfs/src/marstv/backend_pomelochat/node_modules/pomelo-logger/test/logTest.js] [11624] [39mtest2
[2014-12-23 01:33:43.863] [ERROR] log - [31m9: [/mnt/hgfs/src/marstv/backend_pomelochat/node_modules/pomelo-logger/test/logTest.js] [11624] [39mtest3
[2014-12-23 01:33:44.864] [INFO] log - [32m7: [/mnt/hgfs/src/marstv/backend_pomelochat/node_modules/pomelo-logger/test/logTest.js] [11624] [39mtest1
[2014-12-23 01:33:44.864] [WARN] log - [33m8: [/mnt/hgfs/src/marstv/backend_pomelochat/node_modules/pomelo-logger/test/logTest.js] [11624] [39mtest2
[2014-12-23 01:33:44.865] [ERROR] log - [31m9: [/mnt/hgfs/src/marstv/backend_pomelochat/node_modules/pomelo-logger/test/logTest.js] [11624] [39mtest3
[2014-12-23 01:33:45.867] [INFO] log - [32m7: [/mnt/hgfs/src/marstv/backend_pomelochat/node_modules/pomelo-logger/test/logTest.js] [11624] [39mtest1
[2014-12-23 01:33:45.871] [WARN] log - [33m8: [/mnt/hgfs/src/marstv/backend_pomelochat/node_modules/pomelo-logger/test/logTest.js] [11624] [39mtest2
[2014-12-23 01:33:45.871] [ERROR] log - [31m9: [/mnt/hgfs/src/marstv/backend_pomelochat/node_modules/pomelo-logger/test/logTest.js] [11624] [39mtest3
[2014-12-23 01:33:46.876] [INFO] log - [32m7: [/mnt/hgfs/src/marstv/backend_pomelochat/node_modules/pomelo-logger/test/logTest.js] [11624] [39mtest1
[2014-12-23 01:33:46.876] [WARN] log - [33m8: [/mnt/hgfs/src/marstv/backend_pomelochat/node_modules/pomelo-logger/test/logTest.js] [11624] [39mtest2
[2014-12-23 01:33:46.876] [ERROR] log - [31m9: [/mnt/hgfs/src/marstv/backend_pomelochat/node_modules/pomelo-logger/test/logTest.js] [11624] [39mtest3
[2014-12-23 01:33:47.879] [INFO] log - [32m7: [/mnt/hgfs/src/marstv/backend_pomelochat/node_modules/pomelo-logger/test/logTest.js] [11624] [39mtest1
[2014-12-23 01:33:47.879] [WARN] log - [33m8: [/mnt/hgfs/src/marstv/backend_pomelochat/node_modules/pomelo-logger/test/logTest.js] [11624] [39mtest2
[2014-12-23 01:33:47.879] [ERROR] log - [31m9: [/mnt/hgfs/src/marstv/backend_pomelochat/node_modules/pomelo-logger/test/logTest.js] [11624] [39mtest3
[2014-12-23 01:33:48.880] [INFO] log - [32m7: [/mnt/hgfs/src/marstv/backend_pomelochat/node_modules/pomelo-logger/test/logTest.js] [11624] [39mtest1
[2014-12-23 01:33:48.880] [WARN] log - [33m8: [/mnt/hgfs/src/marstv/backend_pomelochat/node_modules/pomelo-logger/test/logTest.js] [11624] [39mtest2
[2014-12-23 01:33:48.880] [ERROR] log - [31m9: [/mnt/hgfs/src/marstv/backend_pomelochat/node_modules/pomelo-logger/test/logTest.js] [11624] [39mtest3
[2014-12-23 01:33:49.889] [INFO] log - [32m7: [/mnt/hgfs/src/marstv/backend_pomelochat/node_modules/pomelo-logger/test/logTest.js] [11624] [39mtest1
[2014-12-23 01:33:49.892] [WARN] log - [33m8: [/mnt/hgfs/src/marstv/backend_pomelochat/node_modules/pomelo-logger/test/logTest.js] [11624] [39mtest2
[2014-12-23 01:33:49.893] [ERROR] log - [31m9: [/mnt/hgfs/src/marstv/backend_pomelochat/node_modules/pomelo-logger/test/logTest.js] [11624] [39mtest3
[2014-12-23 01:34:40.236] [INFO] log - [32m7: [/mnt/hgfs/src/marstv/backend_pomelochat/node_modules/pomelo-logger/test/logTest.js] [11630] [39mtest1
[2014-12-23 01:34:40.237] [WARN] log - [33m8: [/mnt/hgfs/src/marstv/backend_pomelochat/node_modules/pomelo-logger/test/logTest.js] [11630] [39mtest2
[2014-12-23 01:34:40.239] [ERROR] log - [31m9: [/mnt/hgfs/src/marstv/backend_pomelochat/node_modules/pomelo-logger/test/logTest.js] [11630] [39mtest3
[2014-12-23 01:34:41.238] [INFO] log - [32m7: [/mnt/hgfs/src/marstv/backend_pomelochat/node_modules/pomelo-logger/test/logTest.js] [11630] [39mtest1
[2014-12-23 01:34:41.238] [WARN] log - [33m8: [/mnt/hgfs/src/marstv/backend_pomelochat/node_modules/pomelo-logger/test/logTest.js] [11630] [39mtest2
[2014-12-23 01:34:41.238] [ERROR] log - [31m9: [/mnt/hgfs/src/marstv/backend_pomelochat/node_modules/pomelo-logger/test/logTest.js] [11630] [39mtest3
[2014-12-23 01:34:42.241] [INFO] log - [32m7: [/mnt/hgfs/src/marstv/backend_pomelochat/node_modules/pomelo-logger/test/logTest.js] [11630] [39mtest1
[2014-12-23 01:34:42.242] [WARN] log - [33m8: [/mnt/hgfs/src/marstv/backend_pomelochat/node_modules/pomelo-logger/test/logTest.js] [11630] [39mtest2
[2014-12-23 01:34:42.242] [ERROR] log - [31m9: [/mnt/hgfs/src/marstv/backend_pomelochat/node_modules/pomelo-logger/test/logTest.js] [11630] [39mtest3
[2014-12-23 01:34:43.244] [INFO] log - [32m7: [/mnt/hgfs/src/marstv/backend_pomelochat/node_modules/pomelo-logger/test/logTest.js] [11630] [39mtest1
[2014-12-23 01:34:43.245] [WARN] log - [33m8: [/mnt/hgfs/src/marstv/backend_pomelochat/node_modules/pomelo-logger/test/logTest.js] [11630] [39mtest2
[2014-12-23 01:34:43.245] [ERROR] log - [31m9: [/mnt/hgfs/src/marstv/backend_pomelochat/node_modules/pomelo-logger/test/logTest.js] [11630] [39mtest3
[2014-12-23 01:34:44.246] [INFO] log - [32m7: [/mnt/hgfs/src/marstv/backend_pomelochat/node_modules/pomelo-logger/test/logTest.js] [11630] [39mtest1
[2014-12-23 01:34:44.247] [WARN] log - [33m8: [/mnt/hgfs/src/marstv/backend_pomelochat/node_modules/pomelo-logger/test/logTest.js] [11630] [39mtest2
[2014-12-23 01:34:44.249] [ERROR] log - [31m9: [/mnt/hgfs/src/marstv/backend_pomelochat/node_modules/pomelo-logger/test/logTest.js] [11630] [39mtest3
[2014-12-23 01:34:45.253] [INFO] log - [32m7: [/mnt/hgfs/src/marstv/backend_pomelochat/node_modules/pomelo-logger/test/logTest.js] [11630] [39mtest1
[2014-12-23 01:34:45.253] [WARN] log - [33m8: [/mnt/hgfs/src/marstv/backend_pomelochat/node_modules/pomelo-logger/test/logTest.js] [11630] [39mtest2
[2014-12-23 01:34:45.255] [ERROR] log - [31m9: [/mnt/hgfs/src/marstv/backend_pomelochat/node_modules/pomelo-logger/test/logTest.js] [11630] [39mtest3
[2014-12-23 01:34:46.256] [INFO] log - [32m7: [/mnt/hgfs/src/marstv/backend_pomelochat/node_modules/pomelo-logger/test/logTest.js] [11630] [39mtest1
[2014-12-23 01:34:46.256] [WARN] log - [33m8: [/mnt/hgfs/src/marstv/backend_pomelochat/node_modules/pomelo-logger/test/logTest.js] [11630] [39mtest2
[2014-12-23 01:34:46.257] [ERROR] log - [31m9: [/mnt/hgfs/src/marstv/backend_pomelochat/node_modules/pomelo-logger/test/logTest.js] [11630] [39mtest3
[2014-12-23 01:34:47.258] [INFO] log - [32m7: [/mnt/hgfs/src/marstv/backend_pomelochat/node_modules/pomelo-logger/test/logTest.js] [11630] [39mtest1
[2014-12-23 01:34:47.259] [WARN] log - [33m8: [/mnt/hgfs/src/marstv/backend_pomelochat/node_modules/pomelo-logger/test/logTest.js] [11630] [39mtest2
[2014-12-23 01:34:47.259] [ERROR] log - [31m9: [/mnt/hgfs/src/marstv/backend_pomelochat/node_modules/pomelo-logger/test/logTest.js] [11630] [39mtest3
[2014-12-23 01:34:48.261] [INFO] log - [32m7: [/mnt/hgfs/src/marstv/backend_pomelochat/node_modules/pomelo-logger/test/logTest.js] [11630] [39mtest1
[2014-12-23 01:34:48.262] [WARN] log - [33m8: [/mnt/hgfs/src/marstv/backend_pomelochat/node_modules/pomelo-logger/test/logTest.js] [11630] [39mtest2
[2014-12-23 01:34:48.264] [ERROR] log - [31m9: [/mnt/hgfs/src/marstv/backend_pomelochat/node_modules/pomelo-logger/test/logTest.js] [11630] [39mtest3
[2014-12-23 01:34:49.266] [INFO] log - [32m7: [/mnt/hgfs/src/marstv/backend_pomelochat/node_modules/pomelo-logger/test/logTest.js] [11630] [39mtest1
[2014-12-23 01:34:49.266] [WARN] log - [33m8: [/mnt/hgfs/src/marstv/backend_pomelochat/node_modules/pomelo-logger/test/logTest.js] [11630] [39mtest2
[2014-12-23 01:34:49.266] [ERROR] log - [31m9: [/mnt/hgfs/src/marstv/backend_pomelochat/node_modules/pomelo-logger/test/logTest.js] [11630] [39mtest3
[2014-12-23 01:34:50.267] [INFO] log - [32m7: [/mnt/hgfs/src/marstv/backend_pomelochat/node_modules/pomelo-logger/test/logTest.js] [11630] [39mtest1
[2014-12-23 01:34:50.267] [WARN] log - [33m8: [/mnt/hgfs/src/marstv/backend_pomelochat/node_modules/pomelo-logger/test/logTest.js] [11630] [39mtest2
[2014-12-23 01:34:50.271] [ERROR] log - [31m9: [/mnt/hgfs/src/marstv/backend_pomelochat/node_modules/pomelo-logger/test/logTest.js] [11630] [39mtest3
[2014-12-23 01:34:51.273] [INFO] log - [32m7: [/mnt/hgfs/src/marstv/backend_pomelochat/node_modules/pomelo-logger/test/logTest.js] [11630] [39mtest1
[2014-12-23 01:34:51.273] [WARN] log - [33m8: [/mnt/hgfs/src/marstv/backend_pomelochat/node_modules/pomelo-logger/test/logTest.js] [11630] [39mtest2
[2014-12-23 01:34:51.273] [ERROR] log - [31m9: [/mnt/hgfs/src/marstv/backend_pomelochat/node_modules/pomelo-logger/test/logTest.js] [11630] [39mtest3
[2014-12-23 01:34:52.276] [INFO] log - [32m7: [/mnt/hgfs/src/marstv/backend_pomelochat/node_modules/pomelo-logger/test/logTest.js] [11630] [39mtest1
[2014-12-23 01:34:52.276] [WARN] log - [33m8: [/mnt/hgfs/src/marstv/backend_pomelochat/node_modules/pomelo-logger/test/logTest.js] [11630] [39mtest2
[2014-12-23 01:34:52.277] [ERROR] log - [31m9: [/mnt/hgfs/src/marstv/backend_pomelochat/node_modules/pomelo-logger/test/logTest.js] [11630] [39mtest3
[2014-12-23 01:34:53.278] [INFO] log - [32m7: [/mnt/hgfs/src/marstv/backend_pomelochat/node_modules/pomelo-logger/test/logTest.js] [11630] [39mtest1
[2014-12-23 01:34:53.278] [WARN] log - [33m8: [/mnt/hgfs/src/marstv/backend_pomelochat/node_modules/pomelo-logger/test/logTest.js] [11630] [39mtest2
[2014-12-23 01:34:53.279] [ERROR] log - [31m9: [/mnt/hgfs/src/marstv/backend_pomelochat/node_modules/pomelo-logger/test/logTest.js] [11630] [39mtest3
[2014-12-23 01:34:54.280] [INFO] log - [32m7: [/mnt/hgfs/src/marstv/backend_pomelochat/node_modules/pomelo-logger/test/logTest.js] [11630] [39mtest1
[2014-12-23 01:34:54.282] [WARN] log - [33m8: [/mnt/hgfs/src/marstv/backend_pomelochat/node_modules/pomelo-logger/test/logTest.js] [11630] [39mtest2
[2014-12-23 01:34:54.282] [ERROR] log - [31m9: [/mnt/hgfs/src/marstv/backend_pomelochat/node_modules/pomelo-logger/test/logTest.js] [11630] [39mtest3
[2014-12-23 01:34:55.283] [INFO] log - [32m7: [/mnt/hgfs/src/marstv/backend_pomelochat/node_modules/pomelo-logger/test/logTest.js] [11630] [39mtest1
[2014-12-23 01:34:55.283] [WARN] log - [33m8: [/mnt/hgfs/src/marstv/backend_pomelochat/node_modules/pomelo-logger/test/logTest.js] [11630] [39mtest2
[2014-12-23 01:34:55.283] [ERROR] log - [31m9: [/mnt/hgfs/src/marstv/backend_pomelochat/node_modules/pomelo-logger/test/logTest.js] [11630] [39mtest3
[2014-12-23 01:34:56.286] [INFO] log - [32m7: [/mnt/hgfs/src/marstv/backend_pomelochat/node_modules/pomelo-logger/test/logTest.js] [11630] [39mtest1
[2014-12-23 01:34:56.287] [WARN] log - [33m8: [/mnt/hgfs/src/marstv/backend_pomelochat/node_modules/pomelo-logger/test/logTest.js] [11630] [39mtest2
[2014-12-23 01:34:56.287] [ERROR] log - [31m9: [/mnt/hgfs/src/marstv/backend_pomelochat/node_modules/pomelo-logger/test/logTest.js] [11630] [39mtest3
[2014-12-23 01:34:57.287] [INFO] log - [32m7: [/mnt/hgfs/src/marstv/backend_pomelochat/node_modules/pomelo-logger/test/logTest.js] [11630] [39mtest1
[2014-12-23 01:34:57.289] [WARN] log - [33m8: [/mnt/hgfs/src/marstv/backend_pomelochat/node_modules/pomelo-logger/test/logTest.js] [11630] [39mtest2
[2014-12-23 01:34:57.289] [ERROR] log - [31m9: [/mnt/hgfs/src/marstv/backend_pomelochat/node_modules/pomelo-logger/test/logTest.js] [11630] [39mtest3
[2014-12-23 01:34:58.292] [INFO] log - [32m7: [/mnt/hgfs/src/marstv/backend_pomelochat/node_modules/pomelo-logger/test/logTest.js] [11630] [39mtest1
[2014-12-23 01:34:58.292] [WARN] log - [33m8: [/mnt/hgfs/src/marstv/backend_pomelochat/node_modules/pomelo-logger/test/logTest.js] [11630] [39mtest2
[2014-12-23 01:34:58.293] [ERROR] log - [31m9: [/mnt/hgfs/src/marstv/backend_pomelochat/node_modules/pomelo-logger/test/logTest.js] [11630] [39mtest3
[2014-12-23 01:34:59.295] [INFO] log - [32m7: [/mnt/hgfs/src/marstv/backend_pomelochat/node_modules/pomelo-logger/test/logTest.js] [11630] [39mtest1
[2014-12-23 01:34:59.296] [WARN] log - [33m8: [/mnt/hgfs/src/marstv/backend_pomelochat/node_modules/pomelo-logger/test/logTest.js] [11630] [39mtest2
[2014-12-23 01:34:59.296] [ERROR] log - [31m9: [/mnt/hgfs/src/marstv/backend_pomelochat/node_modules/pomelo-logger/test/logTest.js] [11630] [39mtest3
[2014-12-23 01:35:00.298] [INFO] log - [32m7: [/mnt/hgfs/src/marstv/backend_pomelochat/node_modules/pomelo-logger/test/logTest.js] [11630] [39mtest1
[2014-12-23 01:35:00.298] [WARN] log - [33m8: [/mnt/hgfs/src/marstv/backend_pomelochat/node_modules/pomelo-logger/test/logTest.js] [11630] [39mtest2
[2014-12-23 01:35:00.302] [ERROR] log - [31m9: [/mnt/hgfs/src/marstv/backend_pomelochat/node_modules/pomelo-logger/test/logTest.js] [11630] [39mtest3
[2014-12-23 01:35:01.305] [INFO] log - [32m7: [/mnt/hgfs/src/marstv/backend_pomelochat/node_modules/pomelo-logger/test/logTest.js] [11630] [39mtest1
[2014-12-23 01:35:01.307] [WARN] log - [33m8: [/mnt/hgfs/src/marstv/backend_pomelochat/node_modules/pomelo-logger/test/logTest.js] [11630] [39mtest2
[2014-12-23 01:35:01.309] [ERROR] log - [31m9: [/mnt/hgfs/src/marstv/backend_pomelochat/node_modules/pomelo-logger/test/logTest.js] [11630] [39mtest3
[2014-12-23 01:35:02.311] [INFO] log - [32m7: [/mnt/hgfs/src/marstv/backend_pomelochat/node_modules/pomelo-logger/test/logTest.js] [11630] [39mtest1
[2014-12-23 01:35:02.311] [WARN] log - [33m8: [/mnt/hgfs/src/marstv/backend_pomelochat/node_modules/pomelo-logger/test/logTest.js] [11630] [39mtest2
[2014-12-23 01:35:02.313] [ERROR] log - [31m9: [/mnt/hgfs/src/marstv/backend_pomelochat/node_modules/pomelo-logger/test/logTest.js] [11630] [39mtest3
[2014-12-23 01:35:03.315] [INFO] log - [32m7: [/mnt/hgfs/src/marstv/backend_pomelochat/node_modules/pomelo-logger/test/logTest.js] [11630] [39mtest1
[2014-12-23 01:35:03.315] [WARN] log - [33m8: [/mnt/hgfs/src/marstv/backend_pomelochat/node_modules/pomelo-logger/test/logTest.js] [11630] [39mtest2
[2014-12-23 01:35:03.317] [ERROR] log - [31m9: [/mnt/hgfs/src/marstv/backend_pomelochat/node_modules/pomelo-logger/test/logTest.js] [11630] [39mtest3
[2014-12-23 01:35:04.319] [INFO] log - [32m7: [/mnt/hgfs/src/marstv/backend_pomelochat/node_modules/pomelo-logger/test/logTest.js] [11630] [39mtest1
[2014-12-23 01:35:04.320] [WARN] log - [33m8: [/mnt/hgfs/src/marstv/backend_pomelochat/node_modules/pomelo-logger/test/logTest.js] [11630] [39mtest2
[2014-12-23 01:35:04.320] [ERROR] log - [31m9: [/mnt/hgfs/src/marstv/backend_pomelochat/node_modules/pomelo-logger/test/logTest.js] [11630] [39mtest3
[2014-12-23 01:35:05.323] [ERROR] log - [31m9: [/mnt/hgfs/src/marstv/backend_pomelochat/node_modules/pomelo-logger/test/logTest.js] [11630] [39mtest3
[2014-12-23 01:35:06.328] [ERROR] log - [31m9: [/mnt/hgfs/src/marstv/backend_pomelochat/node_modules/pomelo-logger/test/logTest.js] [11630] [39mtest3
[2014-12-23 01:35:07.331] [ERROR] log - [31m9: [/mnt/hgfs/src/marstv/backend_pomelochat/node_modules/pomelo-logger/test/logTest.js] [11630] [39mtest3
[2014-12-23 01:35:08.333] [ERROR] log - [31m9: [/mnt/hgfs/src/marstv/backend_pomelochat/node_modules/pomelo-logger/test/logTest.js] [11630] [39mtest3
[2014-12-23 01:35:09.336] [ERROR] log - [31m9: [/mnt/hgfs/src/marstv/backend_pomelochat/node_modules/pomelo-logger/test/logTest.js] [11630] [39mtest3
[2014-12-23 01:35:10.339] [ERROR] log - [31m9: [/mnt/hgfs/src/marstv/backend_pomelochat/node_modules/pomelo-logger/test/logTest.js] [11630] [39mtest3
[2014-12-23 01:35:11.341] [ERROR] log - [31m9: [/mnt/hgfs/src/marstv/backend_pomelochat/node_modules/pomelo-logger/test/logTest.js] [11630] [39mtest3
[2014-12-23 01:35:12.343] [ERROR] log - [31m9: [/mnt/hgfs/src/marstv/backend_pomelochat/node_modules/pomelo-logger/test/logTest.js] [11630] [39mtest3
[2014-12-23 01:35:13.348] [ERROR] log - [31m9: [/mnt/hgfs/src/marstv/backend_pomelochat/node_modules/pomelo-logger/test/logTest.js] [11630] [39mtest3
[2014-12-23 01:35:14.349] [ERROR] log - [31m9: [/mnt/hgfs/src/marstv/backend_pomelochat/node_modules/pomelo-logger/test/logTest.js] [11630] [39mtest3
[2014-12-23 01:35:15.353] [ERROR] log - [31m9: [/mnt/hgfs/src/marstv/backend_pomelochat/node_modules/pomelo-logger/test/logTest.js] [11630] [39mtest3
[2014-12-23 01:35:16.356] [ERROR] log - [31m9: [/mnt/hgfs/src/marstv/backend_pomelochat/node_modules/pomelo-logger/test/logTest.js] [11630] [39mtest3
[2014-12-23 01:35:17.357] [ERROR] log - [31m9: [/mnt/hgfs/src/marstv/backend_pomelochat/node_modules/pomelo-logger/test/logTest.js] [11630] [39mtest3
[2014-12-23 01:35:18.362] [ERROR] log - [31m9: [/mnt/hgfs/src/marstv/backend_pomelochat/node_modules/pomelo-logger/test/logTest.js] [11630] [39mtest3
[2014-12-23 01:35:19.384] [WARN] log - [33m8: [/mnt/hgfs/src/marstv/backend_pomelochat/node_modules/pomelo-logger/test/logTest.js] [11630] [39mtest2
[2014-12-23 01:35:19.385] [ERROR] log - [31m9: [/mnt/hgfs/src/marstv/backend_pomelochat/node_modules/pomelo-logger/test/logTest.js] [11630] [39mtest3
[2014-12-23 01:35:20.385] [WARN] log - [33m8: [/mnt/hgfs/src/marstv/backend_pomelochat/node_modules/pomelo-logger/test/logTest.js] [11630] [39mtest2
[2014-12-23 01:35:20.386] [ERROR] log - [31m9: [/mnt/hgfs/src/marstv/backend_pomelochat/node_modules/pomelo-logger/test/logTest.js] [11630] [39mtest3
[2014-12-23 01:35:21.389] [WARN] log - [33m8: [/mnt/hgfs/src/marstv/backend_pomelochat/node_modules/pomelo-logger/test/logTest.js] [11630] [39mtest2
[2014-12-23 01:35:21.389] [ERROR] log - [31m9: [/mnt/hgfs/src/marstv/backend_pomelochat/node_modules/pomelo-logger/test/logTest.js] [11630] [39mtest3
[2014-12-23 01:35:22.389] [WARN] log - [33m8: [/mnt/hgfs/src/marstv/backend_pomelochat/node_modules/pomelo-logger/test/logTest.js] [11630] [39mtest2
[2014-12-23 01:35:22.391] [ERROR] log - [31m9: [/mnt/hgfs/src/marstv/backend_pomelochat/node_modules/pomelo-logger/test/logTest.js] [11630] [39mtest3
[2014-12-23 01:35:23.391] [WARN] log - [33m8: [/mnt/hgfs/src/marstv/backend_pomelochat/node_modules/pomelo-logger/test/logTest.js] [11630] [39mtest2
[2014-12-23 01:35:23.395] [ERROR] log - [31m9: [/mnt/hgfs/src/marstv/backend_pomelochat/node_modules/pomelo-logger/test/logTest.js] [11630] [39mtest3
[2014-12-23 01:35:24.398] [WARN] log - [33m8: [/mnt/hgfs/src/marstv/backend_pomelochat/node_modules/pomelo-logger/test/logTest.js] [11630] [39mtest2
[2014-12-23 01:35:24.398] [ERROR] log - [31m9: [/mnt/hgfs/src/marstv/backend_pomelochat/node_modules/pomelo-logger/test/logTest.js] [11630] [39mtest3
[2014-12-23 01:35:25.401] [WARN] log - [33m8: [/mnt/hgfs/src/marstv/backend_pomelochat/node_modules/pomelo-logger/test/logTest.js] [11630] [39mtest2
[2014-12-23 01:35:25.401] [ERROR] log - [31m9: [/mnt/hgfs/src/marstv/backend_pomelochat/node_modules/pomelo-logger/test/logTest.js] [11630] [39mtest3
[2014-12-23 01:35:26.403] [WARN] log - [33m8: [/mnt/hgfs/src/marstv/backend_pomelochat/node_modules/pomelo-logger/test/logTest.js] [11630] [39mtest2
[2014-12-23 01:35:26.403] [ERROR] log - [31m9: [/mnt/hgfs/src/marstv/backend_pomelochat/node_modules/pomelo-logger/test/logTest.js] [11630] [39mtest3
[2014-12-23 01:35:27.408] [WARN] log - [33m8: [/mnt/hgfs/src/marstv/backend_pomelochat/node_modules/pomelo-logger/test/logTest.js] [11630] [39mtest2
[2014-12-23 01:35:27.408] [ERROR] log - [31m9: [/mnt/hgfs/src/marstv/backend_pomelochat/node_modules/pomelo-logger/test/logTest.js] [11630] [39mtest3
[2014-12-23 01:35:28.410] [WARN] log - [33m8: [/mnt/hgfs/src/marstv/backend_pomelochat/node_modules/pomelo-logger/test/logTest.js] [11630] [39mtest2
[2014-12-23 01:35:28.411] [ERROR] log - [31m9: [/mnt/hgfs/src/marstv/backend_pomelochat/node_modules/pomelo-logger/test/logTest.js] [11630] [39mtest3
[2014-12-23 01:35:29.413] [WARN] log - [33m8: [/mnt/hgfs/src/marstv/backend_pomelochat/node_modules/pomelo-logger/test/logTest.js] [11630] [39mtest2
[2014-12-23 01:35:29.414] [ERROR] log - [31m9: [/mnt/hgfs/src/marstv/backend_pomelochat/node_modules/pomelo-logger/test/logTest.js] [11630] [39mtest3
[2014-12-23 01:35:30.417] [WARN] log - [33m8: [/mnt/hgfs/src/marstv/backend_pomelochat/node_modules/pomelo-logger/test/logTest.js] [11630] [39mtest2
[2014-12-23 01:35:30.417] [ERROR] log - [31m9: [/mnt/hgfs/src/marstv/backend_pomelochat/node_modules/pomelo-logger/test/logTest.js] [11630] [39mtest3
[2014-12-23 01:37:58.653] [WARN] log - [33m8: [/mnt/hgfs/src/marstv/backend_pomelochat/node_modules/pomelo-logger/test/logTest.js] [11638] [39mtest2
[2014-12-23 01:37:58.656] [ERROR] log - [31m9: [/mnt/hgfs/src/marstv/backend_pomelochat/node_modules/pomelo-logger/test/logTest.js] [11638] [39mtest3
[2014-12-23 01:37:59.659] [WARN] log - [33m8: [/mnt/hgfs/src/marstv/backend_pomelochat/node_modules/pomelo-logger/test/logTest.js] [11638] [39mtest2
[2014-12-23 01:37:59.659] [ERROR] log - [31m9: [/mnt/hgfs/src/marstv/backend_pomelochat/node_modules/pomelo-logger/test/logTest.js] [11638] [39mtest3
[2014-12-23 01:38:00.662] [WARN] log - [33m8: [/mnt/hgfs/src/marstv/backend_pomelochat/node_modules/pomelo-logger/test/logTest.js] [11638] [39mtest2
[2014-12-23 01:38:00.662] [ERROR] log - [31m9: [/mnt/hgfs/src/marstv/backend_pomelochat/node_modules/pomelo-logger/test/logTest.js] [11638] [39mtest3
[2014-12-23 01:38:01.663] [WARN] log - [33m8: [/mnt/hgfs/src/marstv/backend_pomelochat/node_modules/pomelo-logger/test/logTest.js] [11638] [39mtest2
[2014-12-23 01:38:01.663] [ERROR] log - [31m9: [/mnt/hgfs/src/marstv/backend_pomelochat/node_modules/pomelo-logger/test/logTest.js] [11638] [39mtest3
[2014-12-23 01:38:02.666] [WARN] log - [33m8: [/mnt/hgfs/src/marstv/backend_pomelochat/node_modules/pomelo-logger/test/logTest.js] [11638] [39mtest2
[2014-12-23 01:38:02.667] [ERROR] log - [31m9: [/mnt/hgfs/src/marstv/backend_pomelochat/node_modules/pomelo-logger/test/logTest.js] [11638] [39mtest3
[2014-12-23 01:38:03.670] [WARN] log - [33m8: [/mnt/hgfs/src/marstv/backend_pomelochat/node_modules/pomelo-logger/test/logTest.js] [11638] [39mtest2
[2014-12-23 01:38:03.671] [ERROR] log - [31m9: [/mnt/hgfs/src/marstv/backend_pomelochat/node_modules/pomelo-logger/test/logTest.js] [11638] [39mtest3
[2014-12-23 01:38:04.672] [WARN] log - [33m8: [/mnt/hgfs/src/marstv/backend_pomelochat/node_modules/pomelo-logger/test/logTest.js] [11638] [39mtest2
[2014-12-23 01:38:04.672] [ERROR] log - [31m9: [/mnt/hgfs/src/marstv/backend_pomelochat/node_modules/pomelo-logger/test/logTest.js] [11638] [39mtest3
[2014-12-23 01:38:23.786] [WARN] log - [33m8: [/mnt/hgfs/src/marstv/backend_pomelochat/node_modules/pomelo-logger/test/logTest.js] [11646] [39mtest2
[2014-12-23 01:38:23.789] [ERROR] log - [31m9: [/mnt/hgfs/src/marstv/backend_pomelochat/node_modules/pomelo-logger/test/logTest.js] [11646] [39mtest3
[2014-12-23 01:38:24.789] [WARN] log - [33m8: [/mnt/hgfs/src/marstv/backend_pomelochat/node_modules/pomelo-logger/test/logTest.js] [11646] [39mtest2
[2014-12-23 01:38:24.790] [ERROR] log - [31m9: [/mnt/hgfs/src/marstv/backend_pomelochat/node_modules/pomelo-logger/test/logTest.js] [11646] [39mtest3
[2014-12-23 01:38:25.791] [WARN] log - [33m8: [/mnt/hgfs/src/marstv/backend_pomelochat/node_modules/pomelo-logger/test/logTest.js] [11646] [39mtest2
[2014-12-23 01:38:25.791] [ERROR] log - [31m9: [/mnt/hgfs/src/marstv/backend_pomelochat/node_modules/pomelo-logger/test/logTest.js] [11646] [39mtest3
[2014-12-23 01:38:26.794] [WARN] log - [33m8: [/mnt/hgfs/src/marstv/backend_pomelochat/node_modules/pomelo-logger/test/logTest.js] [11646] [39mtest2
[2014-12-23 01:38:26.794] [ERROR] log - [31m9: [/mnt/hgfs/src/marstv/backend_pomelochat/node_modules/pomelo-logger/test/logTest.js] [11646] [39mtest3
[2014-12-23 01:38:27.796] [WARN] log - [33m8: [/mnt/hgfs/src/marstv/backend_pomelochat/node_modules/pomelo-logger/test/logTest.js] [11646] [39mtest2
[2014-12-23 01:38:27.797] [ERROR] log - [31m9: [/mnt/hgfs/src/marstv/backend_pomelochat/node_modules/pomelo-logger/test/logTest.js] [11646] [39mtest3
[2014-12-23 01:39:08.407] [WARN] log - [33m8: [/mnt/hgfs/src/marstv/backend_pomelochat/node_modules/pomelo-logger/test/logTest.js] [11654] [39mtest2
[2014-12-23 01:39:08.410] [ERROR] log - [31m9: [/mnt/hgfs/src/marstv/backend_pomelochat/node_modules/pomelo-logger/test/logTest.js] [11654] [39mtest3
[2014-12-23 01:39:09.413] [WARN] log - [33m8: [/mnt/hgfs/src/marstv/backend_pomelochat/node_modules/pomelo-logger/test/logTest.js] [11654] [39mtest2
[2014-12-23 01:39:09.413] [ERROR] log - [31m9: [/mnt/hgfs/src/marstv/backend_pomelochat/node_modules/pomelo-logger/test/logTest.js] [11654] [39mtest3
[2014-12-23 01:39:10.414] [WARN] log - [33m8: [/mnt/hgfs/src/marstv/backend_pomelochat/node_modules/pomelo-logger/test/logTest.js] [11654] [39mtest2
[2014-12-23 01:39:10.416] [ERROR] log - [31m9: [/mnt/hgfs/src/marstv/backend_pomelochat/node_modules/pomelo-logger/test/logTest.js] [11654] [39mtest3
[2014-12-23 01:39:11.418] [WARN] log - [33m8: [/mnt/hgfs/src/marstv/backend_pomelochat/node_modules/pomelo-logger/test/logTest.js] [11654] [39mtest2
[2014-12-23 01:39:11.418] [ERROR] log - [31m9: [/mnt/hgfs/src/marstv/backend_pomelochat/node_modules/pomelo-logger/test/logTest.js] [11654] [39mtest3
[2014-12-23 01:39:12.420] [WARN] log - [33m8: [/mnt/hgfs/src/marstv/backend_pomelochat/node_modules/pomelo-logger/test/logTest.js] [11654] [39mtest2
[2014-12-23 01:39:12.420] [ERROR] log - [31m9: [/mnt/hgfs/src/marstv/backend_pomelochat/node_modules/pomelo-logger/test/logTest.js] [11654] [39mtest3
[2014-12-23 01:39:13.422] [WARN] log - [33m8: [/mnt/hgfs/src/marstv/backend_pomelochat/node_modules/pomelo-logger/test/logTest.js] [11654] [39mtest2
[2014-12-23 01:39:13.422] [ERROR] log - [31m9: [/mnt/hgfs/src/marstv/backend_pomelochat/node_modules/pomelo-logger/test/logTest.js] [11654] [39mtest3
[2014-12-23 01:39:14.423] [WARN] log - [33m8: [/mnt/hgfs/src/marstv/backend_pomelochat/node_modules/pomelo-logger/test/logTest.js] [11654] [39mtest2
[2014-12-23 01:39:14.423] [ERROR] log - [31m9: [/mnt/hgfs/src/marstv/backend_pomelochat/node_modules/pomelo-logger/test/logTest.js] [11654] [39mtest3
[2014-12-23 01:39:15.426] [WARN] log - [33m8: [/mnt/hgfs/src/marstv/backend_pomelochat/node_modules/pomelo-logger/test/logTest.js] [11654] [39mtest2
[2014-12-23 01:39:15.427] [ERROR] log - [31m9: [/mnt/hgfs/src/marstv/backend_pomelochat/node_modules/pomelo-logger/test/logTest.js] [11654] [39mtest3
[2014-12-23 01:39:37.733] [WARN] log - [33m8: [/mnt/hgfs/src/marstv/backend_pomelochat/node_modules/pomelo-logger/test/logTest.js] [11660] [39mtest2
[2014-12-23 01:39:37.736] [ERROR] log - [31m9: [/mnt/hgfs/src/marstv/backend_pomelochat/node_modules/pomelo-logger/test/logTest.js] [11660] [39mtest3
[2014-12-23 01:39:38.740] [WARN] log - [33m8: [/mnt/hgfs/src/marstv/backend_pomelochat/node_modules/pomelo-logger/test/logTest.js] [11660] [39mtest2
[2014-12-23 01:39:38.740] [ERROR] log - [31m9: [/mnt/hgfs/src/marstv/backend_pomelochat/node_modules/pomelo-logger/test/logTest.js] [11660] [39mtest3
[2014-12-23 01:39:39.742] [WARN] log - [33m8: [/mnt/hgfs/src/marstv/backend_pomelochat/node_modules/pomelo-logger/test/logTest.js] [11660] [39mtest2
[2014-12-23 01:39:39.743] [ERROR] log - [31m9: [/mnt/hgfs/src/marstv/backend_pomelochat/node_modules/pomelo-logger/test/logTest.js] [11660] [39mtest3
[2014-12-23 01:39:40.743] [WARN] log - [33m8: [/mnt/hgfs/src/marstv/backend_pomelochat/node_modules/pomelo-logger/test/logTest.js] [11660] [39mtest2
[2014-12-23 01:39:40.744] [ERROR] log - [31m9: [/mnt/hgfs/src/marstv/backend_pomelochat/node_modules/pomelo-logger/test/logTest.js] [11660] [39mtest3
[2014-12-23 01:39:41.747] [WARN] log - [33m8: [/mnt/hgfs/src/marstv/backend_pomelochat/node_modules/pomelo-logger/test/logTest.js] [11660] [39mtest2
[2014-12-23 01:39:41.747] [ERROR] log - [31m9: [/mnt/hgfs/src/marstv/backend_pomelochat/node_modules/pomelo-logger/test/logTest.js] [11660] [39mtest3
[2014-12-23 01:39:42.748] [WARN] log - [33m8: [/mnt/hgfs/src/marstv/backend_pomelochat/node_modules/pomelo-logger/test/logTest.js] [11660] [39mtest2
[2014-12-23 01:39:42.749] [ERROR] log - [31m9: [/mnt/hgfs/src/marstv/backend_pomelochat/node_modules/pomelo-logger/test/logTest.js] [11660] [39mtest3
[2014-12-23 01:39:43.752] [WARN] log - [33m8: [/mnt/hgfs/src/marstv/backend_pomelochat/node_modules/pomelo-logger/test/logTest.js] [11660] [39mtest2
[2014-12-23 01:39:43.752] [ERROR] log - [31m9: [/mnt/hgfs/src/marstv/backend_pomelochat/node_modules/pomelo-logger/test/logTest.js] [11660] [39mtest3
[2014-12-23 01:39:44.753] [WARN] log - [33m8: [/mnt/hgfs/src/marstv/backend_pomelochat/node_modules/pomelo-logger/test/logTest.js] [11660] [39mtest2
[2014-12-23 01:39:44.753] [ERROR] log - [31m9: [/mnt/hgfs/src/marstv/backend_pomelochat/node_modules/pomelo-logger/test/logTest.js] [11660] [39mtest3
[2014-12-23 01:39:45.756] [WARN] log - [33m8: [/mnt/hgfs/src/marstv/backend_pomelochat/node_modules/pomelo-logger/test/logTest.js] [11660] [39mtest2
[2014-12-23 01:39:45.757] [ERROR] log - [31m9: [/mnt/hgfs/src/marstv/backend_pomelochat/node_modules/pomelo-logger/test/logTest.js] [11660] [39mtest3
[2014-12-23 01:39:46.759] [WARN] log - [33m8: [/mnt/hgfs/src/marstv/backend_pomelochat/node_modules/pomelo-logger/test/logTest.js] [11660] [39mtest2
[2014-12-23 01:39:46.759] [ERROR] log - [31m9: [/mnt/hgfs/src/marstv/backend_pomelochat/node_modules/pomelo-logger/test/logTest.js] [11660] [39mtest3
[2014-12-23 01:39:47.760] [WARN] log - [33m8: [/mnt/hgfs/src/marstv/backend_pomelochat/node_modules/pomelo-logger/test/logTest.js] [11660] [39mtest2
[2014-12-23 01:39:47.763] [ERROR] log - [31m9: [/mnt/hgfs/src/marstv/backend_pomelochat/node_modules/pomelo-logger/test/logTest.js] [11660] [39mtest3
[2014-12-23 01:42:16.194] [WARN] log - [33m8: [/mnt/hgfs/src/marstv/backend_pomelochat/node_modules/pomelo-logger/test/logTest.js] [11669] [39mtest2
[2014-12-23 01:42:16.197] [ERROR] log - [31m9: [/mnt/hgfs/src/marstv/backend_pomelochat/node_modules/pomelo-logger/test/logTest.js] [11669] [39mtest3
[2014-12-23 01:42:17.199] [WARN] log - [33m8: [/mnt/hgfs/src/marstv/backend_pomelochat/node_modules/pomelo-logger/test/logTest.js] [11669] [39mtest2
[2014-12-23 01:42:17.199] [ERROR] log - [31m9: [/mnt/hgfs/src/marstv/backend_pomelochat/node_modules/pomelo-logger/test/logTest.js] [11669] [39mtest3
[2014-12-23 01:42:18.201] [WARN] log - [33m8: [/mnt/hgfs/src/marstv/backend_pomelochat/node_modules/pomelo-logger/test/logTest.js] [11669] [39mtest2
[2014-12-23 01:42:18.201] [ERROR] log - [31m9: [/mnt/hgfs/src/marstv/backend_pomelochat/node_modules/pomelo-logger/test/logTest.js] [11669] [39mtest3
[2014-12-23 01:42:19.204] [WARN] log - [33m8: [/mnt/hgfs/src/marstv/backend_pomelochat/node_modules/pomelo-logger/test/logTest.js] [11669] [39mtest2
[2014-12-23 01:42:19.204] [ERROR] log - [31m9: [/mnt/hgfs/src/marstv/backend_pomelochat/node_modules/pomelo-logger/test/logTest.js] [11669] [39mtest3
[2014-12-23 01:42:20.206] [WARN] log - [33m8: [/mnt/hgfs/src/marstv/backend_pomelochat/node_modules/pomelo-logger/test/logTest.js] [11669] [39mtest2
[2014-12-23 01:42:20.208] [ERROR] log - [31m9: [/mnt/hgfs/src/marstv/backend_pomelochat/node_modules/pomelo-logger/test/logTest.js] [11669] [39mtest3
[2014-12-23 01:42:21.209] [WARN] log - [33m8: [/mnt/hgfs/src/marstv/backend_pomelochat/node_modules/pomelo-logger/test/logTest.js] [11669] [39mtest2
[2014-12-23 01:42:21.210] [ERROR] log - [31m9: [/mnt/hgfs/src/marstv/backend_pomelochat/node_modules/pomelo-logger/test/logTest.js] [11669] [39mtest3
[2014-12-23 01:42:22.214] [WARN] log - [33m8: [/mnt/hgfs/src/marstv/backend_pomelochat/node_modules/pomelo-logger/test/logTest.js] [11669] [39mtest2
[2014-12-23 01:42:22.215] [ERROR] log - [31m9: [/mnt/hgfs/src/marstv/backend_pomelochat/node_modules/pomelo-logger/test/logTest.js] [11669] [39mtest3
[2014-12-23 01:43:10.641] [WARN] log - [33m8: [/mnt/hgfs/src/marstv/backend_pomelochat/node_modules/pomelo-logger/test/logTest.js] [11675] [39mtest2
[2014-12-23 01:43:10.644] [ERROR] log - [31m9: [/mnt/hgfs/src/marstv/backend_pomelochat/node_modules/pomelo-logger/test/logTest.js] [11675] [39mtest3
[2014-12-23 01:43:11.647] [WARN] log - [33m8: [/mnt/hgfs/src/marstv/backend_pomelochat/node_modules/pomelo-logger/test/logTest.js] [11675] [39mtest2
[2014-12-23 01:43:11.647] [ERROR] log - [31m9: [/mnt/hgfs/src/marstv/backend_pomelochat/node_modules/pomelo-logger/test/logTest.js] [11675] [39mtest3
[2014-12-23 01:43:12.648] [WARN] log - [33m8: [/mnt/hgfs/src/marstv/backend_pomelochat/node_modules/pomelo-logger/test/logTest.js] [11675] [39mtest2
[2014-12-23 01:43:12.650] [ERROR] log - [31m9: [/mnt/hgfs/src/marstv/backend_pomelochat/node_modules/pomelo-logger/test/logTest.js] [11675] [39mtest3
[2014-12-23 01:43:13.650] [WARN] log - [33m8: [/mnt/hgfs/src/marstv/backend_pomelochat/node_modules/pomelo-logger/test/logTest.js] [11675] [39mtest2
[2014-12-23 01:43:13.651] [ERROR] log - [31m9: [/mnt/hgfs/src/marstv/backend_pomelochat/node_modules/pomelo-logger/test/logTest.js] [11675] [39mtest3
[2014-12-23 01:43:14.653] [WARN] log - [33m8: [/mnt/hgfs/src/marstv/backend_pomelochat/node_modules/pomelo-logger/test/logTest.js] [11675] [39mtest2
[2014-12-23 01:43:14.654] [ERROR] log - [31m9: [/mnt/hgfs/src/marstv/backend_pomelochat/node_modules/pomelo-logger/test/logTest.js] [11675] [39mtest3
[2014-12-23 01:43:15.657] [WARN] log - [33m8: [/mnt/hgfs/src/marstv/backend_pomelochat/node_modules/pomelo-logger/test/logTest.js] [11675] [39mtest2
[2014-12-23 01:43:15.657] [ERROR] log - [31m9: [/mnt/hgfs/src/marstv/backend_pomelochat/node_modules/pomelo-logger/test/logTest.js] [11675] [39mtest3
[2014-12-23 01:43:16.679] [WARN] log - [33m8: [/mnt/hgfs/src/marstv/backend_pomelochat/node_modules/pomelo-logger/test/logTest.js] [11675] [39mtest2
[2014-12-23 01:43:16.680] [ERROR] log - [31m9: [/mnt/hgfs/src/marstv/backend_pomelochat/node_modules/pomelo-logger/test/logTest.js] [11675] [39mtest3
[2014-12-23 01:43:17.682] [WARN] log - [33m8: [/mnt/hgfs/src/marstv/backend_pomelochat/node_modules/pomelo-logger/test/logTest.js] [11675] [39mtest2
[2014-12-23 01:43:17.683] [ERROR] log - [31m9: [/mnt/hgfs/src/marstv/backend_pomelochat/node_modules/pomelo-logger/test/logTest.js] [11675] [39mtest3
[2014-12-23 01:43:18.685] [WARN] log - [33m8: [/mnt/hgfs/src/marstv/backend_pomelochat/node_modules/pomelo-logger/test/logTest.js] [11675] [39mtest2
[2014-12-23 01:43:18.686] [ERROR] log - [31m9: [/mnt/hgfs/src/marstv/backend_pomelochat/node_modules/pomelo-logger/test/logTest.js] [11675] [39mtest3
[2014-12-23 01:43:19.690] [WARN] log - [33m8: [/mnt/hgfs/src/marstv/backend_pomelochat/node_modules/pomelo-logger/test/logTest.js] [11675] [39mtest2
[2014-12-23 01:43:19.690] [ERROR] log - [31m9: [/mnt/hgfs/src/marstv/backend_pomelochat/node_modules/pomelo-logger/test/logTest.js] [11675] [39mtest3
[2014-12-23 01:43:20.692] [WARN] log - [33m8: [/mnt/hgfs/src/marstv/backend_pomelochat/node_modules/pomelo-logger/test/logTest.js] [11675] [39mtest2
[2014-12-23 01:43:20.692] [ERROR] log - [31m9: [/mnt/hgfs/src/marstv/backend_pomelochat/node_modules/pomelo-logger/test/logTest.js] [11675] [39mtest3
[2014-12-23 01:43:21.696] [WARN] log - [33m8: [/mnt/hgfs/src/marstv/backend_pomelochat/node_modules/pomelo-logger/test/logTest.js] [11675] [39mtest2
[2014-12-23 01:43:21.697] [ERROR] log - [31m9: [/mnt/hgfs/src/marstv/backend_pomelochat/node_modules/pomelo-logger/test/logTest.js] [11675] [39mtest3
[2014-12-23 01:43:22.698] [WARN] log - [33m8: [/mnt/hgfs/src/marstv/backend_pomelochat/node_modules/pomelo-logger/test/logTest.js] [11675] [39mtest2
[2014-12-23 01:43:22.699] [ERROR] log - [31m9: [/mnt/hgfs/src/marstv/backend_pomelochat/node_modules/pomelo-logger/test/logTest.js] [11675] [39mtest3
[2014-12-23 01:43:23.701] [WARN] log - [33m8: [/mnt/hgfs/src/marstv/backend_pomelochat/node_modules/pomelo-logger/test/logTest.js] [11675] [39mtest2
[2014-12-23 01:43:23.702] [ERROR] log - [31m9: [/mnt/hgfs/src/marstv/backend_pomelochat/node_modules/pomelo-logger/test/logTest.js] [11675] [39mtest3
[2014-12-23 01:43:24.705] [WARN] log - [33m8: [/mnt/hgfs/src/marstv/backend_pomelochat/node_modules/pomelo-logger/test/logTest.js] [11675] [39mtest2
[2014-12-23 01:43:24.705] [ERROR] log - [31m9: [/mnt/hgfs/src/marstv/backend_pomelochat/node_modules/pomelo-logger/test/logTest.js] [11675] [39mtest3
[2014-12-23 01:43:25.708] [INFO] log - [32m7: [/mnt/hgfs/src/marstv/backend_pomelochat/node_modules/pomelo-logger/test/logTest.js] [11675] [39mtest1
[2014-12-23 01:43:25.708] [WARN] log - [33m8: [/mnt/hgfs/src/marstv/backend_pomelochat/node_modules/pomelo-logger/test/logTest.js] [11675] [39mtest2
[2014-12-23 01:43:25.709] [ERROR] log - [31m9: [/mnt/hgfs/src/marstv/backend_pomelochat/node_modules/pomelo-logger/test/logTest.js] [11675] [39mtest3
[2014-12-23 01:43:26.710] [INFO] log - [32m7: [/mnt/hgfs/src/marstv/backend_pomelochat/node_modules/pomelo-logger/test/logTest.js] [11675] [39mtest1
[2014-12-23 01:43:26.711] [WARN] log - [33m8: [/mnt/hgfs/src/marstv/backend_pomelochat/node_modules/pomelo-logger/test/logTest.js] [11675] [39mtest2
[2014-12-23 01:43:26.711] [ERROR] log - [31m9: [/mnt/hgfs/src/marstv/backend_pomelochat/node_modules/pomelo-logger/test/logTest.js] [11675] [39mtest3
[2014-12-23 01:43:27.713] [INFO] log - [32m7: [/mnt/hgfs/src/marstv/backend_pomelochat/node_modules/pomelo-logger/test/logTest.js] [11675] [39mtest1
[2014-12-23 01:43:27.713] [WARN] log - [33m8: [/mnt/hgfs/src/marstv/backend_pomelochat/node_modules/pomelo-logger/test/logTest.js] [11675] [39mtest2
[2014-12-23 01:43:27.714] [ERROR] log - [31m9: [/mnt/hgfs/src/marstv/backend_pomelochat/node_modules/pomelo-logger/test/logTest.js] [11675] [39mtest3
[2014-12-23 01:43:28.714] [INFO] log - [32m7: [/mnt/hgfs/src/marstv/backend_pomelochat/node_modules/pomelo-logger/test/logTest.js] [11675] [39mtest1
[2014-12-23 01:43:28.714] [WARN] log - [33m8: [/mnt/hgfs/src/marstv/backend_pomelochat/node_modules/pomelo-logger/test/logTest.js] [11675] [39mtest2
[2014-12-23 01:43:28.715] [ERROR] log - [31m9: [/mnt/hgfs/src/marstv/backend_pomelochat/node_modules/pomelo-logger/test/logTest.js] [11675] [39mtest3
[2014-12-23 01:43:29.716] [INFO] log - [32m7: [/mnt/hgfs/src/marstv/backend_pomelochat/node_modules/pomelo-logger/test/logTest.js] [11675] [39mtest1
[2014-12-23 01:43:29.716] [WARN] log - [33m8: [/mnt/hgfs/src/marstv/backend_pomelochat/node_modules/pomelo-logger/test/logTest.js] [11675] [39mtest2
[2014-12-23 01:43:29.716] [ERROR] log - [31m9: [/mnt/hgfs/src/marstv/backend_pomelochat/node_modules/pomelo-logger/test/logTest.js] [11675] [39mtest3
[2014-12-23 01:43:30.718] [INFO] log - [32m7: [/mnt/hgfs/src/marstv/backend_pomelochat/node_modules/pomelo-logger/test/logTest.js] [11675] [39mtest1
[2014-12-23 01:43:30.718] [WARN] log - [33m8: [/mnt/hgfs/src/marstv/backend_pomelochat/node_modules/pomelo-logger/test/logTest.js] [11675] [39mtest2
[2014-12-23 01:43:30.718] [ERROR] log - [31m9: [/mnt/hgfs/src/marstv/backend_pomelochat/node_modules/pomelo-logger/test/logTest.js] [11675] [39mtest3
[2014-12-23 01:43:31.720] [INFO] log - [32m7: [/mnt/hgfs/src/marstv/backend_pomelochat/node_modules/pomelo-logger/test/logTest.js] [11675] [39mtest1
[2014-12-23 01:43:31.720] [WARN] log - [33m8: [/mnt/hgfs/src/marstv/backend_pomelochat/node_modules/pomelo-logger/test/logTest.js] [11675] [39mtest2
[2014-12-23 01:43:31.722] [ERROR] log - [31m9: [/mnt/hgfs/src/marstv/backend_pomelochat/node_modules/pomelo-logger/test/logTest.js] [11675] [39mtest3
[2014-12-23 01:43:32.722] [INFO] log - [32m7: [/mnt/hgfs/src/marstv/backend_pomelochat/node_modules/pomelo-logger/test/logTest.js] [11675] [39mtest1
[2014-12-23 01:43:32.722] [WARN] log - [33m8: [/mnt/hgfs/src/marstv/backend_pomelochat/node_modules/pomelo-logger/test/logTest.js] [11675] [39mtest2
[2014-12-23 01:43:32.723] [ERROR] log - [31m9: [/mnt/hgfs/src/marstv/backend_pomelochat/node_modules/pomelo-logger/test/logTest.js] [11675] [39mtest3
[2014-12-23 01:43:33.724] [INFO] log - [32m7: [/mnt/hgfs/src/marstv/backend_pomelochat/node_modules/pomelo-logger/test/logTest.js] [11675] [39mtest1
[2014-12-23 01:43:33.724] [WARN] log - [33m8: [/mnt/hgfs/src/marstv/backend_pomelochat/node_modules/pomelo-logger/test/logTest.js] [11675] [39mtest2
[2014-12-23 01:43:33.725] [ERROR] log - [31m9: [/mnt/hgfs/src/marstv/backend_pomelochat/node_modules/pomelo-logger/test/logTest.js] [11675] [39mtest3
[2014-12-23 01:43:34.727] [INFO] log - [32m7: [/mnt/hgfs/src/marstv/backend_pomelochat/node_modules/pomelo-logger/test/logTest.js] [11675] [39mtest1
[2014-12-23 01:43:34.727] [WARN] log - [33m8: [/mnt/hgfs/src/marstv/backend_pomelochat/node_modules/pomelo-logger/test/logTest.js] [11675] [39mtest2
[2014-12-23 01:43:34.728] [ERROR] log - [31m9: [/mnt/hgfs/src/marstv/backend_pomelochat/node_modules/pomelo-logger/test/logTest.js] [11675] [39mtest3
[2014-12-23 01:43:35.729] [INFO] log - [32m7: [/mnt/hgfs/src/marstv/backend_pomelochat/node_modules/pomelo-logger/test/logTest.js] [11675] [39mtest1
[2014-12-23 01:43:35.730] [WARN] log - [33m8: [/mnt/hgfs/src/marstv/backend_pomelochat/node_modules/pomelo-logger/test/logTest.js] [11675] [39mtest2
[2014-12-23 01:43:35.732] [ERROR] log - [31m9: [/mnt/hgfs/src/marstv/backend_pomelochat/node_modules/pomelo-logger/test/logTest.js] [11675] [39mtest3
[2014-12-23 01:43:36.735] [INFO] log - [32m7: [/mnt/hgfs/src/marstv/backend_pomelochat/node_modules/pomelo-logger/test/logTest.js] [11675] [39mtest1
[2014-12-23 01:43:36.739] [WARN] log - [33m8: [/mnt/hgfs/src/marstv/backend_pomelochat/node_modules/pomelo-logger/test/logTest.js] [11675] [39mtest2
[2014-12-23 01:43:36.740] [ERROR] log - [31m9: [/mnt/hgfs/src/marstv/backend_pomelochat/node_modules/pomelo-logger/test/logTest.js] [11675] [39mtest3
[2014-12-23 01:43:37.745] [INFO] log - [32m7: [/mnt/hgfs/src/marstv/backend_pomelochat/node_modules/pomelo-logger/test/logTest.js] [11675] [39mtest1
[2014-12-23 01:43:37.745] [WARN] log - [33m8: [/mnt/hgfs/src/marstv/backend_pomelochat/node_modules/pomelo-logger/test/logTest.js] [11675] [39mtest2
[2014-12-23 01:43:37.747] [ERROR] log - [31m9: [/mnt/hgfs/src/marstv/backend_pomelochat/node_modules/pomelo-logger/test/logTest.js] [11675] [39mtest3
[2014-12-23 01:43:38.746] [INFO] log - [32m7: [/mnt/hgfs/src/marstv/backend_pomelochat/node_modules/pomelo-logger/test/logTest.js] [11675] [39mtest1
[2014-12-23 01:43:38.747] [WARN] log - [33m8: [/mnt/hgfs/src/marstv/backend_pomelochat/node_modules/pomelo-logger/test/logTest.js] [11675] [39mtest2
[2014-12-23 01:43:38.747] [ERROR] log - [31m9: [/mnt/hgfs/src/marstv/backend_pomelochat/node_modules/pomelo-logger/test/logTest.js] [11675] [39mtest3
[2014-12-23 01:43:39.750] [INFO] log - [32m7: [/mnt/hgfs/src/marstv/backend_pomelochat/node_modules/pomelo-logger/test/logTest.js] [11675] [39mtest1
[2014-12-23 01:43:39.751] [WARN] log - [33m8: [/mnt/hgfs/src/marstv/backend_pomelochat/node_modules/pomelo-logger/test/logTest.js] [11675] [39mtest2
[2014-12-23 01:43:39.751] [ERROR] log - [31m9: [/mnt/hgfs/src/marstv/backend_pomelochat/node_modules/pomelo-logger/test/logTest.js] [11675] [39mtest3
[2014-12-23 01:43:40.755] [INFO] log - [32m7: [/mnt/hgfs/src/marstv/backend_pomelochat/node_modules/pomelo-logger/test/logTest.js] [11675] [39mtest1
[2014-12-23 01:43:40.756] [WARN] log - [33m8: [/mnt/hgfs/src/marstv/backend_pomelochat/node_modules/pomelo-logger/test/logTest.js] [11675] [39mtest2
[2014-12-23 01:43:40.756] [ERROR] log - [31m9: [/mnt/hgfs/src/marstv/backend_pomelochat/node_modules/pomelo-logger/test/logTest.js] [11675] [39mtest3
[2014-12-23 01:43:41.758] [INFO] log - [32m7: [/mnt/hgfs/src/marstv/backend_pomelochat/node_modules/pomelo-logger/test/logTest.js] [11675] [39mtest1
[2014-12-23 01:43:41.758] [WARN] log - [33m8: [/mnt/hgfs/src/marstv/backend_pomelochat/node_modules/pomelo-logger/test/logTest.js] [11675] [39mtest2
[2014-12-23 01:43:41.758] [ERROR] log - [31m9: [/mnt/hgfs/src/marstv/backend_pomelochat/node_modules/pomelo-logger/test/logTest.js] [11675] [39mtest3
[2014-12-23 01:43:42.547] [INFO] console - reload log config file ./log4js.json mtime=1419327822000
[2014-12-23 01:43:42.548] [INFO] console - { appenders: 
   [ { type: 'file',
       filename: './test.log',
       fileSize: 10485760,
       layout: [Object],
       backups: 5 },
     { type: 'console' } ],
  levels: { '[all]': 'INFo' },
  replaceConsole: true,
  lineDebug: true,
  reloadSecs: 1 }
[2014-12-23 01:43:42.762] [INFO] log - [32m7: [/mnt/hgfs/src/marstv/backend_pomelochat/node_modules/pomelo-logger/test/logTest.js] [11675] [39mtest1
[2014-12-23 01:43:42.762] [WARN] log - [33m8: [/mnt/hgfs/src/marstv/backend_pomelochat/node_modules/pomelo-logger/test/logTest.js] [11675] [39mtest2
[2014-12-23 01:43:42.762] [ERROR] log - [31m9: [/mnt/hgfs/src/marstv/backend_pomelochat/node_modules/pomelo-logger/test/logTest.js] [11675] [39mtest3
[2014-12-23 01:43:43.766] [INFO] log - [32m7: [/mnt/hgfs/src/marstv/backend_pomelochat/node_modules/pomelo-logger/test/logTest.js] [11675] [39mtest1
[2014-12-23 01:43:43.766] [WARN] log - [33m8: [/mnt/hgfs/src/marstv/backend_pomelochat/node_modules/pomelo-logger/test/logTest.js] [11675] [39mtest2
[2014-12-23 01:43:43.767] [ERROR] log - [31m9: [/mnt/hgfs/src/marstv/backend_pomelochat/node_modules/pomelo-logger/test/logTest.js] [11675] [39mtest3
[2014-12-23 01:43:44.767] [INFO] log - [32m7: [/mnt/hgfs/src/marstv/backend_pomelochat/node_modules/pomelo-logger/test/logTest.js] [11675] [39mtest1
[2014-12-23 01:43:44.767] [WARN] log - [33m8: [/mnt/hgfs/src/marstv/backend_pomelochat/node_modules/pomelo-logger/test/logTest.js] [11675] [39mtest2
[2014-12-23 01:43:44.768] [ERROR] log - [31m9: [/mnt/hgfs/src/marstv/backend_pomelochat/node_modules/pomelo-logger/test/logTest.js] [11675] [39mtest3
[2014-12-23 01:43:45.770] [INFO] log - [32m7: [/mnt/hgfs/src/marstv/backend_pomelochat/node_modules/pomelo-logger/test/logTest.js] [11675] [39mtest1
[2014-12-23 01:43:45.770] [WARN] log - [33m8: [/mnt/hgfs/src/marstv/backend_pomelochat/node_modules/pomelo-logger/test/logTest.js] [11675] [39mtest2
[2014-12-23 01:43:45.770] [ERROR] log - [31m9: [/mnt/hgfs/src/marstv/backend_pomelochat/node_modules/pomelo-logger/test/logTest.js] [11675] [39mtest3
[2014-12-23 01:43:46.772] [INFO] log - [32m7: [/mnt/hgfs/src/marstv/backend_pomelochat/node_modules/pomelo-logger/test/logTest.js] [11675] [39mtest1
[2014-12-23 01:43:46.773] [WARN] log - [33m8: [/mnt/hgfs/src/marstv/backend_pomelochat/node_modules/pomelo-logger/test/logTest.js] [11675] [39mtest2
[2014-12-23 01:43:46.773] [ERROR] log - [31m9: [/mnt/hgfs/src/marstv/backend_pomelochat/node_modules/pomelo-logger/test/logTest.js] [11675] [39mtest3
[2014-12-23 01:43:47.564] [INFO] console - reload log config file ./log4js.json mtime=1419327828000
[2014-12-23 01:43:47.565] [INFO] console - { appenders: 
   [ { type: 'file',
       filename: './test.log',
       fileSize: 10485760,
       layout: [Object],
       backups: 5 },
     { type: 'console' } ],
  levels: { '[all]': 'INFO' },
  replaceConsole: true,
  lineDebug: true,
  reloadSecs: 1 }
[2014-12-23 01:43:47.776] [INFO] log - [32m7: [/mnt/hgfs/src/marstv/backend_pomelochat/node_modules/pomelo-logger/test/logTest.js] [11675] [39mtest1
[2014-12-23 01:43:47.776] [WARN] log - [33m8: [/mnt/hgfs/src/marstv/backend_pomelochat/node_modules/pomelo-logger/test/logTest.js] [11675] [39mtest2
[2014-12-23 01:43:47.776] [ERROR] log - [31m9: [/mnt/hgfs/src/marstv/backend_pomelochat/node_modules/pomelo-logger/test/logTest.js] [11675] [39mtest3
[2014-12-23 01:43:48.777] [INFO] log - [32m7: [/mnt/hgfs/src/marstv/backend_pomelochat/node_modules/pomelo-logger/test/logTest.js] [11675] [39mtest1
[2014-12-23 01:43:48.777] [WARN] log - [33m8: [/mnt/hgfs/src/marstv/backend_pomelochat/node_modules/pomelo-logger/test/logTest.js] [11675] [39mtest2
[2014-12-23 01:43:48.777] [ERROR] log - [31m9: [/mnt/hgfs/src/marstv/backend_pomelochat/node_modules/pomelo-logger/test/logTest.js] [11675] [39mtest3
[2014-12-23 01:43:49.779] [INFO] log - [32m7: [/mnt/hgfs/src/marstv/backend_pomelochat/node_modules/pomelo-logger/test/logTest.js] [11675] [39mtest1
[2014-12-23 01:43:49.779] [WARN] log - [33m8: [/mnt/hgfs/src/marstv/backend_pomelochat/node_modules/pomelo-logger/test/logTest.js] [11675] [39mtest2
[2014-12-23 01:43:49.780] [ERROR] log - [31m9: [/mnt/hgfs/src/marstv/backend_pomelochat/node_modules/pomelo-logger/test/logTest.js] [11675] [39mtest3
[2014-12-23 01:43:50.784] [INFO] log - [32m7: [/mnt/hgfs/src/marstv/backend_pomelochat/node_modules/pomelo-logger/test/logTest.js] [11675] [39mtest1
[2014-12-23 01:43:50.784] [WARN] log - [33m8: [/mnt/hgfs/src/marstv/backend_pomelochat/node_modules/pomelo-logger/test/logTest.js] [11675] [39mtest2
[2014-12-23 01:43:50.787] [ERROR] log - [31m9: [/mnt/hgfs/src/marstv/backend_pomelochat/node_modules/pomelo-logger/test/logTest.js] [11675] [39mtest3
[2014-12-23 01:43:51.787] [INFO] log - [32m7: [/mnt/hgfs/src/marstv/backend_pomelochat/node_modules/pomelo-logger/test/logTest.js] [11675] [39mtest1
[2014-12-23 01:43:51.788] [WARN] log - [33m8: [/mnt/hgfs/src/marstv/backend_pomelochat/node_modules/pomelo-logger/test/logTest.js] [11675] [39mtest2
[2014-12-23 01:43:51.788] [ERROR] log - [31m9: [/mnt/hgfs/src/marstv/backend_pomelochat/node_modules/pomelo-logger/test/logTest.js] [11675] [39mtest3
[2014-12-23 01:43:52.792] [INFO] log - [32m7: [/mnt/hgfs/src/marstv/backend_pomelochat/node_modules/pomelo-logger/test/logTest.js] [11675] [39mtest1
[2014-12-23 01:43:52.792] [WARN] log - [33m8: [/mnt/hgfs/src/marstv/backend_pomelochat/node_modules/pomelo-logger/test/logTest.js] [11675] [39mtest2
[2014-12-23 01:43:52.792] [ERROR] log - [31m9: [/mnt/hgfs/src/marstv/backend_pomelochat/node_modules/pomelo-logger/test/logTest.js] [11675] [39mtest3
[2014-12-23 01:43:53.582] [INFO] console - reload log config file ./log4js.json mtime=1419327833000
[2014-12-23 01:43:53.583] [INFO] console - { appenders: 
   [ { type: 'file',
       filename: './test.log',
       fileSize: 10485760,
       layout: [Object],
       backups: 5 },
     { type: 'console' } ],
  levels: { '[all]': 'ERROR' },
  replaceConsole: true,
  lineDebug: true,
  reloadSecs: 1 }
[2014-12-23 01:43:53.795] [ERROR] log - [31m9: [/mnt/hgfs/src/marstv/backend_pomelochat/node_modules/pomelo-logger/test/logTest.js] [11675] [39mtest3
[2014-12-23 01:43:54.797] [ERROR] log - [31m9: [/mnt/hgfs/src/marstv/backend_pomelochat/node_modules/pomelo-logger/test/logTest.js] [11675] [39mtest3
[2014-12-23 01:43:55.800] [ERROR] log - [31m9: [/mnt/hgfs/src/marstv/backend_pomelochat/node_modules/pomelo-logger/test/logTest.js] [11675] [39mtest3
[2014-12-23 01:43:56.802] [ERROR] log - [31m9: [/mnt/hgfs/src/marstv/backend_pomelochat/node_modules/pomelo-logger/test/logTest.js] [11675] [39mtest3
[2014-12-23 01:43:57.805] [ERROR] log - [31m9: [/mnt/hgfs/src/marstv/backend_pomelochat/node_modules/pomelo-logger/test/logTest.js] [11675] [39mtest3
[2014-12-23 01:43:58.807] [ERROR] log - [31m9: [/mnt/hgfs/src/marstv/backend_pomelochat/node_modules/pomelo-logger/test/logTest.js] [11675] [39mtest3
[2014-12-23 01:43:59.808] [ERROR] log - [31m9: [/mnt/hgfs/src/marstv/backend_pomelochat/node_modules/pomelo-logger/test/logTest.js] [11675] [39mtest3
[2014-12-23 01:44:00.813] [ERROR] log - [31m9: [/mnt/hgfs/src/marstv/backend_pomelochat/node_modules/pomelo-logger/test/logTest.js] [11675] [39mtest3
[2014-12-23 01:44:01.815] [ERROR] log - [31m9: [/mnt/hgfs/src/marstv/backend_pomelochat/node_modules/pomelo-logger/test/logTest.js] [11675] [39mtest3
[2014-12-23 01:44:02.817] [ERROR] log - [31m9: [/mnt/hgfs/src/marstv/backend_pomelochat/node_modules/pomelo-logger/test/logTest.js] [11675] [39mtest3
[2014-12-23 01:44:03.818] [ERROR] log - [31m9: [/mnt/hgfs/src/marstv/backend_pomelochat/node_modules/pomelo-logger/test/logTest.js] [11675] [39mtest3
[2014-12-23 01:44:04.821] [ERROR] log - [31m9: [/mnt/hgfs/src/marstv/backend_pomelochat/node_modules/pomelo-logger/test/logTest.js] [11675] [39mtest3
[2014-12-23 01:44:05.824] [ERROR] log - [31m9: [/mnt/hgfs/src/marstv/backend_pomelochat/node_modules/pomelo-logger/test/logTest.js] [11675] [39mtest3
[2014-12-23 01:44:06.828] [ERROR] log - [31m9: [/mnt/hgfs/src/marstv/backend_pomelochat/node_modules/pomelo-logger/test/logTest.js] [11675] [39mtest3
[2014-12-23 01:44:07.830] [ERROR] log - [31m9: [/mnt/hgfs/src/marstv/backend_pomelochat/node_modules/pomelo-logger/test/logTest.js] [11675] [39mtest3
[2014-12-23 01:44:12.019] [ERROR] log - [31m9: [/mnt/hgfs/src/marstv/backend_pomelochat/node_modules/pomelo-logger/test/logTest.js] [11681] [39mtest3
[2014-12-23 01:44:13.024] [ERROR] log - [31m9: [/mnt/hgfs/src/marstv/backend_pomelochat/node_modules/pomelo-logger/test/logTest.js] [11681] [39mtest3
[2014-12-23 01:44:14.026] [ERROR] log - [31m9: [/mnt/hgfs/src/marstv/backend_pomelochat/node_modules/pomelo-logger/test/logTest.js] [11681] [39mtest3
[2014-12-23 01:44:15.028] [ERROR] log - [31m9: [/mnt/hgfs/src/marstv/backend_pomelochat/node_modules/pomelo-logger/test/logTest.js] [11681] [39mtest3
[2014-12-23 01:44:16.030] [ERROR] log - [31m9: [/mnt/hgfs/src/marstv/backend_pomelochat/node_modules/pomelo-logger/test/logTest.js] [11681] [39mtest3
[2014-12-23 01:44:17.033] [ERROR] log - [31m9: [/mnt/hgfs/src/marstv/backend_pomelochat/node_modules/pomelo-logger/test/logTest.js] [11681] [39mtest3
[2014-12-23 01:44:18.036] [ERROR] log - [31m9: [/mnt/hgfs/src/marstv/backend_pomelochat/node_modules/pomelo-logger/test/logTest.js] [11681] [39mtest3
[2014-12-23 01:44:19.038] [ERROR] log - [31m9: [/mnt/hgfs/src/marstv/backend_pomelochat/node_modules/pomelo-logger/test/logTest.js] [11681] [39mtest3
[2014-12-23 01:44:20.041] [ERROR] log - [31m9: [/mnt/hgfs/src/marstv/backend_pomelochat/node_modules/pomelo-logger/test/logTest.js] [11681] [39mtest3
[2014-12-23 01:44:21.044] [ERROR] log - [31m9: [/mnt/hgfs/src/marstv/backend_pomelochat/node_modules/pomelo-logger/test/logTest.js] [11681] [39mtest3
[2014-12-23 01:44:22.047] [ERROR] log - [31m9: [/mnt/hgfs/src/marstv/backend_pomelochat/node_modules/pomelo-logger/test/logTest.js] [11681] [39mtest3
[2014-12-23 01:44:23.052] [ERROR] log - [31m9: [/mnt/hgfs/src/marstv/backend_pomelochat/node_modules/pomelo-logger/test/logTest.js] [11681] [39mtest3
[2014-12-23 01:44:24.051] [ERROR] log - [31m9: [/mnt/hgfs/src/marstv/backend_pomelochat/node_modules/pomelo-logger/test/logTest.js] [11681] [39mtest3
[2014-12-23 01:44:25.053] [ERROR] log - [31m9: [/mnt/hgfs/src/marstv/backend_pomelochat/node_modules/pomelo-logger/test/logTest.js] [11681] [39mtest3
[2014-12-23 01:44:26.055] [ERROR] log - [31m9: [/mnt/hgfs/src/marstv/backend_pomelochat/node_modules/pomelo-logger/test/logTest.js] [11681] [39mtest3
[2014-12-23 01:44:27.056] [ERROR] log - [31m9: [/mnt/hgfs/src/marstv/backend_pomelochat/node_modules/pomelo-logger/test/logTest.js] [11681] [39mtest3
[2014-12-23 01:44:28.058] [ERROR] log - [31m9: [/mnt/hgfs/src/marstv/backend_pomelochat/node_modules/pomelo-logger/test/logTest.js] [11681] [39mtest3
[2014-12-23 01:44:29.058] [ERROR] log - [31m9: [/mnt/hgfs/src/marstv/backend_pomelochat/node_modules/pomelo-logger/test/logTest.js] [11681] [39mtest3
[2014-12-23 01:44:30.062] [ERROR] log - [31m9: [/mnt/hgfs/src/marstv/backend_pomelochat/node_modules/pomelo-logger/test/logTest.js] [11681] [39mtest3
[2014-12-23 01:44:31.062] [ERROR] log - [31m9: [/mnt/hgfs/src/marstv/backend_pomelochat/node_modules/pomelo-logger/test/logTest.js] [11681] [39mtest3
[2014-12-23 01:44:32.066] [ERROR] log - [31m9: [/mnt/hgfs/src/marstv/backend_pomelochat/node_modules/pomelo-logger/test/logTest.js] [11681] [39mtest3
[2014-12-23 01:44:33.068] [ERROR] log - [31m9: [/mnt/hgfs/src/marstv/backend_pomelochat/node_modules/pomelo-logger/test/logTest.js] [11681] [39mtest3
[2014-12-23 01:44:34.070] [ERROR] log - [31m9: [/mnt/hgfs/src/marstv/backend_pomelochat/node_modules/pomelo-logger/test/logTest.js] [11681] [39mtest3
[2014-12-23 01:44:35.073] [ERROR] log - [31m9: [/mnt/hgfs/src/marstv/backend_pomelochat/node_modules/pomelo-logger/test/logTest.js] [11681] [39mtest3
[2014-12-23 01:44:36.076] [INFO] log - [32m7: [/mnt/hgfs/src/marstv/backend_pomelochat/node_modules/pomelo-logger/test/logTest.js] [11681] [39mtest1
[2014-12-23 01:44:36.077] [WARN] log - [33m8: [/mnt/hgfs/src/marstv/backend_pomelochat/node_modules/pomelo-logger/test/logTest.js] [11681] [39mtest2
[2014-12-23 01:44:36.077] [ERROR] log - [31m9: [/mnt/hgfs/src/marstv/backend_pomelochat/node_modules/pomelo-logger/test/logTest.js] [11681] [39mtest3
[2014-12-23 01:44:37.080] [INFO] log - [32m7: [/mnt/hgfs/src/marstv/backend_pomelochat/node_modules/pomelo-logger/test/logTest.js] [11681] [39mtest1
[2014-12-23 01:44:37.080] [WARN] log - [33m8: [/mnt/hgfs/src/marstv/backend_pomelochat/node_modules/pomelo-logger/test/logTest.js] [11681] [39mtest2
[2014-12-23 01:44:37.080] [ERROR] log - [31m9: [/mnt/hgfs/src/marstv/backend_pomelochat/node_modules/pomelo-logger/test/logTest.js] [11681] [39mtest3
[2014-12-23 01:44:38.084] [INFO] log - [32m7: [/mnt/hgfs/src/marstv/backend_pomelochat/node_modules/pomelo-logger/test/logTest.js] [11681] [39mtest1
[2014-12-23 01:44:38.084] [WARN] log - [33m8: [/mnt/hgfs/src/marstv/backend_pomelochat/node_modules/pomelo-logger/test/logTest.js] [11681] [39mtest2
[2014-12-23 01:44:38.084] [ERROR] log - [31m9: [/mnt/hgfs/src/marstv/backend_pomelochat/node_modules/pomelo-logger/test/logTest.js] [11681] [39mtest3
[2014-12-23 01:44:39.088] [INFO] log - [32m7: [/mnt/hgfs/src/marstv/backend_pomelochat/node_modules/pomelo-logger/test/logTest.js] [11681] [39mtest1
[2014-12-23 01:44:39.088] [WARN] log - [33m8: [/mnt/hgfs/src/marstv/backend_pomelochat/node_modules/pomelo-logger/test/logTest.js] [11681] [39mtest2
[2014-12-23 01:44:39.088] [ERROR] log - [31m9: [/mnt/hgfs/src/marstv/backend_pomelochat/node_modules/pomelo-logger/test/logTest.js] [11681] [39mtest3
[2014-12-23 01:44:40.090] [INFO] log - [32m7: [/mnt/hgfs/src/marstv/backend_pomelochat/node_modules/pomelo-logger/test/logTest.js] [11681] [39mtest1
[2014-12-23 01:44:40.090] [WARN] log - [33m8: [/mnt/hgfs/src/marstv/backend_pomelochat/node_modules/pomelo-logger/test/logTest.js] [11681] [39mtest2
[2014-12-23 01:44:40.090] [ERROR] log - [31m9: [/mnt/hgfs/src/marstv/backend_pomelochat/node_modules/pomelo-logger/test/logTest.js] [11681] [39mtest3
[2014-12-23 01:44:41.092] [INFO] log - [32m7: [/mnt/hgfs/src/marstv/backend_pomelochat/node_modules/pomelo-logger/test/logTest.js] [11681] [39mtest1
[2014-12-23 01:44:41.092] [WARN] log - [33m8: [/mnt/hgfs/src/marstv/backend_pomelochat/node_modules/pomelo-logger/test/logTest.js] [11681] [39mtest2
[2014-12-23 01:44:41.092] [ERROR] log - [31m9: [/mnt/hgfs/src/marstv/backend_pomelochat/node_modules/pomelo-logger/test/logTest.js] [11681] [39mtest3
[2014-12-23 01:44:42.094] [INFO] log - [32m7: [/mnt/hgfs/src/marstv/backend_pomelochat/node_modules/pomelo-logger/test/logTest.js] [11681] [39mtest1
[2014-12-23 01:44:42.094] [WARN] log - [33m8: [/mnt/hgfs/src/marstv/backend_pomelochat/node_modules/pomelo-logger/test/logTest.js] [11681] [39mtest2
[2014-12-23 01:44:42.094] [ERROR] log - [31m9: [/mnt/hgfs/src/marstv/backend_pomelochat/node_modules/pomelo-logger/test/logTest.js] [11681] [39mtest3
[2014-12-23 01:44:42.904] [INFO] console - reload log config file ./log4js.json mtime=1419327883000
[2014-12-23 01:44:42.904] [INFO] console - { appenders: 
   [ { type: 'file',
       filename: './test.log',
       fileSize: 10485760,
       layout: [Object],
       backups: 5 },
     { type: 'console' } ],
  levels: { '[all]': 'INFO' },
  replaceConsole: true,
  lineDebug: true,
  reloadSecs: 1 }
[2014-12-23 01:44:43.097] [INFO] log - [32m7: [/mnt/hgfs/src/marstv/backend_pomelochat/node_modules/pomelo-logger/test/logTest.js] [11681] [39mtest1
[2014-12-23 01:44:43.097] [WARN] log - [33m8: [/mnt/hgfs/src/marstv/backend_pomelochat/node_modules/pomelo-logger/test/logTest.js] [11681] [39mtest2
[2014-12-23 01:44:43.097] [ERROR] log - [31m9: [/mnt/hgfs/src/marstv/backend_pomelochat/node_modules/pomelo-logger/test/logTest.js] [11681] [39mtest3
[2014-12-23 01:44:44.099] [INFO] log - [32m7: [/mnt/hgfs/src/marstv/backend_pomelochat/node_modules/pomelo-logger/test/logTest.js] [11681] [39mtest1
[2014-12-23 01:44:44.100] [WARN] log - [33m8: [/mnt/hgfs/src/marstv/backend_pomelochat/node_modules/pomelo-logger/test/logTest.js] [11681] [39mtest2
[2014-12-23 01:44:44.100] [ERROR] log - [31m9: [/mnt/hgfs/src/marstv/backend_pomelochat/node_modules/pomelo-logger/test/logTest.js] [11681] [39mtest3
[2014-12-23 01:44:45.101] [INFO] log - [32m7: [/mnt/hgfs/src/marstv/backend_pomelochat/node_modules/pomelo-logger/test/logTest.js] [11681] [39mtest1
[2014-12-23 01:44:45.101] [WARN] log - [33m8: [/mnt/hgfs/src/marstv/backend_pomelochat/node_modules/pomelo-logger/test/logTest.js] [11681] [39mtest2
[2014-12-23 01:44:45.101] [ERROR] log - [31m9: [/mnt/hgfs/src/marstv/backend_pomelochat/node_modules/pomelo-logger/test/logTest.js] [11681] [39mtest3
[2014-12-23 01:44:46.103] [INFO] log - [32m7: [/mnt/hgfs/src/marstv/backend_pomelochat/node_modules/pomelo-logger/test/logTest.js] [11681] [39mtest1
[2014-12-23 01:44:46.105] [WARN] log - [33m8: [/mnt/hgfs/src/marstv/backend_pomelochat/node_modules/pomelo-logger/test/logTest.js] [11681] [39mtest2
[2014-12-23 01:44:46.105] [ERROR] log - [31m9: [/mnt/hgfs/src/marstv/backend_pomelochat/node_modules/pomelo-logger/test/logTest.js] [11681] [39mtest3
[2014-12-23 01:44:47.107] [INFO] log - [32m7: [/mnt/hgfs/src/marstv/backend_pomelochat/node_modules/pomelo-logger/test/logTest.js] [11681] [39mtest1
[2014-12-23 01:44:47.108] [WARN] log - [33m8: [/mnt/hgfs/src/marstv/backend_pomelochat/node_modules/pomelo-logger/test/logTest.js] [11681] [39mtest2
[2014-12-23 01:44:47.108] [ERROR] log - [31m9: [/mnt/hgfs/src/marstv/backend_pomelochat/node_modules/pomelo-logger/test/logTest.js] [11681] [39mtest3
[2014-12-23 01:44:48.110] [INFO] log - [32m7: [/mnt/hgfs/src/marstv/backend_pomelochat/node_modules/pomelo-logger/test/logTest.js] [11681] [39mtest1
[2014-12-23 01:44:48.110] [WARN] log - [33m8: [/mnt/hgfs/src/marstv/backend_pomelochat/node_modules/pomelo-logger/test/logTest.js] [11681] [39mtest2
[2014-12-23 01:44:48.110] [ERROR] log - [31m9: [/mnt/hgfs/src/marstv/backend_pomelochat/node_modules/pomelo-logger/test/logTest.js] [11681] [39mtest3
[2014-12-23 01:44:49.115] [INFO] log - [32m7: [/mnt/hgfs/src/marstv/backend_pomelochat/node_modules/pomelo-logger/test/logTest.js] [11681] [39mtest1
[2014-12-23 01:44:49.119] [WARN] log - [33m8: [/mnt/hgfs/src/marstv/backend_pomelochat/node_modules/pomelo-logger/test/logTest.js] [11681] [39mtest2
[2014-12-23 01:44:49.120] [ERROR] log - [31m9: [/mnt/hgfs/src/marstv/backend_pomelochat/node_modules/pomelo-logger/test/logTest.js] [11681] [39mtest3
[2014-12-23 01:44:50.123] [INFO] log - [32m7: [/mnt/hgfs/src/marstv/backend_pomelochat/node_modules/pomelo-logger/test/logTest.js] [11681] [39mtest1
[2014-12-23 01:44:50.124] [WARN] log - [33m8: [/mnt/hgfs/src/marstv/backend_pomelochat/node_modules/pomelo-logger/test/logTest.js] [11681] [39mtest2
[2014-12-23 01:44:50.124] [ERROR] log - [31m9: [/mnt/hgfs/src/marstv/backend_pomelochat/node_modules/pomelo-logger/test/logTest.js] [11681] [39mtest3
[2014-12-23 01:44:51.124] [INFO] log - [32m7: [/mnt/hgfs/src/marstv/backend_pomelochat/node_modules/pomelo-logger/test/logTest.js] [11681] [39mtest1
[2014-12-23 01:44:51.124] [WARN] log - [33m8: [/mnt/hgfs/src/marstv/backend_pomelochat/node_modules/pomelo-logger/test/logTest.js] [11681] [39mtest2
[2014-12-23 01:44:51.124] [ERROR] log - [31m9: [/mnt/hgfs/src/marstv/backend_pomelochat/node_modules/pomelo-logger/test/logTest.js] [11681] [39mtest3
[2014-12-23 01:44:51.948] [INFO] console - reload log config file ./log4js.json mtime=1419327892000
[2014-12-23 01:44:51.949] [INFO] console - { appenders: 
   [ { type: 'file',
       filename: './test.log',
       fileSize: 10485760,
       layout: [Object],
       backups: 5 },
     { type: 'console' } ],
  levels: { '[all]': 'INFO' },
  replaceConsole: true,
  lineDebug: false,
  reloadSecs: 1 }
[2014-12-23 01:44:52.127] [INFO] log - [32m7: [/mnt/hgfs/src/marstv/backend_pomelochat/node_modules/pomelo-logger/test/logTest.js] [11681] [39mtest1
[2014-12-23 01:44:52.127] [WARN] log - [33m8: [/mnt/hgfs/src/marstv/backend_pomelochat/node_modules/pomelo-logger/test/logTest.js] [11681] [39mtest2
[2014-12-23 01:44:52.128] [ERROR] log - [31m9: [/mnt/hgfs/src/marstv/backend_pomelochat/node_modules/pomelo-logger/test/logTest.js] [11681] [39mtest3
[2014-12-23 01:44:53.129] [INFO] log - [32m7: [/mnt/hgfs/src/marstv/backend_pomelochat/node_modules/pomelo-logger/test/logTest.js] [11681] [39mtest1
[2014-12-23 01:44:53.129] [WARN] log - [33m8: [/mnt/hgfs/src/marstv/backend_pomelochat/node_modules/pomelo-logger/test/logTest.js] [11681] [39mtest2
[2014-12-23 01:44:53.129] [ERROR] log - [31m9: [/mnt/hgfs/src/marstv/backend_pomelochat/node_modules/pomelo-logger/test/logTest.js] [11681] [39mtest3
[2014-12-23 01:44:54.129] [INFO] log - [32m7: [/mnt/hgfs/src/marstv/backend_pomelochat/node_modules/pomelo-logger/test/logTest.js] [11681] [39mtest1
[2014-12-23 01:44:54.130] [WARN] log - [33m8: [/mnt/hgfs/src/marstv/backend_pomelochat/node_modules/pomelo-logger/test/logTest.js] [11681] [39mtest2
[2014-12-23 01:44:54.130] [ERROR] log - [31m9: [/mnt/hgfs/src/marstv/backend_pomelochat/node_modules/pomelo-logger/test/logTest.js] [11681] [39mtest3
[2014-12-23 01:44:55.131] [INFO] log - [32m7: [/mnt/hgfs/src/marstv/backend_pomelochat/node_modules/pomelo-logger/test/logTest.js] [11681] [39mtest1
[2014-12-23 01:44:55.131] [WARN] log - [33m8: [/mnt/hgfs/src/marstv/backend_pomelochat/node_modules/pomelo-logger/test/logTest.js] [11681] [39mtest2
[2014-12-23 01:44:55.134] [ERROR] log - [31m9: [/mnt/hgfs/src/marstv/backend_pomelochat/node_modules/pomelo-logger/test/logTest.js] [11681] [39mtest3
[2014-12-23 01:44:56.136] [INFO] log - [32m7: [/mnt/hgfs/src/marstv/backend_pomelochat/node_modules/pomelo-logger/test/logTest.js] [11681] [39mtest1
[2014-12-23 01:44:56.136] [WARN] log - [33m8: [/mnt/hgfs/src/marstv/backend_pomelochat/node_modules/pomelo-logger/test/logTest.js] [11681] [39mtest2
[2014-12-23 01:44:56.137] [ERROR] log - [31m9: [/mnt/hgfs/src/marstv/backend_pomelochat/node_modules/pomelo-logger/test/logTest.js] [11681] [39mtest3
[2014-12-23 01:44:57.138] [INFO] log - [32m7: [/mnt/hgfs/src/marstv/backend_pomelochat/node_modules/pomelo-logger/test/logTest.js] [11681] [39mtest1
[2014-12-23 01:44:57.138] [WARN] log - [33m8: [/mnt/hgfs/src/marstv/backend_pomelochat/node_modules/pomelo-logger/test/logTest.js] [11681] [39mtest2
[2014-12-23 01:44:57.139] [ERROR] log - [31m9: [/mnt/hgfs/src/marstv/backend_pomelochat/node_modules/pomelo-logger/test/logTest.js] [11681] [39mtest3
[2014-12-23 01:44:58.139] [INFO] log - [32m7: [/mnt/hgfs/src/marstv/backend_pomelochat/node_modules/pomelo-logger/test/logTest.js] [11681] [39mtest1
[2014-12-23 01:44:58.140] [WARN] log - [33m8: [/mnt/hgfs/src/marstv/backend_pomelochat/node_modules/pomelo-logger/test/logTest.js] [11681] [39mtest2
[2014-12-23 01:44:58.140] [ERROR] log - [31m9: [/mnt/hgfs/src/marstv/backend_pomelochat/node_modules/pomelo-logger/test/logTest.js] [11681] [39mtest3
[2014-12-23 01:44:59.144] [INFO] log - [32m7: [/mnt/hgfs/src/marstv/backend_pomelochat/node_modules/pomelo-logger/test/logTest.js] [11681] [39mtest1
[2014-12-23 01:44:59.144] [WARN] log - [33m8: [/mnt/hgfs/src/marstv/backend_pomelochat/node_modules/pomelo-logger/test/logTest.js] [11681] [39mtest2
[2014-12-23 01:44:59.144] [ERROR] log - [31m9: [/mnt/hgfs/src/marstv/backend_pomelochat/node_modules/pomelo-logger/test/logTest.js] [11681] [39mtest3
[2014-12-23 01:44:59.956] [INFO] console - reload log config file ./log4js.json mtime=1419327900000
[2014-12-23 01:44:59.957] [INFO] console - { appenders: 
   [ { type: 'file',
       filename: './test.log',
       fil[2014-12-23 01:45:00.146] [INFO] log - [32m7: [/mnt/hgfs/src/marstv/backend_pomelochat/node_modules/pomelo-logger/test/logTest.js] [11681] [39mtest1
[2014-12-23 01:45:00.146] [WARN] log - [33m8: [/mnt/hgfs/src/marstv/backend_pomelochat/node_modules/pomelo-logger/test/logTest.js] [11681] [39mtest2
[2014-12-23 01:45:00.146] [ERROR] log - [31m9: [/mnt/hgfs/src/marstv/backend_pomelochat/node_modules/pomelo-logger/test/logTest.js] [11681] [39mtest3
[2014-12-23 01:45:01.147] [INFO] log - [32m7: [/mnt/hgfs/src/marstv/backend_pomelochat/node_modules/pomelo-logger/test/logTest.js] [11681] [39mtest1
[2014-12-23 01:45:01.147] [WARN] log - [33m8: [/mnt/hgfs/src/marstv/backend_pomelochat/node_modules/pomelo-logger/test/logTest.js] [11681] [39mtest2
[2014-12-23 01:45:01.148] [ERROR] log - [31m9: [/mnt/hgfs/src/marstv/backend_pomelochat/node_modules/pomelo-logger/test/logTest.js] [11681] [39mtest3
[2014-12-23 01:45:01.964] [INFO] console - reload log config file ./log4js.json mtime=1419327902000
[2014-12-23 01:45:01.964] [INFO] console - { appenders: 
   [ { type: 'file',
       filename: './test.log',
       fileSize: 10485760,
       layout: [Object],
       backups: 5 },
     { type: 'console' } ],
  levels: { '[all]': 'INFO' },
  replaceConsole: true,
  lineDebug: false,
  reloadSecs: 1 }
[2014-12-23 01:45:02.151] [INFO] log - [32m7: [/mnt/hgfs/src/marstv/backend_pomelochat/node_modules/pomelo-logger/test/logTest.js] [11681] [39mtest1
[2014-12-23 01:45:02.151] [WARN] log - [33m8: [/mnt/hgfs/src/marstv/backend_pomelochat/node_modules/pomelo-logger/test/logTest.js] [11681] [39mtest2
[2014-12-23 01:45:02.153] [ERROR] log - [31m9: [/mnt/hgfs/src/marstv/backend_pomelochat/node_modules/pomelo-logger/test/logTest.js] [11681] [39mtest3
[2014-12-23 01:45:03.153] [INFO] log - [32m7: [/mnt/hgfs/src/marstv/backend_pomelochat/node_modules/pomelo-logger/test/logTest.js] [11681] [39mtest1
[2014-12-23 01:45:03.153] [WARN] log - [33m8: [/mnt/hgfs/src/marstv/backend_pomelochat/node_modules/pomelo-logger/test/logTest.js] [11681] [39mtest2
[2014-12-23 01:45:03.153] [ERROR] log - [31m9: [/mnt/hgfs/src/marstv/backend_pomelochat/node_modules/pomelo-logger/test/logTest.js] [11681] [39mtest3
[2014-12-23 01:45:03.969] [INFO] console - reload log config file ./log4js.json mtime=1419327904000
[2014-12-23 01:45:03.969] [INFO] console - { appenders: 
   [ { type: 'file',
       filename: './test.log',
       fileSize: 10485760,
       layout: [Object],
       backups: 5 },
     { type: 'console' } ],
  levels: { '[all]': 'INFO' },
  replaceConsole: true,
  lineDebug: false,
  reloadSecs: 1 }
[2014-12-23 01:45:04.156] [INFO] log - [32m7: [/mnt/hgfs/src/marstv/backend_pomelochat/node_modules/pomelo-logger/test/logTest.js] [11681] [39mtest1
[2014-12-23 01:45:04.156] [WARN] log - [33m8: [/mnt/hgfs/src/marstv/backend_pomelochat/node_modules/pomelo-logger/test/logTest.js] [11681] [39mtest2
[2014-12-23 01:45:04.157] [ERROR] log - [31m9: [/mnt/hgfs/src/marstv/backend_pomelochat/node_modules/pomelo-logger/test/logTest.js] [11681] [39mtest3
[2014-12-23 01:45:04.972] [INFO] console - reload log config file ./log4js.json mtime=1419327905000
[2014-12-23 01:45:04.972] [INFO] console - { appenders: 
   [ { type: 'file',
       filename: './test.log',
       fileSize: 10485760,
       layout: [Object],
       backups: 5 },
     { type: 'console' } ],
  levels: { '[all]': 'INFO' },
  replaceConsole: true,
  lineDebug: false,
  reloadSecs: 1 }
[2014-12-23 01:45:05.160] [INFO] log - [32m7: [/mnt/hgfs/src/marstv/backend_pomelochat/node_modules/pomelo-logger/test/logTest.js] [11681] [39mtest1
[2014-12-23 01:45:05.160] [WARN] log - [33m8: [/mnt/hgfs/src/marstv/backend_pomelochat/node_modules/pomelo-logger/test/logTest.js] [11681] [39mtest2
[2014-12-23 01:45:05.161] [ERROR] log - [31m9: [/mnt/hgfs/src/marstv/backend_pomelochat/node_modules/pomelo-logger/test/logTest.js] [11681] [39mtest3
[2014-12-23 01:45:06.162] [INFO] log - [32m7: [/mnt/hgfs/src/marstv/backend_pomelochat/node_modules/pomelo-logger/test/logTest.js] [11681] [39mtest1
[2014-12-23 01:45:06.162] [WARN] log - [33m8: [/mnt/hgfs/src/marstv/backend_pomelochat/node_modules/pomelo-logger/test/logTest.js] [11681] [39mtest2
[2014-12-23 01:45:06.162] [ERROR] log - [31m9: [/mnt/hgfs/src/marstv/backend_pomelochat/node_modules/pomelo-logger/test/logTest.js] [11681] [39mtest3
[2014-12-23 01:52:45.764] [INFO] log - [32m[/mnt/hgfs/src/marstv/backend_pomelochat/node_modules/pomelo-logger/test/logTest.js] [11690] [39mtest1
[2014-12-23 01:52:45.768] [WARN] log - [33m[/mnt/hgfs/src/marstv/backend_pomelochat/node_modules/pomelo-logger/test/logTest.js] [11690] [39mtest2
[2014-12-23 01:52:45.768] [ERROR] log - [31m[/mnt/hgfs/src/marstv/backend_pomelochat/node_modules/pomelo-logger/test/logTest.js] [11690] [39mtest3
[2014-12-23 01:52:46.770] [INFO] log - [32m[/mnt/hgfs/src/marstv/backend_pomelochat/node_modules/pomelo-logger/test/logTest.js] [11690] [39mtest1
[2014-12-23 01:52:46.770] [WARN] log - [33m[/mnt/hgfs/src/marstv/backend_pomelochat/node_modules/pomelo-logger/test/logTest.js] [11690] [39mtest2
[2014-12-23 01:52:46.770] [ERROR] log - [31m[/mnt/hgfs/src/marstv/backend_pomelochat/node_modules/pomelo-logger/test/logTest.js] [11690] [39mtest3
[2014-12-23 01:52:47.773] [INFO] log - [32m[/mnt/hgfs/src/marstv/backend_pomelochat/node_modules/pomelo-logger/test/logTest.js] [11690] [39mtest1
[2014-12-23 01:52:47.773] [WARN] log - [33m[/mnt/hgfs/src/marstv/backend_pomelochat/node_modules/pomelo-logger/test/logTest.js] [11690] [39mtest2
[2014-12-23 01:52:47.773] [ERROR] log - [31m[/mnt/hgfs/src/marstv/backend_pomelochat/node_modules/pomelo-logger/test/logTest.js] [11690] [39mtest3
[2014-12-23 01:52:48.773] [INFO] log - [32m[/mnt/hgfs/src/marstv/backend_pomelochat/node_modules/pomelo-logger/test/logTest.js] [11690] [39mtest1
[2014-12-23 01:52:48.774] [WARN] log - [33m[/mnt/hgfs/src/marstv/backend_pomelochat/node_modules/pomelo-logger/test/logTest.js] [11690] [39mtest2
[2014-12-23 01:52:48.774] [ERROR] log - [31m[/mnt/hgfs/src/marstv/backend_pomelochat/node_modules/pomelo-logger/test/logTest.js] [11690] [39mtest3
[2014-12-23 01:52:49.775] [INFO] log - [32m[/mnt/hgfs/src/marstv/backend_pomelochat/node_modules/pomelo-logger/test/logTest.js] [11690] [39mtest1
[2014-12-23 01:52:49.775] [WARN] log - [33m[/mnt/hgfs/src/marstv/backend_pomelochat/node_modules/pomelo-logger/test/logTest.js] [11690] [39mtest2
[2014-12-23 01:52:49.775] [ERROR] log - [31m[/mnt/hgfs/src/marstv/backend_pomelochat/node_modules/pomelo-logger/test/logTest.js] [11690] [39mtest3
[2014-12-23 01:52:50.777] [INFO] log - [32m[/mnt/hgfs/src/marstv/backend_pomelochat/node_modules/pomelo-logger/test/logTest.js] [11690] [39mtest1
[2014-12-23 01:52:50.777] [WARN] log - [33m[/mnt/hgfs/src/marstv/backend_pomelochat/node_modules/pomelo-logger/test/logTest.js] [11690] [39mtest2
[2014-12-23 01:52:50.777] [ERROR] log - [31m[/mnt/hgfs/src/marstv/backend_pomelochat/node_modules/pomelo-logger/test/logTest.js] [11690] [39mtest3
[2014-12-23 01:52:51.779] [INFO] log - [32m[/mnt/hgfs/src/marstv/backend_pomelochat/node_modules/pomelo-logger/test/logTest.js] [11690] [39mtest1
[2014-12-23 01:52:51.779] [WARN] log - [33m[/mnt/hgfs/src/marstv/backend_pomelochat/node_modules/pomelo-logger/test/logTest.js] [11690] [39mtest2
[2014-12-23 01:52:51.779] [ERROR] log - [31m[/mnt/hgfs/src/marstv/backend_pomelochat/node_modules/pomelo-logger/test/logTest.js] [11690] [39mtest3
[2014-12-23 01:52:52.780] [INFO] log - [32m[/mnt/hgfs/src/marstv/backend_pomelochat/node_modules/pomelo-logger/test/logTest.js] [11690] [39mtest1
[2014-12-23 01:52:52.780] [WARN] log - [33m[/mnt/hgfs/src/marstv/backend_pomelochat/node_modules/pomelo-logger/test/logTest.js] [11690] [39mtest2
[2014-12-23 01:52:52.780] [ERROR] log - [31m[/mnt/hgfs/src/marstv/backend_pomelochat/node_modules/pomelo-logger/test/logTest.js] [11690] [39mtest3
[2014-12-23 01:52:53.781] [INFO] log - [32m[/mnt/hgfs/src/marstv/backend_pomelochat/node_modules/pomelo-logger/test/logTest.js] [11690] [39mtest1
[2014-12-23 01:52:53.782] [WARN] log - [33m[/mnt/hgfs/src/marstv/backend_pomelochat/node_modules/pomelo-logger/test/logTest.js] [11690] [39mtest2
[2014-12-23 01:52:53.782] [ERROR] log - [31m[/mnt/hgfs/src/marstv/backend_pomelochat/node_modules/pomelo-logger/test/logTest.js] [11690] [39mtest3
[2014-12-23 01:52:54.584] [ERROR] console - reload log config file ./log4js.json failed mtime=1419328375000 err="SyntaxError: Unexpected token }\n    at Object.parse (native)\n    at /mnt/hgfs/src/marstv/backend_pomelochat/node_modules/pomelo-logger/lib/logger.js:103:31\n    at fs.js:271:14\n    at Object.oncomplete (fs.js:107:15)"
[2014-12-23 01:52:54.783] [INFO] log - [32m[/mnt/hgfs/src/marstv/backend_pomelochat/node_modules/pomelo-logger/test/logTest.js] [11690] [39mtest1
[2014-12-23 01:52:54.783] [WARN] log - [33m[/mnt/hgfs/src/marstv/backend_pomelochat/node_modules/pomelo-logger/test/logTest.js] [11690] [39mtest2
[2014-12-23 01:52:54.783] [ERROR] log - [31m[/mnt/hgfs/src/marstv/backend_pomelochat/node_modules/pomelo-logger/test/logTest.js] [11690] [39mtest3
[2014-12-23 01:52:55.784] [INFO] log - [32m[/mnt/hgfs/src/marstv/backend_pomelochat/node_modules/pomelo-logger/test/logTest.js] [11690] [39mtest1
[2014-12-23 01:52:55.784] [WARN] log - [33m[/mnt/hgfs/src/marstv/backend_pomelochat/node_modules/pomelo-logger/test/logTest.js] [11690] [39mtest2
[2014-12-23 01:52:55.785] [ERROR] log - [31m[/mnt/hgfs/src/marstv/backend_pomelochat/node_modules/pomelo-logger/test/logTest.js] [11690] [39mtest3
[2014-12-23 01:52:56.787] [INFO] log - [32m[/mnt/hgfs/src/marstv/backend_pomelochat/node_modules/pomelo-logger/test/logTest.js] [11690] [39mtest1
[2014-12-23 01:52:56.787] [WARN] log - [33m[/mnt/hgfs/src/marstv/backend_pomelochat/node_modules/pomelo-logger/test/logTest.js] [11690] [39mtest2
[2014-12-23 01:52:56.788] [ERROR] log - [31m[/mnt/hgfs/src/marstv/backend_pomelochat/node_modules/pomelo-logger/test/logTest.js] [11690] [39mtest3
[2014-12-23 01:52:57.790] [INFO] log - [32m[/mnt/hgfs/src/marstv/backend_pomelochat/node_modules/pomelo-logger/test/logTest.js] [11690] [39mtest1
[2014-12-23 01:52:57.790] [WARN] log - [33m[/mnt/hgfs/src/marstv/backend_pomelochat/node_modules/pomelo-logger/test/logTest.js] [11690] [39mtest2
[2014-12-23 01:52:57.790] [ERROR] log - [31m[/mnt/hgfs/src/marstv/backend_pomelochat/node_modules/pomelo-logger/test/logTest.js] [11690] [39mtest3
[2014-12-23 01:52:58.791] [INFO] log - [32m[/mnt/hgfs/src/marstv/backend_pomelochat/node_modules/pomelo-logger/test/logTest.js] [11690] [39mtest1
[2014-12-23 01:52:58.791] [WARN] log - [33m[/mnt/hgfs/src/marstv/backend_pomelochat/node_modules/pomelo-logger/test/logTest.js] [11690] [39mtest2
[2014-12-23 01:52:58.791] [ERROR] log - [31m[/mnt/hgfs/src/marstv/backend_pomelochat/node_modules/pomelo-logger/test/logTest.js] [11690] [39mtest3
[2014-12-23 01:52:59.793] [INFO] log - [32m[/mnt/hgfs/src/marstv/backend_pomelochat/node_modules/pomelo-logger/test/logTest.js] [11690] [39mtest1
[2014-12-23 01:52:59.793] [WARN] log - [33m[/mnt/hgfs/src/marstv/backend_pomelochat/node_modules/pomelo-logger/test/logTest.js] [11690] [39mtest2
[2014-12-23 01:52:59.793] [ERROR] log - [31m[/mnt/hgfs/src/marstv/backend_pomelochat/node_modules/pomelo-logger/test/logTest.js] [11690] [39mtest3
[2014-12-23 01:53:00.795] [INFO] log - [32m[/mnt/hgfs/src/marstv/backend_pomelochat/node_modules/pomelo-logger/test/logTest.js] [11690] [39mtest1
[2014-12-23 01:53:00.795] [WARN] log - [33m[/mnt/hgfs/src/marstv/backend_pomelochat/node_modules/pomelo-logger/test/logTest.js] [11690] [39mtest2
[2014-12-23 01:53:00.795] [ERROR] log - [31m[/mnt/hgfs/src/marstv/backend_pomelochat/node_modules/pomelo-logger/test/logTest.js] [11690] [39mtest3
[2014-12-23 01:53:01.798] [INFO] log - [32m[/mnt/hgfs/src/marstv/backend_pomelochat/node_modules/pomelo-logger/test/logTest.js] [11690] [39mtest1
[2014-12-23 01:53:01.798] [WARN] log - [33m[/mnt/hgfs/src/marstv/backend_pomelochat/node_modules/pomelo-logger/test/logTest.js] [11690] [39mtest2
[2014-12-23 01:53:01.798] [ERROR] log - [31m[/mnt/hgfs/src/marstv/backend_pomelochat/node_modules/pomelo-logger/test/logTest.js] [11690] [39mtest3
[2014-12-23 01:53:02.800] [INFO] log - [32m[/mnt/hgfs/src/marstv/backend_pomelochat/node_modules/pomelo-logger/test/logTest.js] [11690] [39mtest1
[2014-12-23 01:53:02.800] [WARN] log - [33m[/mnt/hgfs/src/marstv/backend_pomelochat/node_modules/pomelo-logger/test/logTest.js] [11690] [39mtest2
[2014-12-23 01:53:02.800] [ERROR] log - [31m[/mnt/hgfs/src/marstv/backend_pomelochat/node_modules/pomelo-logger/test/logTest.js] [11690] [39mtest3
[2014-12-23 01:53:03.804] [INFO] log - [32m[/mnt/hgfs/src/marstv/backend_pomelochat/node_modules/pomelo-logger/test/logTest.js] [11690] [39mtest1
[2014-12-23 01:53:03.804] [WARN] log - [33m[/mnt/hgfs/src/marstv/backend_pomelochat/node_modules/pomelo-logger/test/logTest.js] [11690] [39mtest2
[2014-12-23 01:53:03.804] [ERROR] log - [31m[/mnt/hgfs/src/marstv/backend_pomelochat/node_modules/pomelo-logger/test/logTest.js] [11690] [39mtest3
[2014-12-23 01:53:04.805] [INFO] log - [32m[/mnt/hgfs/src/marstv/backend_pomelochat/node_modules/pomelo-logger/test/logTest.js] [11690] [39mtest1
[2014-12-23 01:53:04.805] [WARN] log - [33m[/mnt/hgfs/src/marstv/backend_pomelochat/node_modules/pomelo-logger/test/logTest.js] [11690] [39mtest2
[2014-12-23 01:53:04.805] [ERROR] log - [31m[/mnt/hgfs/src/marstv/backend_pomelochat/node_modules/pomelo-logger/test/logTest.js] [11690] [39mtest3
[2014-12-23 01:53:05.807] [INFO] log - [32m[/mnt/hgfs/src/marstv/backend_pomelochat/node_modules/pomelo-logger/test/logTest.js] [11690] [39mtest1
[2014-12-23 01:53:05.807] [WARN] log - [33m[/mnt/hgfs/src/marstv/backend_pomelochat/node_modules/pomelo-logger/test/logTest.js] [11690] [39mtest2
[2014-12-23 01:53:05.807] [ERROR] log - [31m[/mnt/hgfs/src/marstv/backend_pomelochat/node_modules/pomelo-logger/test/logTest.js] [11690] [39mtest3
[2014-12-23 01:53:21.160] [INFO] log - [32m[/mnt/hgfs/src/marstv/backend_pomelochat/node_modules/pomelo-logger/test/logTest.js] [11698] [39mtest1
[2014-12-23 01:53:21.164] [WARN] log - [33m[/mnt/hgfs/src/marstv/backend_pomelochat/node_modules/pomelo-logger/test/logTest.js] [11698] [39mtest2
[2014-12-23 01:53:21.165] [ERROR] log - [31m[/mnt/hgfs/src/marstv/backend_pomelochat/node_modules/pomelo-logger/test/logTest.js] [11698] [39mtest3
[2014-12-23 01:53:22.166] [INFO] log - [32m[/mnt/hgfs/src/marstv/backend_pomelochat/node_modules/pomelo-logger/test/logTest.js] [11698] [39mtest1
[2014-12-23 01:53:22.166] [WARN] log - [33m[/mnt/hgfs/src/marstv/backend_pomelochat/node_modules/pomelo-logger/test/logTest.js] [11698] [39mtest2
[2014-12-23 01:53:22.166] [ERROR] log - [31m[/mnt/hgfs/src/marstv/backend_pomelochat/node_modules/pomelo-logger/test/logTest.js] [11698] [39mtest3
[2014-12-23 01:53:23.168] [INFO] log - [32m[/mnt/hgfs/src/marstv/backend_pomelochat/node_modules/pomelo-logger/test/logTest.js] [11698] [39mtest1
[2014-12-23 01:53:23.168] [WARN] log - [33m[/mnt/hgfs/src/marstv/backend_pomelochat/node_modules/pomelo-logger/test/logTest.js] [11698] [39mtest2
[2014-12-23 01:53:23.168] [ERROR] log - [31m[/mnt/hgfs/src/marstv/backend_pomelochat/node_modules/pomelo-logger/test/logTest.js] [11698] [39mtest3
[2014-12-23 01:53:24.168] [INFO] log - [32m[/mnt/hgfs/src/marstv/backend_pomelochat/node_modules/pomelo-logger/test/logTest.js] [11698] [39mtest1
[2014-12-23 01:53:24.168] [WARN] log - [33m[/mnt/hgfs/src/marstv/backend_pomelochat/node_modules/pomelo-logger/test/logTest.js] [11698] [39mtest2
[2014-12-23 01:53:24.168] [ERROR] log - [31m[/mnt/hgfs/src/marstv/backend_pomelochat/node_modules/pomelo-logger/test/logTest.js] [11698] [39mtest3
[2014-12-23 01:53:24.970] [ERROR] console - reload log config file ./log4js.json failed mtime=1419328405000 err="SyntaxError: Unexpected token }\n    at Object.parse (native)\n    at /mnt/hgfs/src/marstv/backend_pomelochat/node_modules/pomelo-logger/lib/logger.js:103:31\n    at fs.js:271:14\n    at Object.oncomplete (fs.js:107:15)"
[2014-12-23 01:53:25.171] [INFO] log - [32m[/mnt/hgfs/src/marstv/backend_pomelochat/node_modules/pomelo-logger/test/logTest.js] [11698] [39mtest1
[2014-12-23 01:53:25.171] [WARN] log - [33m[/mnt/hgfs/src/marstv/backend_pomelochat/node_modules/pomelo-logger/test/logTest.js] [11698] [39mtest2
[2014-12-23 01:53:25.171] [ERROR] log - [31m[/mnt/hgfs/src/marstv/backend_pomelochat/node_modules/pomelo-logger/test/logTest.js] [11698] [39mtest3
[2014-12-23 01:53:26.172] [INFO] log - [32m[/mnt/hgfs/src/marstv/backend_pomelochat/node_modules/pomelo-logger/test/logTest.js] [11698] [39mtest1
[2014-12-23 01:53:26.172] [WARN] log - [33m[/mnt/hgfs/src/marstv/backend_pomelochat/node_modules/pomelo-logger/test/logTest.js] [11698] [39mtest2
[2014-12-23 01:53:26.173] [ERROR] log - [31m[/mnt/hgfs/src/marstv/backend_pomelochat/node_modules/pomelo-logger/test/logTest.js] [11698] [39mtest3
[2014-12-23 01:53:27.174] [INFO] log - [32m[/mnt/hgfs/src/marstv/backend_pomelochat/node_modules/pomelo-logger/test/logTest.js] [11698] [39mtest1
[2014-12-23 01:53:27.175] [WARN] log - [33m[/mnt/hgfs/src/marstv/backend_pomelochat/node_modules/pomelo-logger/test/logTest.js] [11698] [39mtest2
[2014-12-23 01:53:27.175] [ERROR] log - [31m[/mnt/hgfs/src/marstv/backend_pomelochat/node_modules/pomelo-logger/test/logTest.js] [11698] [39mtest3
[2014-12-23 01:53:28.176] [INFO] log - [32m[/mnt/hgfs/src/marstv/backend_pomelochat/node_modules/pomelo-logger/test/logTest.js] [11698] [39mtest1
[2014-12-23 01:53:28.176] [WARN] log - [33m[/mnt/hgfs/src/marstv/backend_pomelochat/node_modules/pomelo-logger/test/logTest.js] [11698] [39mtest2
[2014-12-23 01:53:28.176] [ERROR] log - [31m[/mnt/hgfs/src/marstv/backend_pomelochat/node_modules/pomelo-logger/test/logTest.js] [11698] [39mtest3
[2014-12-23 01:53:29.177] [INFO] log - [32m[/mnt/hgfs/src/marstv/backend_pomelochat/node_modules/pomelo-logger/test/logTest.js] [11698] [39mtest1
[2014-12-23 01:53:29.177] [WARN] log - [33m[/mnt/hgfs/src/marstv/backend_pomelochat/node_modules/pomelo-logger/test/logTest.js] [11698] [39mtest2
[2014-12-23 01:53:29.177] [ERROR] log - [31m[/mnt/hgfs/src/marstv/backend_pomelochat/node_modules/pomelo-logger/test/logTest.js] [11698] [39mtest3
[2014-12-23 01:53:30.179] [INFO] log - [32m[/mnt/hgfs/src/marstv/backend_pomelochat/node_modules/pomelo-logger/test/logTest.js] [11698] [39mtest1
[2014-12-23 01:53:30.179] [WARN] log - [33m[/mnt/hgfs/src/marstv/backend_pomelochat/node_modules/pomelo-logger/test/logTest.js] [11698] [39mtest2
[2014-12-23 01:53:30.179] [ERROR] log - [31m[/mnt/hgfs/src/marstv/backend_pomelochat/node_modules/pomelo-logger/test/logTest.js] [11698] [39mtest3
[2014-12-23 01:53:31.180] [INFO] log - [32m[/mnt/hgfs/src/marstv/backend_pomelochat/node_modules/pomelo-logger/test/logTest.js] [11698] [39mtest1
[2014-12-23 01:53:31.180] [WARN] log - [33m[/mnt/hgfs/src/marstv/backend_pomelochat/node_modules/pomelo-logger/test/logTest.js] [11698] [39mtest2
[2014-12-23 01:53:31.181] [ERROR] log - [31m[/mnt/hgfs/src/marstv/backend_pomelochat/node_modules/pomelo-logger/test/logTest.js] [11698] [39mtest3
[2014-12-23 01:53:46.330] [INFO] log - [32m[/mnt/hgfs/src/marstv/backend_pomelochat/node_modules/pomelo-logger/test/logTest.js] [11704] [39mtest1
[2014-12-23 01:53:46.335] [WARN] log - [33m[/mnt/hgfs/src/marstv/backend_pomelochat/node_modules/pomelo-logger/test/logTest.js] [11704] [39mtest2
[2014-12-23 01:53:46.335] [ERROR] log - [31m[/mnt/hgfs/src/marstv/backend_pomelochat/node_modules/pomelo-logger/test/logTest.js] [11704] [39mtest3
[2014-12-23 01:53:47.337] [INFO] log - [32m[/mnt/hgfs/src/marstv/backend_pomelochat/node_modules/pomelo-logger/test/logTest.js] [11704] [39mtest1
[2014-12-23 01:53:47.337] [WARN] log - [33m[/mnt/hgfs/src/marstv/backend_pomelochat/node_modules/pomelo-logger/test/logTest.js] [11704] [39mtest2
[2014-12-23 01:53:47.337] [ERROR] log - [31m[/mnt/hgfs/src/marstv/backend_pomelochat/node_modules/pomelo-logger/test/logTest.js] [11704] [39mtest3
[2014-12-23 01:53:48.344] [INFO] log - [32m[/mnt/hgfs/src/marstv/backend_pomelochat/node_modules/pomelo-logger/test/logTest.js] [11704] [39mtest1
[2014-12-23 01:53:48.344] [WARN] log - [33m[/mnt/hgfs/src/marstv/backend_pomelochat/node_modules/pomelo-logger/test/logTest.js] [11704] [39mtest2
[2014-12-23 01:53:48.344] [ERROR] log - [31m[/mnt/hgfs/src/marstv/backend_pomelochat/node_modules/pomelo-logger/test/logTest.js] [11704] [39mtest3
[2014-12-23 01:53:49.346] [INFO] log - [32m[/mnt/hgfs/src/marstv/backend_pomelochat/node_modules/pomelo-logger/test/logTest.js] [11704] [39mtest1
[2014-12-23 01:53:49.346] [WARN] log - [33m[/mnt/hgfs/src/marstv/backend_pomelochat/node_modules/pomelo-logger/test/logTest.js] [11704] [39mtest2
[2014-12-23 01:53:49.346] [ERROR] log - [31m[/mnt/hgfs/src/marstv/backend_pomelochat/node_modules/pomelo-logger/test/logTest.js] [11704] [39mtest3
[2014-12-23 01:53:50.348] [INFO] log - [32m[/mnt/hgfs/src/marstv/backend_pomelochat/node_modules/pomelo-logger/test/logTest.js] [11704] [39mtest1
[2014-12-23 01:53:50.348] [WARN] log - [33m[/mnt/hgfs/src/marstv/backend_pomelochat/node_modules/pomelo-logger/test/logTest.js] [11704] [39mtest2
[2014-12-23 01:53:50.348] [ERROR] log - [31m[/mnt/hgfs/src/marstv/backend_pomelochat/node_modules/pomelo-logger/test/logTest.js] [11704] [39mtest3
[2014-12-23 01:53:51.349] [INFO] log - [32m[/mnt/hgfs/src/marstv/backend_pomelochat/node_modules/pomelo-logger/test/logTest.js] [11704] [39mtest1
[2014-12-23 01:53:51.349] [WARN] log - [33m[/mnt/hgfs/src/marstv/backend_pomelochat/node_modules/pomelo-logger/test/logTest.js] [11704] [39mtest2
[2014-12-23 01:53:51.349] [ERROR] log - [31m[/mnt/hgfs/src/marstv/backend_pomelochat/node_modules/pomelo-logger/test/logTest.js] [11704] [39mtest3
[2014-12-23 01:56:33.484] [INFO] log - [32m[/mnt/hgfs/src/marstv/backend_pomelochat/node_modules/pomelo-logger/test/logTest.js] [11714] [39mtest1
[2014-12-23 01:56:33.487] [WARN] log - [33m[/mnt/hgfs/src/marstv/backend_pomelochat/node_modules/pomelo-logger/test/logTest.js] [11714] [39mtest2
[2014-12-23 01:56:33.488] [ERROR] log - [31m[/mnt/hgfs/src/marstv/backend_pomelochat/node_modules/pomelo-logger/test/logTest.js] [11714] [39mtest3
[2014-12-23 01:56:34.490] [INFO] log - [32m[/mnt/hgfs/src/marstv/backend_pomelochat/node_modules/pomelo-logger/test/logTest.js] [11714] [39mtest1
[2014-12-23 01:56:34.490] [WARN] log - [33m[/mnt/hgfs/src/marstv/backend_pomelochat/node_modules/pomelo-logger/test/logTest.js] [11714] [39mtest2
[2014-12-23 01:56:34.490] [ERROR] log - [31m[/mnt/hgfs/src/marstv/backend_pomelochat/node_modules/pomelo-logger/test/logTest.js] [11714] [39mtest3
[2014-12-23 01:56:35.492] [INFO] log - [32m[/mnt/hgfs/src/marstv/backend_pomelochat/node_modules/pomelo-logger/test/logTest.js] [11714] [39mtest1
[2014-12-23 01:56:35.493] [WARN] log - [33m[/mnt/hgfs/src/marstv/backend_pomelochat/node_modules/pomelo-logger/test/logTest.js] [11714] [39mtest2
[2014-12-23 01:56:35.493] [ERROR] log - [31m[/mnt/hgfs/src/marstv/backend_pomelochat/node_modules/pomelo-logger/test/logTest.js] [11714] [39mtest3
[2014-12-23 01:56:36.493] [INFO] log - [32m[/mnt/hgfs/src/marstv/backend_pomelochat/node_modules/pomelo-logger/test/logTest.js] [11714] [39mtest1
[2014-12-23 01:56:36.494] [WARN] log - [33m[/mnt/hgfs/src/marstv/backend_pomelochat/node_modules/pomelo-logger/test/logTest.js] [11714] [39mtest2
[2014-12-23 01:56:36.494] [ERROR] log - [31m[/mnt/hgfs/src/marstv/backend_pomelochat/node_modules/pomelo-logger/test/logTest.js] [11714] [39mtest3
[2014-12-23 01:56:37.496] [INFO] log - [32m[/mnt/hgfs/src/marstv/backend_pomelochat/node_modules/pomelo-logger/test/logTest.js] [11714] [39mtest1
[2014-12-23 01:56:37.496] [WARN] log - [33m[/mnt/hgfs/src/marstv/backend_pomelochat/node_modules/pomelo-logger/test/logTest.js] [11714] [39mtest2
[2014-12-23 01:56:37.496] [ERROR] log - [31m[/mnt/hgfs/src/marstv/backend_pomelochat/node_modules/pomelo-logger/test/logTest.js] [11714] [39mtest3
[2014-12-23 01:56:38.497] [INFO] log - [32m[/mnt/hgfs/src/marstv/backend_pomelochat/node_modules/pomelo-logger/test/logTest.js] [11714] [39mtest1
[2014-12-23 01:56:38.497] [WARN] log - [33m[/mnt/hgfs/src/marstv/backend_pomelochat/node_modules/pomelo-logger/test/logTest.js] [11714] [39mtest2
[2014-12-23 01:56:38.497] [ERROR] log - [31m[/mnt/hgfs/src/marstv/backend_pomelochat/node_modules/pomelo-logger/test/logTest.js] [11714] [39mtest3
[2014-12-23 01:56:39.501] [INFO] log - [32m[/mnt/hgfs/src/marstv/backend_pomelochat/node_modules/pomelo-logger/test/logTest.js] [11714] [39mtest1
[2014-12-23 01:56:39.501] [WARN] log - [33m[/mnt/hgfs/src/marstv/backend_pomelochat/node_modules/pomelo-logger/test/logTest.js] [11714] [39mtest2
[2014-12-23 01:56:39.501] [ERROR] log - [31m[/mnt/hgfs/src/marstv/backend_pomelochat/node_modules/pomelo-logger/test/logTest.js] [11714] [39mtest3
[2014-12-23 02:09:29.370] [INFO] log - [32m[/mnt/hgfs/src/marstv/backend_pomelochat/node_modules/pomelo-logger/test/logTest.js] [11740] [39mtest1
[2014-12-23 02:09:29.374] [WARN] log - [33m[/mnt/hgfs/src/marstv/backend_pomelochat/node_modules/pomelo-logger/test/logTest.js] [11740] [39mtest2
[2014-12-23 02:09:29.374] [ERROR] log - [31m[/mnt/hgfs/src/marstv/backend_pomelochat/node_modules/pomelo-logger/test/logTest.js] [11740] [39mtest3
[2014-12-23 02:09:30.376] [INFO] log - [32m[/mnt/hgfs/src/marstv/backend_pomelochat/node_modules/pomelo-logger/test/logTest.js] [11740] [39mtest1
[2014-12-23 02:09:30.376] [WARN] log - [33m[/mnt/hgfs/src/marstv/backend_pomelochat/node_modules/pomelo-logger/test/logTest.js] [11740] [39mtest2
[2014-12-23 02:09:30.376] [ERROR] log - [31m[/mnt/hgfs/src/marstv/backend_pomelochat/node_modules/pomelo-logger/test/logTest.js] [11740] [39mtest3
[2014-12-23 02:09:31.377] [INFO] log - [32m[/mnt/hgfs/src/marstv/backend_pomelochat/node_modules/pomelo-logger/test/logTest.js] [11740] [39mtest1
[2014-12-23 02:09:31.377] [WARN] log - [33m[/mnt/hgfs/src/marstv/backend_pomelochat/node_modules/pomelo-logger/test/logTest.js] [11740] [39mtest2
[2014-12-23 02:09:31.377] [ERROR] log - [31m[/mnt/hgfs/src/marstv/backend_pomelochat/node_modules/pomelo-logger/test/logTest.js] [11740] [39mtest3
[2014-12-23 02:09:32.377] [INFO] log - [32m[/mnt/hgfs/src/marstv/backend_pomelochat/node_modules/pomelo-logger/test/logTest.js] [11740] [39mtest1
[2014-12-23 02:09:32.377] [WARN] log - [33m[/mnt/hgfs/src/marstv/backend_pomelochat/node_modules/pomelo-logger/test/logTest.js] [11740] [39mtest2
[2014-12-23 02:09:32.378] [ERROR] log - [31m[/mnt/hgfs/src/marstv/backend_pomelochat/node_modules/pomelo-logger/test/logTest.js] [11740] [39mtest3
[2014-12-23 02:09:33.379] [INFO] log - [32m[/mnt/hgfs/src/marstv/backend_pomelochat/node_modules/pomelo-logger/test/logTest.js] [11740] [39mtest1
[2014-12-23 02:09:33.379] [WARN] log - [33m[/mnt/hgfs/src/marstv/backend_pomelochat/node_modules/pomelo-logger/test/logTest.js] [11740] [39mtest2
[2014-12-23 02:09:33.379] [ERROR] log - [31m[/mnt/hgfs/src/marstv/backend_pomelochat/node_modules/pomelo-logger/test/logTest.js] [11740] [39mtest3
[2014-12-23 02:09:34.381] [INFO] log - [32m[/mnt/hgfs/src/marstv/backend_pomelochat/node_modules/pomelo-logger/test/logTest.js] [11740] [39mtest1
[2014-12-23 02:09:34.381] [WARN] log - [33m[/mnt/hgfs/src/marstv/backend_pomelochat/node_modules/pomelo-logger/test/logTest.js] [11740] [39mtest2
[2014-12-23 02:09:34.381] [ERROR] log - [31m[/mnt/hgfs/src/marstv/backend_pomelochat/node_modules/pomelo-logger/test/logTest.js] [11740] [39mtest3
[2014-12-23 02:09:35.384] [INFO] log - [32m[/mnt/hgfs/src/marstv/backend_pomelochat/node_modules/pomelo-logger/test/logTest.js] [11740] [39mtest1
[2014-12-23 02:09:35.384] [WARN] log - [33m[/mnt/hgfs/src/marstv/backend_pomelochat/node_modules/pomelo-logger/test/logTest.js] [11740] [39mtest2
[2014-12-23 02:09:35.384] [ERROR] log - [31m[/mnt/hgfs/src/marstv/backend_pomelochat/node_modules/pomelo-logger/test/logTest.js] [11740] [39mtest3
[2014-12-23 02:09:36.385] [INFO] log - [32m[/mnt/hgfs/src/marstv/backend_pomelochat/node_modules/pomelo-logger/test/logTest.js] [11740] [39mtest1
[2014-12-23 02:09:36.385] [WARN] log - [33m[/mnt/hgfs/src/marstv/backend_pomelochat/node_modules/pomelo-logger/test/logTest.js] [11740] [39mtest2
[2014-12-23 02:09:36.385] [ERROR] log - [31m[/mnt/hgfs/src/marstv/backend_pomelochat/node_modules/pomelo-logger/test/logTest.js] [11740] [39mtest3
[2014-12-23 02:09:37.387] [INFO] log - [32m[/mnt/hgfs/src/marstv/backend_pomelochat/node_modules/pomelo-logger/test/logTest.js] [11740] [39mtest1
[2014-12-23 02:09:37.387] [WARN] log - [33m[/mnt/hgfs/src/marstv/backend_pomelochat/node_modules/pomelo-logger/test/logTest.js] [11740] [39mtest2
[2014-12-23 02:09:37.387] [ERROR] log - [31m[/mnt/hgfs/src/marstv/backend_pomelochat/node_modules/pomelo-logger/test/logTest.js] [11740] [39mtest3
[2014-12-23 02:09:38.388] [INFO] log - [32m[/mnt/hgfs/src/marstv/backend_pomelochat/node_modules/pomelo-logger/test/logTest.js] [11740] [39mtest1
[2014-12-23 02:09:38.388] [WARN] log - [33m[/mnt/hgfs/src/marstv/backend_pomelochat/node_modules/pomelo-logger/test/logTest.js] [11740] [39mtest2
[2014-12-23 02:09:38.388] [ERROR] log - [31m[/mnt/hgfs/src/marstv/backend_pomelochat/node_modules/pomelo-logger/test/logTest.js] [11740] [39mtest3
[2014-12-23 02:09:39.391] [INFO] log - [32m[/mnt/hgfs/src/marstv/backend_pomelochat/node_modules/pomelo-logger/test/logTest.js] [11740] [39mtest1
[2014-12-23 02:09:39.391] [WARN] log - [33m[/mnt/hgfs/src/marstv/backend_pomelochat/node_modules/pomelo-logger/test/logTest.js] [11740] [39mtest2
[2014-12-23 02:09:39.391] [ERROR] log - [31m[/mnt/hgfs/src/marstv/backend_pomelochat/node_modules/pomelo-logger/test/logTest.js] [11740] [39mtest3
[2014-12-23 02:09:40.392] [INFO] log - [32m[/mnt/hgfs/src/marstv/backend_pomelochat/node_modules/pomelo-logger/test/logTest.js] [11740] [39mtest1
[2014-12-23 02:09:40.392] [WARN] log - [33m[/mnt/hgfs/src/marstv/backend_pomelochat/node_modules/pomelo-logger/test/logTest.js] [11740] [39mtest2
[2014-12-23 02:09:40.392] [ERROR] log - [31m[/mnt/hgfs/src/marstv/backend_pomelochat/node_modules/pomelo-logger/test/logTest.js] [11740] [39mtest3
[2014-12-23 02:09:41.393] [INFO] log - [32m[/mnt/hgfs/src/marstv/backend_pomelochat/node_modules/pomelo-logger/test/logTest.js] [11740] [39mtest1
[2014-12-23 02:09:41.393] [WARN] log - [33m[/mnt/hgfs/src/marstv/backend_pomelochat/node_modules/pomelo-logger/test/logTest.js] [11740] [39mtest2
[2014-12-23 02:09:41.393] [ERROR] log - [31m[/mnt/hgfs/src/marstv/backend_pomelochat/node_modules/pomelo-logger/test/logTest.js] [11740] [39mtest3
[2014-12-23 02:09:42.394] [INFO] log - [32m[/mnt/hgfs/src/marstv/backend_pomelochat/node_modules/pomelo-logger/test/logTest.js] [11740] [39mtest1
[2014-12-23 02:09:42.394] [WARN] log - [33m[/mnt/hgfs/src/marstv/backend_pomelochat/node_modules/pomelo-logger/test/logTest.js] [11740] [39mtest2
[2014-12-23 02:09:42.395] [ERROR] log - [31m[/mnt/hgfs/src/marstv/backend_pomelochat/node_modules/pomelo-logger/test/logTest.js] [11740] [39mtest3
[2014-12-23 02:09:51.578] [INFO] log - [32m[/mnt/hgfs/src/marstv/backend_pomelochat/node_modules/pomelo-logger/test/logTest.js] [11746] [39mtest1
[2014-12-23 02:09:51.582] [WARN] log - [33m[/mnt/hgfs/src/marstv/backend_pomelochat/node_modules/pomelo-logger/test/logTest.js] [11746] [39mtest2
[2014-12-23 02:09:51.582] [ERROR] log - [31m[/mnt/hgfs/src/marstv/backend_pomelochat/node_modules/pomelo-logger/test/logTest.js] [11746] [39mtest3
[2014-12-23 02:09:52.583] [INFO] log - [32m[/mnt/hgfs/src/marstv/backend_pomelochat/node_modules/pomelo-logger/test/logTest.js] [11746] [39mtest1
[2014-12-23 02:09:52.583] [WARN] log - [33m[/mnt/hgfs/src/marstv/backend_pomelochat/node_modules/pomelo-logger/test/logTest.js] [11746] [39mtest2
[2014-12-23 02:09:52.583] [ERROR] log - [31m[/mnt/hgfs/src/marstv/backend_pomelochat/node_modules/pomelo-logger/test/logTest.js] [11746] [39mtest3
[2014-12-23 02:09:53.584] [INFO] log - [32m[/mnt/hgfs/src/marstv/backend_pomelochat/node_modules/pomelo-logger/test/logTest.js] [11746] [39mtest1
[2014-12-23 02:09:53.584] [WARN] log - [33m[/mnt/hgfs/src/marstv/backend_pomelochat/node_modules/pomelo-logger/test/logTest.js] [11746] [39mtest2
[2014-12-23 02:09:53.584] [ERROR] log - [31m[/mnt/hgfs/src/marstv/backend_pomelochat/node_modules/pomelo-logger/test/logTest.js] [11746] [39mtest3
[2014-12-23 02:09:54.588] [INFO] log - [32m[/mnt/hgfs/src/marstv/backend_pomelochat/node_modules/pomelo-logger/test/logTest.js] [11746] [39mtest1
[2014-12-23 02:09:54.588] [WARN] log - [33m[/mnt/hgfs/src/marstv/backend_pomelochat/node_modules/pomelo-logger/test/logTest.js] [11746] [39mtest2
[2014-12-23 02:09:54.588] [ERROR] log - [31m[/mnt/hgfs/src/marstv/backend_pomelochat/node_modules/pomelo-logger/test/logTest.js] [11746] [39mtest3
[2014-12-23 02:09:55.590] [INFO] log - [32m[/mnt/hgfs/src/marstv/backend_pomelochat/node_modules/pomelo-logger/test/logTest.js] [11746] [39mtest1
[2014-12-23 02:09:55.590] [WARN] log - [33m[/mnt/hgfs/src/marstv/backend_pomelochat/node_modules/pomelo-logger/test/logTest.js] [11746] [39mtest2
[2014-12-23 02:09:55.590] [ERROR] log - [31m[/mnt/hgfs/src/marstv/backend_pomelochat/node_modules/pomelo-logger/test/logTest.js] [11746] [39mtest3
[2014-12-23 02:09:56.591] [INFO] log - [32m[/mnt/hgfs/src/marstv/backend_pomelochat/node_modules/pomelo-logger/test/logTest.js] [11746] [39mtest1
[2014-12-23 02:09:56.591] [WARN] log - [33m[/mnt/hgfs/src/marstv/backend_pomelochat/node_modules/pomelo-logger/test/logTest.js] [11746] [39mtest2
[2014-12-23 02:09:56.591] [ERROR] log - [31m[/mnt/hgfs/src/marstv/backend_pomelochat/node_modules/pomelo-logger/test/logTest.js] [11746] [39mtest3
[2014-12-23 02:09:57.596] [INFO] log - [32m[/mnt/hgfs/src/marstv/backend_pomelochat/node_modules/pomelo-logger/test/logTest.js] [11746] [39mtest1
[2014-12-23 02:09:57.596] [WARN] log - [33m[/mnt/hgfs/src/marstv/backend_pomelochat/node_modules/pomelo-logger/test/logTest.js] [11746] [39mtest2
[2014-12-23 02:09:57.596] [ERROR] log - [31m[/mnt/hgfs/src/marstv/backend_pomelochat/node_modules/pomelo-logger/test/logTest.js] [11746] [39mtest3
[2014-12-23 02:09:58.598] [INFO] log - [32m[/mnt/hgfs/src/marstv/backend_pomelochat/node_modules/pomelo-logger/test/logTest.js] [11746] [39mtest1
[2014-12-23 02:09:58.598] [WARN] log - [33m[/mnt/hgfs/src/marstv/backend_pomelochat/node_modules/pomelo-logger/test/logTest.js] [11746] [39mtest2
[2014-12-23 02:09:58.598] [ERROR] log - [31m[/mnt/hgfs/src/marstv/backend_pomelochat/node_modules/pomelo-logger/test/logTest.js] [11746] [39mtest3
[2014-12-23 02:09:59.598] [INFO] log - [32m[/mnt/hgfs/src/marstv/backend_pomelochat/node_modules/pomelo-logger/test/logTest.js] [11746] [39mtest1
[2014-12-23 02:09:59.598] [WARN] log - [33m[/mnt/hgfs/src/marstv/backend_pomelochat/node_modules/pomelo-logger/test/logTest.js] [11746] [39mtest2
[2014-12-23 02:09:59.598] [ERROR] log - [31m[/mnt/hgfs/src/marstv/backend_pomelochat/node_modules/pomelo-logger/test/logTest.js] [11746] [39mtest3
[2014-12-23 02:10:00.600] [INFO] log - [32m[/mnt/hgfs/src/marstv/backend_pomelochat/node_modules/pomelo-logger/test/logTest.js] [11746] [39mtest1
[2014-12-23 02:10:00.600] [WARN] log - [33m[/mnt/hgfs/src/marstv/backend_pomelochat/node_modules/pomelo-logger/test/logTest.js] [11746] [39mtest2
[2014-12-23 02:10:00.603] [ERROR] log - [31m[/mnt/hgfs/src/marstv/backend_pomelochat/node_modules/pomelo-logger/test/logTest.js] [11746] [39mtest3
[2014-12-23 02:10:01.603] [INFO] log - [32m[/mnt/hgfs/src/marstv/backend_pomelochat/node_modules/pomelo-logger/test/logTest.js] [11746] [39mtest1
[2014-12-23 02:10:01.603] [WARN] log - [33m[/mnt/hgfs/src/marstv/backend_pomelochat/node_modules/pomelo-logger/test/logTest.js] [11746] [39mtest2
[2014-12-23 02:10:01.603] [ERROR] log - [31m[/mnt/hgfs/src/marstv/backend_pomelochat/node_modules/pomelo-logger/test/logTest.js] [11746] [39mtest3
[2014-12-23 02:10:02.605] [INFO] log - [32m[/mnt/hgfs/src/marstv/backend_pomelochat/node_modules/pomelo-logger/test/logTest.js] [11746] [39mtest1
[2014-12-23 02:10:02.605] [WARN] log - [33m[/mnt/hgfs/src/marstv/backend_pomelochat/node_modules/pomelo-logger/test/logTest.js] [11746] [39mtest2
[2014-12-23 02:10:02.605] [ERROR] log - [31m[/mnt/hgfs/src/marstv/backend_pomelochat/node_modules/pomelo-logger/test/logTest.js] [11746] [39mtest3
[2014-12-23 02:10:03.607] [INFO] log - [32m[/mnt/hgfs/src/marstv/backend_pomelochat/node_modules/pomelo-logger/test/logTest.js] [11746] [39mtest1
[2014-12-23 02:10:03.607] [WARN] log - [33m[/mnt/hgfs/src/marstv/backend_pomelochat/node_modules/pomelo-logger/test/logTest.js] [11746] [39mtest2
[2014-12-23 02:10:03.607] [ERROR] log - [31m[/mnt/hgfs/src/marstv/backend_pomelochat/node_modules/pomelo-logger/test/logTest.js] [11746] [39mtest3
[2014-12-23 02:10:04.609] [INFO] log - [32m[/mnt/hgfs/src/marstv/backend_pomelochat/node_modules/pomelo-logger/test/logTest.js] [11746] [39mtest1
[2014-12-23 02:10:04.609] [WARN] log - [33m[/mnt/hgfs/src/marstv/backend_pomelochat/node_modules/pomelo-logger/test/logTest.js] [11746] [39mtest2
[2014-12-23 02:10:04.612] [ERROR] log - [31m[/mnt/hgfs/src/marstv/backend_pomelochat/node_modules/pomelo-logger/test/logTest.js] [11746] [39mtest3
[2014-12-23 02:10:05.613] [INFO] log - [32m[/mnt/hgfs/src/marstv/backend_pomelochat/node_modules/pomelo-logger/test/logTest.js] [11746] [39mtest1
[2014-12-23 02:10:05.613] [WARN] log - [33m[/mnt/hgfs/src/marstv/backend_pomelochat/node_modules/pomelo-logger/test/logTest.js] [11746] [39mtest2
[2014-12-23 02:10:05.613] [ERROR] log - [31m[/mnt/hgfs/src/marstv/backend_pomelochat/node_modules/pomelo-logger/test/logTest.js] [11746] [39mtest3
[2014-12-23 02:10:06.614] [INFO] log - [32m[/mnt/hgfs/src/marstv/backend_pomelochat/node_modules/pomelo-logger/test/logTest.js] [11746] [39mtest1
[2014-12-23 02:10:06.614] [WARN] log - [33m[/mnt/hgfs/src/marstv/backend_pomelochat/node_modules/pomelo-logger/test/logTest.js] [11746] [39mtest2
[2014-12-23 02:10:06.614] [ERROR] log - [31m[/mnt/hgfs/src/marstv/backend_pomelochat/node_modules/pomelo-logger/test/logTest.js] [11746] [39mtest3
[2014-12-23 02:10:07.615] [INFO] log - [32m[/mnt/hgfs/src/marstv/backend_pomelochat/node_modules/pomelo-logger/test/logTest.js] [11746] [39mtest1
[2014-12-23 02:10:07.615] [WARN] log - [33m[/mnt/hgfs/src/marstv/backend_pomelochat/node_modules/pomelo-logger/test/logTest.js] [11746] [39mtest2
[2014-12-23 02:10:07.615] [ERROR] log - [31m[/mnt/hgfs/src/marstv/backend_pomelochat/node_modules/pomelo-logger/test/logTest.js] [11746] [39mtest3
[2014-12-23 02:10:08.617] [INFO] log - [32m[/mnt/hgfs/src/marstv/backend_pomelochat/node_modules/pomelo-logger/test/logTest.js] [11746] [39mtest1
[2014-12-23 02:10:08.617] [WARN] log - [33m[/mnt/hgfs/src/marstv/backend_pomelochat/node_modules/pomelo-logger/test/logTest.js] [11746] [39mtest2
[2014-12-23 02:10:08.618] [ERROR] log - [31m[/mnt/hgfs/src/marstv/backend_pomelochat/node_modules/pomelo-logger/test/logTest.js] [11746] [39mtest3
[2014-12-23 02:10:09.620] [INFO] log - [32m[/mnt/hgfs/src/marstv/backend_pomelochat/node_modules/pomelo-logger/test/logTest.js] [11746] [39mtest1
[2014-12-23 02:10:09.620] [WARN] log - [33m[/mnt/hgfs/src/marstv/backend_pomelochat/node_modules/pomelo-logger/test/logTest.js] [11746] [39mtest2
[2014-12-23 02:10:09.620] [ERROR] log - [31m[/mnt/hgfs/src/marstv/backend_pomelochat/node_modules/pomelo-logger/test/logTest.js] [11746] [39mtest3
[2014-12-23 02:10:10.622] [INFO] log - [32m[/mnt/hgfs/src/marstv/backend_pomelochat/node_modules/pomelo-logger/test/logTest.js] [11746] [39mtest1
[2014-12-23 02:10:10.622] [WARN] log - [33m[/mnt/hgfs/src/marstv/backend_pomelochat/node_modules/pomelo-logger/test/logTest.js] [11746] [39mtest2
[2014-12-23 02:10:10.622] [ERROR] log - [31m[/mnt/hgfs/src/marstv/backend_pomelochat/node_modules/pomelo-logger/test/logTest.js] [11746] [39mtest3
[2014-12-23 02:10:11.624] [INFO] log - [32m[/mnt/hgfs/src/marstv/backend_pomelochat/node_modules/pomelo-logger/test/logTest.js] [11746] [39mtest1
[2014-12-23 02:10:11.625] [WARN] log - [33m[/mnt/hgfs/src/marstv/backend_pomelochat/node_modules/pomelo-logger/test/logTest.js] [11746] [39mtest2
[2014-12-23 02:10:11.626] [ERROR] log - [31m[/mnt/hgfs/src/marstv/backend_pomelochat/node_modules/pomelo-logger/test/logTest.js] [11746] [39mtest3
[2014-12-23 02:10:12.628] [INFO] log - [32m[/mnt/hgfs/src/marstv/backend_pomelochat/node_modules/pomelo-logger/test/logTest.js] [11746] [39mtest1
[2014-12-23 02:10:12.628] [WARN] log - [33m[/mnt/hgfs/src/marstv/backend_pomelochat/node_modules/pomelo-logger/test/logTest.js] [11746] [39mtest2
[2014-12-23 02:10:12.632] [ERROR] log - [31m[/mnt/hgfs/src/marstv/backend_pomelochat/node_modules/pomelo-logger/test/logTest.js] [11746] [39mtest3
[2014-12-23 02:10:13.639] [INFO] log - [32m[/mnt/hgfs/src/marstv/backend_pomelochat/node_modules/pomelo-logger/test/logTest.js] [11746] [39mtest1
[2014-12-23 02:10:13.639] [WARN] log - [33m[/mnt/hgfs/src/marstv/backend_pomelochat/node_modules/pomelo-logger/test/logTest.js] [11746] [39mtest2
[2014-12-23 02:10:13.639] [ERROR] log - [31m[/mnt/hgfs/src/marstv/backend_pomelochat/node_modules/pomelo-logger/test/logTest.js] [11746] [39mtest3
[2014-12-23 02:10:14.640] [INFO] log - [32m[/mnt/hgfs/src/marstv/backend_pomelochat/node_modules/pomelo-logger/test/logTest.js] [11746] [39mtest1
[2014-12-23 02:10:14.640] [WARN] log - [33m[/mnt/hgfs/src/marstv/backend_pomelochat/node_modules/pomelo-logger/test/logTest.js] [11746] [39mtest2
[2014-12-23 02:10:14.640] [ERROR] log - [31m[/mnt/hgfs/src/marstv/backend_pomelochat/node_modules/pomelo-logger/test/logTest.js] [11746] [39mtest3
[2014-12-23 02:10:15.642] [INFO] log - [32m[/mnt/hgfs/src/marstv/backend_pomelochat/node_modules/pomelo-logger/test/logTest.js] [11746] [39mtest1
[2014-12-23 02:10:15.642] [WARN] log - [33m[/mnt/hgfs/src/marstv/backend_pomelochat/node_modules/pomelo-logger/test/logTest.js] [11746] [39mtest2
[2014-12-23 02:10:15.642] [ERROR] log - [31m[/mnt/hgfs/src/marstv/backend_pomelochat/node_modules/pomelo-logger/test/logTest.js] [11746] [39mtest3
[2014-12-23 02:10:16.643] [INFO] log - [32m[/mnt/hgfs/src/marstv/backend_pomelochat/node_modules/pomelo-logger/test/logTest.js] [11746] [39mtest1
[2014-12-23 02:10:16.643] [WARN] log - [33m[/mnt/hgfs/src/marstv/backend_pomelochat/node_modules/pomelo-logger/test/logTest.js] [11746] [39mtest2
[2014-12-23 02:10:16.643] [ERROR] log - [31m[/mnt/hgfs/src/marstv/backend_pomelochat/node_modules/pomelo-logger/test/logTest.js] [11746] [39mtest3
[2014-12-23 02:10:17.645] [INFO] log - [32m[/mnt/hgfs/src/marstv/backend_pomelochat/node_modules/pomelo-logger/test/logTest.js] [11746] [39mtest1
[2014-12-23 02:10:17.645] [WARN] log - [33m[/mnt/hgfs/src/marstv/backend_pomelochat/node_modules/pomelo-logger/test/logTest.js] [11746] [39mtest2
[2014-12-23 02:10:17.645] [ERROR] log - [31m[/mnt/hgfs/src/marstv/backend_pomelochat/node_modules/pomelo-logger/test/logTest.js] [11746] [39mtest3
[2014-12-23 02:10:18.646] [INFO] log - [32m[/mnt/hgfs/src/marstv/backend_pomelochat/node_modules/pomelo-logger/test/logTest.js] [11746] [39mtest1
[2014-12-23 02:10:18.646] [WARN] log - [33m[/mnt/hgfs/src/marstv/backend_pomelochat/node_modules/pomelo-logger/test/logTest.js] [11746] [39mtest2
[2014-12-23 02:10:18.646] [ERROR] log - [31m[/mnt/hgfs/src/marstv/backend_pomelochat/node_modules/pomelo-logger/test/logTest.js] [11746] [39mtest3
[2014-12-23 02:10:19.647] [INFO] log - [32m[/mnt/hgfs/src/marstv/backend_pomelochat/node_modules/pomelo-logger/test/logTest.js] [11746] [39mtest1
[2014-12-23 02:10:19.647] [WARN] log - [33m[/mnt/hgfs/src/marstv/backend_pomelochat/node_modules/pomelo-logger/test/logTest.js] [11746] [39mtest2
[2014-12-23 02:10:19.647] [ERROR] log - [31m[/mnt/hgfs/src/marstv/backend_pomelochat/node_modules/pomelo-logger/test/logTest.js] [11746] [39mtest3
[2014-12-23 02:10:20.649] [INFO] log - [32m[/mnt/hgfs/src/marstv/backend_pomelochat/node_modules/pomelo-logger/test/logTest.js] [11746] [39mtest1
[2014-12-23 02:10:20.649] [WARN] log - [33m[/mnt/hgfs/src/marstv/backend_pomelochat/node_modules/pomelo-logger/test/logTest.js] [11746] [39mtest2
[2014-12-23 02:10:20.649] [ERROR] log - [31m[/mnt/hgfs/src/marstv/backend_pomelochat/node_modules/pomelo-logger/test/logTest.js] [11746] [39mtest3
[2014-12-23 02:10:21.656] [INFO] log - [32m[/mnt/hgfs/src/marstv/backend_pomelochat/node_modules/pomelo-logger/test/logTest.js] [11746] [39mtest1
[2014-12-23 02:10:21.656] [WARN] log - [33m[/mnt/hgfs/src/marstv/backend_pomelochat/node_modules/pomelo-logger/test/logTest.js] [11746] [39mtest2
[2014-12-23 02:10:21.656] [ERROR] log - [31m[/mnt/hgfs/src/marstv/backend_pomelochat/node_modules/pomelo-logger/test/logTest.js] [11746] [39mtest3
[2014-12-23 02:10:22.657] [INFO] log - [32m[/mnt/hgfs/src/marstv/backend_pomelochat/node_modules/pomelo-logger/test/logTest.js] [11746] [39mtest1
[2014-12-23 02:10:22.657] [WARN] log - [33m[/mnt/hgfs/src/marstv/backend_pomelochat/node_modules/pomelo-logger/test/logTest.js] [11746] [39mtest2
[2014-12-23 02:10:22.657] [ERROR] log - [31m[/mnt/hgfs/src/marstv/backend_pomelochat/node_modules/pomelo-logger/test/logTest.js] [11746] [39mtest3
[2014-12-23 02:10:23.659] [INFO] log - [32m[/mnt/hgfs/src/marstv/backend_pomelochat/node_modules/pomelo-logger/test/logTest.js] [11746] [39mtest1
[2014-12-23 02:10:23.659] [WARN] log - [33m[/mnt/hgfs/src/marstv/backend_pomelochat/node_modules/pomelo-logger/test/logTest.js] [11746] [39mtest2
[2014-12-23 02:10:23.660] [ERROR] log - [31m[/mnt/hgfs/src/marstv/backend_pomelochat/node_modules/pomelo-logger/test/logTest.js] [11746] [39mtest3
[2014-12-23 02:10:24.664] [INFO] log - [32m[/mnt/hgfs/src/marstv/backend_pomelochat/node_modules/pomelo-logger/test/logTest.js] [11746] [39mtest1
[2014-12-23 02:10:24.664] [WARN] log - [33m[/mnt/hgfs/src/marstv/backend_pomelochat/node_modules/pomelo-logger/test/logTest.js] [11746] [39mtest2
[2014-12-23 02:10:24.664] [ERROR] log - [31m[/mnt/hgfs/src/marstv/backend_pomelochat/node_modules/pomelo-logger/test/logTest.js] [11746] [39mtest3
[2014-12-23 02:10:25.666] [INFO] log - [32m[/mnt/hgfs/src/marstv/backend_pomelochat/node_modules/pomelo-logger/test/logTest.js] [11746] [39mtest1
[2014-12-23 02:10:25.666] [WARN] log - [33m[/mnt/hgfs/src/marstv/backend_pomelochat/node_modules/pomelo-logger/test/logTest.js] [11746] [39mtest2
[2014-12-23 02:10:25.668] [ERROR] log - [31m[/mnt/hgfs/src/marstv/backend_pomelochat/node_modules/pomelo-logger/test/logTest.js] [11746] [39mtest3
[2014-12-23 02:10:26.669] [INFO] log - [32m[/mnt/hgfs/src/marstv/backend_pomelochat/node_modules/pomelo-logger/test/logTest.js] [11746] [39mtest1
[2014-12-23 02:10:26.669] [WARN] log - [33m[/mnt/hgfs/src/marstv/backend_pomelochat/node_modules/pomelo-logger/test/logTest.js] [11746] [39mtest2
[2014-12-23 02:10:26.669] [ERROR] log - [31m[/mnt/hgfs/src/marstv/backend_pomelochat/node_modules/pomelo-logger/test/logTest.js] [11746] [39mtest3
[2014-12-23 02:10:27.671] [INFO] log - [32m[/mnt/hgfs/src/marstv/backend_pomelochat/node_modules/pomelo-logger/test/logTest.js] [11746] [39mtest1
[2014-12-23 02:10:27.671] [WARN] log - [33m[/mnt/hgfs/src/marstv/backend_pomelochat/node_modules/pomelo-logger/test/logTest.js] [11746] [39mtest2
[2014-12-23 02:10:27.671] [ERROR] log - [31m[/mnt/hgfs/src/marstv/backend_pomelochat/node_modules/pomelo-logger/test/logTest.js] [11746] [39mtest3
[2014-12-23 02:10:28.674] [INFO] log - [32m[/mnt/hgfs/src/marstv/backend_pomelochat/node_modules/pomelo-logger/test/logTest.js] [11746] [39mtest1
[2014-12-23 02:10:28.674] [WARN] log - [33m[/mnt/hgfs/src/marstv/backend_pomelochat/node_modules/pomelo-logger/test/logTest.js] [11746] [39mtest2
[2014-12-23 02:10:28.674] [ERROR] log - [31m[/mnt/hgfs/src/marstv/backend_pomelochat/node_modules/pomelo-logger/test/logTest.js] [11746] [39mtest3
[2014-12-23 02:10:29.676] [INFO] log - [32m[/mnt/hgfs/src/marstv/backend_pomelochat/node_modules/pomelo-logger/test/logTest.js] [11746] [39mtest1
[2014-12-23 02:10:29.676] [WARN] log - [33m[/mnt/hgfs/src/marstv/backend_pomelochat/node_modules/pomelo-logger/test/logTest.js] [11746] [39mtest2
[2014-12-23 02:10:29.676] [ERROR] log - [31m[/mnt/hgfs/src/marstv/backend_pomelochat/node_modules/pomelo-logger/test/logTest.js] [11746] [39mtest3
[2014-12-23 02:10:30.678] [INFO] log - [32m[/mnt/hgfs/src/marstv/backend_pomelochat/node_modules/pomelo-logger/test/logTest.js] [11746] [39mtest1
[2014-12-23 02:10:30.678] [WARN] log - [33m[/mnt/hgfs/src/marstv/backend_pomelochat/node_modules/pomelo-logger/test/logTest.js] [11746] [39mtest2
[2014-12-23 02:10:30.678] [ERROR] log - [31m[/mnt/hgfs/src/marstv/backend_pomelochat/node_modules/pomelo-logger/test/logTest.js] [11746] [39mtest3
[2014-12-23 02:10:31.679] [INFO] log - [32m[/mnt/hgfs/src/marstv/backend_pomelochat/node_modules/pomelo-logger/test/logTest.js] [11746] [39mtest1
[2014-12-23 02:10:31.679] [WARN] log - [33m[/mnt/hgfs/src/marstv/backend_pomelochat/node_modules/pomelo-logger/test/logTest.js] [11746] [39mtest2
[2014-12-23 02:10:31.679] [ERROR] log - [31m[/mnt/hgfs/src/marstv/backend_pomelochat/node_modules/pomelo-logger/test/logTest.js] [11746] [39mtest3
[2014-12-23 02:10:32.680] [INFO] log - [32m[/mnt/hgfs/src/marstv/backend_pomelochat/node_modules/pomelo-logger/test/logTest.js] [11746] [39mtest1
[2014-12-23 02:10:32.681] [WARN] log - [33m[/mnt/hgfs/src/marstv/backend_pomelochat/node_modules/pomelo-logger/test/logTest.js] [11746] [39mtest2
[2014-12-23 02:10:32.681] [ERROR] log - [31m[/mnt/hgfs/src/marstv/backend_pomelochat/node_modules/pomelo-logger/test/logTest.js] [11746] [39mtest3
[2014-12-23 02:10:33.683] [INFO] log - [32m[/mnt/hgfs/src/marstv/backend_pomelochat/node_modules/pomelo-logger/test/logTest.js] [11746] [39mtest1
[2014-12-23 02:10:33.683] [WARN] log - [33m[/mnt/hgfs/src/marstv/backend_pomelochat/node_modules/pomelo-logger/test/logTest.js] [11746] [39mtest2
[2014-12-23 02:10:33.683] [ERROR] log - [31m[/mnt/hgfs/src/marstv/backend_pomelochat/node_modules/pomelo-logger/test/logTest.js] [11746] [39mtest3
[2014-12-23 02:10:34.687] [INFO] log - [32m[/mnt/hgfs/src/marstv/backend_pomelochat/node_modules/pomelo-logger/test/logTest.js] [11746] [39mtest1
[2014-12-23 02:10:34.687] [WARN] log - [33m[/mnt/hgfs/src/marstv/backend_pomelochat/node_modules/pomelo-logger/test/logTest.js] [11746] [39mtest2
[2014-12-23 02:10:34.689] [ERROR] log - [31m[/mnt/hgfs/src/marstv/backend_pomelochat/node_modules/pomelo-logger/test/logTest.js] [11746] [39mtest3
[2014-12-23 02:10:35.693] [INFO] log - [32m[/mnt/hgfs/src/marstv/backend_pomelochat/node_modules/pomelo-logger/test/logTest.js] [11746] [39mtest1
[2014-12-23 02:10:35.693] [WARN] log - [33m[/mnt/hgfs/src/marstv/backend_pomelochat/node_modules/pomelo-logger/test/logTest.js] [11746] [39mtest2
[2014-12-23 02:10:35.694] [ERROR] log - [31m[/mnt/hgfs/src/marstv/backend_pomelochat/node_modules/pomelo-logger/test/logTest.js] [11746] [39mtest3
[2014-12-23 02:10:36.695] [INFO] log - [32m[/mnt/hgfs/src/marstv/backend_pomelochat/node_modules/pomelo-logger/test/logTest.js] [11746] [39mtest1
[2014-12-23 02:10:36.696] [WARN] log - [33m[/mnt/hgfs/src/marstv/backend_pomelochat/node_modules/pomelo-logger/test/logTest.js] [11746] [39mtest2
[2014-12-23 02:10:36.696] [ERROR] log - [31m[/mnt/hgfs/src/marstv/backend_pomelochat/node_modules/pomelo-logger/test/logTest.js] [11746] [39mtest3
[2014-12-23 02:10:37.697] [INFO] log - [32m[/mnt/hgfs/src/marstv/backend_pomelochat/node_modules/pomelo-logger/test/logTest.js] [11746] [39mtest1
[2014-12-23 02:10:37.697] [WARN] log - [33m[/mnt/hgfs/src/marstv/backend_pomelochat/node_modules/pomelo-logger/test/logTest.js] [11746] [39mtest2
[2014-12-23 02:10:37.697] [ERROR] log - [31m[/mnt/hgfs/src/marstv/backend_pomelochat/node_modules/pomelo-logger/test/logTest.js] [11746] [39mtest3
[2014-12-23 02:10:38.699] [INFO] log - [32m[/mnt/hgfs/src/marstv/backend_pomelochat/node_modules/pomelo-logger/test/logTest.js] [11746] [39mtest1
[2014-12-23 02:10:38.700] [WARN] log - [33m[/mnt/hgfs/src/marstv/backend_pomelochat/node_modules/pomelo-logger/test/logTest.js] [11746] [39mtest2
[2014-12-23 02:10:38.700] [ERROR] log - [31m[/mnt/hgfs/src/marstv/backend_pomelochat/node_modules/pomelo-logger/test/logTest.js] [11746] [39mtest3
[2014-12-23 02:10:39.701] [INFO] log - [32m[/mnt/hgfs/src/marstv/backend_pomelochat/node_modules/pomelo-logger/test/logTest.js] [11746] [39mtest1
[2014-12-23 02:10:39.701] [WARN] log - [33m[/mnt/hgfs/src/marstv/backend_pomelochat/node_modules/pomelo-logger/test/logTest.js] [11746] [39mtest2
[2014-12-23 02:10:39.701] [ERROR] log - [31m[/mnt/hgfs/src/marstv/backend_pomelochat/node_modules/pomelo-logger/test/logTest.js] [11746] [39mtest3
[2014-12-23 02:10:40.711] [INFO] log - [32m[/mnt/hgfs/src/marstv/backend_pomelochat/node_modules/pomelo-logger/test/logTest.js] [11746] [39mtest1
[2014-12-23 02:12:10.134] [INFO] log - [32m[/mnt/hgfs/src/marstv/backend_pomelochat/node_modules/pomelo-logger/test/logTest.js] [11755] [39mtest1
[2014-12-23 02:12:10.137] [WARN] log - [33m[/mnt/hgfs/src/marstv/backend_pomelochat/node_modules/pomelo-logger/test/logTest.js] [11755] [39mtest2
[2014-12-23 02:12:10.139] [ERROR] log - [31m[/mnt/hgfs/src/marstv/backend_pomelochat/node_modules/pomelo-logger/test/logTest.js] [11755] [39mtest3
[2014-12-23 02:12:11.141] [INFO] log - [32m[/mnt/hgfs/src/marstv/backend_pomelochat/node_modules/pomelo-logger/test/logTest.js] [11755] [39mtest1
[2014-12-23 02:12:11.142] [WARN] log - [33m[/mnt/hgfs/src/marstv/backend_pomelochat/node_modules/pomelo-logger/test/logTest.js] [11755] [39mtest2
[2014-12-23 02:12:11.142] [ERROR] log - [31m[/mnt/hgfs/src/marstv/backend_pomelochat/node_modules/pomelo-logger/test/logTest.js] [11755] [39mtest3
[2014-12-23 02:12:12.143] [INFO] log - [32m[/mnt/hgfs/src/marstv/backend_pomelochat/node_modules/pomelo-logger/test/logTest.js] [11755] [39mtest1
[2014-12-23 02:12:12.144] [WARN] log - [33m[/mnt/hgfs/src/marstv/backend_pomelochat/node_modules/pomelo-logger/test/logTest.js] [11755] [39mtest2
[2014-12-23 02:12:12.144] [ERROR] log - [31m[/mnt/hgfs/src/marstv/backend_pomelochat/node_modules/pomelo-logger/test/logTest.js] [11755] [39mtest3
[2014-12-23 02:12:13.145] [INFO] log - [32m[/mnt/hgfs/src/marstv/backend_pomelochat/node_modules/pomelo-logger/test/logTest.js] [11755] [39mtest1
[2014-12-23 02:12:13.145] [WARN] log - [33m[/mnt/hgfs/src/marstv/backend_pomelochat/node_modules/pomelo-logger/test/logTest.js] [11755] [39mtest2
[2014-12-23 02:12:13.147] [ERROR] log - [31m[/mnt/hgfs/src/marstv/backend_pomelochat/node_modules/pomelo-logger/test/logTest.js] [11755] [39mtest3
[2014-12-23 02:12:14.149] [INFO] log - [32m[/mnt/hgfs/src/marstv/backend_pomelochat/node_modules/pomelo-logger/test/logTest.js] [11755] [39mtest1
[2014-12-23 02:12:14.150] [WARN] log - [33m[/mnt/hgfs/src/marstv/backend_pomelochat/node_modules/pomelo-logger/test/logTest.js] [11755] [39mtest2
[2014-12-23 02:12:14.150] [ERROR] log - [31m[/mnt/hgfs/src/marstv/backend_pomelochat/node_modules/pomelo-logger/test/logTest.js] [11755] [39mtest3
[2014-12-23 02:12:15.152] [INFO] log - [32m[/mnt/hgfs/src/marstv/backend_pomelochat/node_modules/pomelo-logger/test/logTest.js] [11755] [39mtest1
[2014-12-23 02:12:15.152] [WARN] log - [33m[/mnt/hgfs/src/marstv/backend_pomelochat/node_modules/pomelo-logger/test/logTest.js] [11755] [39mtest2
[2014-12-23 02:12:15.152] [ERROR] log - [31m[/mnt/hgfs/src/marstv/backend_pomelochat/node_modules/pomelo-logger/test/logTest.js] [11755] [39mtest3
[2014-12-23 02:12:22.022] [INFO] log - [32m[/mnt/hgfs/src/marstv/backend_pomelochat/node_modules/pomelo-logger/test/logTest.js] [11761] [39mtest1
[2014-12-23 02:12:22.025] [WARN] log - [33m[/mnt/hgfs/src/marstv/backend_pomelochat/node_modules/pomelo-logger/test/logTest.js] [11761] [39mtest2
[2014-12-23 02:12:22.025] [ERROR] log - [31m[/mnt/hgfs/src/marstv/backend_pomelochat/node_modules/pomelo-logger/test/logTest.js] [11761] [39mtest3
[2014-12-23 02:12:23.028] [INFO] log - [32m[/mnt/hgfs/src/marstv/backend_pomelochat/node_modules/pomelo-logger/test/logTest.js] [11761] [39mtest1
[2014-12-23 02:12:23.028] [WARN] log - [33m[/mnt/hgfs/src/marstv/backend_pomelochat/node_modules/pomelo-logger/test/logTest.js] [11761] [39mtest2
[2014-12-23 02:12:23.028] [ERROR] log - [31m[/mnt/hgfs/src/marstv/backend_pomelochat/node_modules/pomelo-logger/test/logTest.js] [11761] [39mtest3
[2014-12-23 02:12:24.030] [INFO] log - [32m[/mnt/hgfs/src/marstv/backend_pomelochat/node_modules/pomelo-logger/test/logTest.js] [11761] [39mtest1
[2014-12-23 02:12:24.030] [WARN] log - [33m[/mnt/hgfs/src/marstv/backend_pomelochat/node_modules/pomelo-logger/test/logTest.js] [11761] [39mtest2
[2014-12-23 02:12:24.030] [ERROR] log - [31m[/mnt/hgfs/src/marstv/backend_pomelochat/node_modules/pomelo-logger/test/logTest.js] [11761] [39mtest3
[2014-12-23 02:12:25.032] [INFO] log - [32m[/mnt/hgfs/src/marstv/backend_pomelochat/node_modules/pomelo-logger/test/logTest.js] [11761] [39mtest1
[2014-12-23 02:12:25.033] [WARN] log - [33m[/mnt/hgfs/src/marstv/backend_pomelochat/node_modules/pomelo-logger/test/logTest.js] [11761] [39mtest2
[2014-12-23 02:12:25.033] [ERROR] log - [31m[/mnt/hgfs/src/marstv/backend_pomelochat/node_modules/pomelo-logger/test/logTest.js] [11761] [39mtest3
[2014-12-23 02:12:26.035] [INFO] log - [32m[/mnt/hgfs/src/marstv/backend_pomelochat/node_modules/pomelo-logger/test/logTest.js] [11761] [39mtest1
[2014-12-23 02:12:26.035] [WARN] log - [33m[/mnt/hgfs/src/marstv/backend_pomelochat/node_modules/pomelo-logger/test/logTest.js] [11761] [39mtest2
[2014-12-23 02:12:26.035] [ERROR] log - [31m[/mnt/hgfs/src/marstv/backend_pomelochat/node_modules/pomelo-logger/test/logTest.js] [11761] [39mtest3
[2014-12-23 02:12:27.043] [INFO] log - [32m[/mnt/hgfs/src/marstv/backend_pomelochat/node_modules/pomelo-logger/test/logTest.js] [11761] [39mtest1
[2014-12-23 02:12:27.043] [WARN] log - [33m[/mnt/hgfs/src/marstv/backend_pomelochat/node_modules/pomelo-logger/test/logTest.js] [11761] [39mtest2
[2014-12-23 02:12:27.047] [ERROR] log - [31m[/mnt/hgfs/src/marstv/backend_pomelochat/node_modules/pomelo-logger/test/logTest.js] [11761] [39mtest3
[2014-12-23 02:12:28.048] [INFO] log - [32m[/mnt/hgfs/src/marstv/backend_pomelochat/node_modules/pomelo-logger/test/logTest.js] [11761] [39mtest1
[2014-12-23 02:12:28.048] [WARN] log - [33m[/mnt/hgfs/src/marstv/backend_pomelochat/node_modules/pomelo-logger/test/logTest.js] [11761] [39mtest2
[2014-12-23 02:12:28.048] [ERROR] log - [31m[/mnt/hgfs/src/marstv/backend_pomelochat/node_modules/pomelo-logger/test/logTest.js] [11761] [39mtest3
[2014-12-23 02:13:09.424] [INFO] log - [32m[/mnt/hgfs/src/marstv/backend_pomelochat/node_modules/pomelo-logger/test/logTest.js] [11767] [39mtest1
[2014-12-23 02:13:09.428] [WARN] log - [33m[/mnt/hgfs/src/marstv/backend_pomelochat/node_modules/pomelo-logger/test/logTest.js] [11767] [39mtest2
[2014-12-23 02:13:09.428] [ERROR] log - [31m[/mnt/hgfs/src/marstv/backend_pomelochat/node_modules/pomelo-logger/test/logTest.js] [11767] [39mtest3
[2014-12-23 02:13:10.431] [INFO] log - [32m[/mnt/hgfs/src/marstv/backend_pomelochat/node_modules/pomelo-logger/test/logTest.js] [11767] [39mtest1
[2014-12-23 02:13:10.431] [WARN] log - [33m[/mnt/hgfs/src/marstv/backend_pomelochat/node_modules/pomelo-logger/test/logTest.js] [11767] [39mtest2
[2014-12-23 02:13:10.431] [ERROR] log - [31m[/mnt/hgfs/src/marstv/backend_pomelochat/node_modules/pomelo-logger/test/logTest.js] [11767] [39mtest3
[2014-12-23 02:13:11.433] [INFO] log - [32m[/mnt/hgfs/src/marstv/backend_pomelochat/node_modules/pomelo-logger/test/logTest.js] [11767] [39mtest1
[2014-12-23 02:13:11.433] [WARN] log - [33m[/mnt/hgfs/src/marstv/backend_pomelochat/node_modules/pomelo-logger/test/logTest.js] [11767] [39mtest2
[2014-12-23 02:13:11.433] [ERROR] log - [31m[/mnt/hgfs/src/marstv/backend_pomelochat/node_modules/pomelo-logger/test/logTest.js] [11767] [39mtest3
[2014-12-23 02:13:12.435] [INFO] log - [32m[/mnt/hgfs/src/marstv/backend_pomelochat/node_modules/pomelo-logger/test/logTest.js] [11767] [39mtest1
[2014-12-23 02:13:12.435] [WARN] log - [33m[/mnt/hgfs/src/marstv/backend_pomelochat/node_modules/pomelo-logger/test/logTest.js] [11767] [39mtest2
[2014-12-23 02:13:12.435] [ERROR] log - [31m[/mnt/hgfs/src/marstv/backend_pomelochat/node_modules/pomelo-logger/test/logTest.js] [11767] [39mtest3
[2014-12-23 02:13:13.436] [INFO] log - [32m[/mnt/hgfs/src/marstv/backend_pomelochat/node_modules/pomelo-logger/test/logTest.js] [11767] [39mtest1
[2014-12-23 02:13:13.436] [WARN] log - [33m[/mnt/hgfs/src/marstv/backend_pomelochat/node_modules/pomelo-logger/test/logTest.js] [11767] [39mtest2
[2014-12-23 02:13:13.437] [ERROR] log - [31m[/mnt/hgfs/src/marstv/backend_pomelochat/node_modules/pomelo-logger/test/logTest.js] [11767] [39mtest3
[2014-12-23 02:13:14.439] [INFO] log - [32m[/mnt/hgfs/src/marstv/backend_pomelochat/node_modules/pomelo-logger/test/logTest.js] [11767] [39mtest1
[2014-12-23 02:13:14.439] [WARN] log - [33m[/mnt/hgfs/src/marstv/backend_pomelochat/node_modules/pomelo-logger/test/logTest.js] [11767] [39mtest2
[2014-12-23 02:13:14.439] [ERROR] log - [31m[/mnt/hgfs/src/marstv/backend_pomelochat/node_modules/pomelo-logger/test/logTest.js] [11767] [39mtest3
[2014-12-23 02:13:15.443] [INFO] log - [32m[/mnt/hgfs/src/marstv/backend_pomelochat/node_modules/pomelo-logger/test/logTest.js] [11767] [39mtest1
[2014-12-23 02:13:15.443] [WARN] log - [33m[/mnt/hgfs/src/marstv/backend_pomelochat/node_modules/pomelo-logger/test/logTest.js] [11767] [39mtest2
[2014-12-23 02:13:15.443] [ERROR] log - [31m[/mnt/hgfs/src/marstv/backend_pomelochat/node_modules/pomelo-logger/test/logTest.js] [11767] [39mtest3
[2014-12-23 02:13:39.727] [INFO] log - [32m[/mnt/hgfs/src/marstv/backend_pomelochat/node_modules/pomelo-logger/test/logTest.js] [11775] [39mtest1
[2014-12-23 02:13:39.733] [WARN] log - [33m[/mnt/hgfs/src/marstv/backend_pomelochat/node_modules/pomelo-logger/test/logTest.js] [11775] [39mtest2
[2014-12-23 02:13:39.733] [ERROR] log - [31m[/mnt/hgfs/src/marstv/backend_pomelochat/node_modules/pomelo-logger/test/logTest.js] [11775] [39mtest3
[2014-12-23 02:13:40.735] [INFO] log - [32m[/mnt/hgfs/src/marstv/backend_pomelochat/node_modules/pomelo-logger/test/logTest.js] [11775] [39mtest1
[2014-12-23 02:13:40.735] [WARN] log - [33m[/mnt/hgfs/src/marstv/backend_pomelochat/node_modules/pomelo-logger/test/logTest.js] [11775] [39mtest2
[2014-12-23 02:13:40.735] [ERROR] log - [31m[/mnt/hgfs/src/marstv/backend_pomelochat/node_modules/pomelo-logger/test/logTest.js] [11775] [39mtest3
[2014-12-23 02:13:41.737] [INFO] log - [32m[/mnt/hgfs/src/marstv/backend_pomelochat/node_modules/pomelo-logger/test/logTest.js] [11775] [39mtest1
[2014-12-23 02:13:41.737] [WARN] log - [33m[/mnt/hgfs/src/marstv/backend_pomelochat/node_modules/pomelo-logger/test/logTest.js] [11775] [39mtest2
[2014-12-23 02:13:41.737] [ERROR] log - [31m[/mnt/hgfs/src/marstv/backend_pomelochat/node_modules/pomelo-logger/test/logTest.js] [11775] [39mtest3
[2014-12-23 02:13:42.739] [INFO] log - [32m[/mnt/hgfs/src/marstv/backend_pomelochat/node_modules/pomelo-logger/test/logTest.js] [11775] [39mtest1
[2014-12-23 02:13:42.739] [WARN] log - [33m[/mnt/hgfs/src/marstv/backend_pomelochat/node_modules/pomelo-logger/test/logTest.js] [11775] [39mtest2
[2014-12-23 02:13:42.739] [ERROR] log - [31m[/mnt/hgfs/src/marstv/backend_pomelochat/node_modules/pomelo-logger/test/logTest.js] [11775] [39mtest3
[2014-12-23 02:13:43.741] [INFO] log - [32m[/mnt/hgfs/src/marstv/backend_pomelochat/node_modules/pomelo-logger/test/logTest.js] [11775] [39mtest1
[2014-12-23 02:13:43.741] [WARN] log - [33m[/mnt/hgfs/src/marstv/backend_pomelochat/node_modules/pomelo-logger/test/logTest.js] [11775] [39mtest2
[2014-12-23 02:13:43.741] [ERROR] log - [31m[/mnt/hgfs/src/marstv/backend_pomelochat/node_modules/pomelo-logger/test/logTest.js] [11775] [39mtest3
[2014-12-23 02:13:44.742] [INFO] log - [32m[/mnt/hgfs/src/marstv/backend_pomelochat/node_modules/pomelo-logger/test/logTest.js] [11775] [39mtest1
[2014-12-23 02:13:44.742] [WARN] log - [33m[/mnt/hgfs/src/marstv/backend_pomelochat/node_modules/pomelo-logger/test/logTest.js] [11775] [39mtest2
[2014-12-23 02:13:44.742] [ERROR] log - [31m[/mnt/hgfs/src/marstv/backend_pomelochat/node_modules/pomelo-logger/test/logTest.js] [11775] [39mtest3
[2014-12-23 02:13:45.747] [INFO] log - [32m[/mnt/hgfs/src/marstv/backend_pomelochat/node_modules/pomelo-logger/test/logTest.js] [11775] [39mtest1
[2014-12-23 02:13:45.747] [WARN] log - [33m[/mnt/hgfs/src/marstv/backend_pomelochat/node_modules/pomelo-logger/test/logTest.js] [11775] [39mtest2
[2014-12-23 02:13:45.747] [ERROR] log - [31m[/mnt/hgfs/src/marstv/backend_pomelochat/node_modules/pomelo-logger/test/logTest.js] [11775] [39mtest3
[2014-12-23 02:13:46.749] [INFO] log - [32m[/mnt/hgfs/src/marstv/backend_pomelochat/node_modules/pomelo-logger/test/logTest.js] [11775] [39mtest1
[2014-12-23 02:13:46.749] [WARN] log - [33m[/mnt/hgfs/src/marstv/backend_pomelochat/node_modules/pomelo-logger/test/logTest.js] [11775] [39mtest2
[2014-12-23 02:13:46.749] [ERROR] log - [31m[/mnt/hgfs/src/marstv/backend_pomelochat/node_modules/pomelo-logger/test/logTest.js] [11775] [39mtest3
[2014-12-23 02:13:47.751] [INFO] log - [32m[/mnt/hgfs/src/marstv/backend_pomelochat/node_modules/pomelo-logger/test/logTest.js] [11775] [39mtest1
[2014-12-23 02:13:47.752] [WARN] log - [33m[/mnt/hgfs/src/marstv/backend_pomelochat/node_modules/pomelo-logger/test/logTest.js] [11775] [39mtest2
[2014-12-23 02:13:47.752] [ERROR] log - [31m[/mnt/hgfs/src/marstv/backend_pomelochat/node_modules/pomelo-logger/test/logTest.js] [11775] [39mtest3
[2014-12-23 02:13:48.758] [INFO] log - [32m[/mnt/hgfs/src/marstv/backend_pomelochat/node_modules/pomelo-logger/test/logTest.js] [11775] [39mtest1
[2014-12-23 02:13:48.758] [WARN] log - [33m[/mnt/hgfs/src/marstv/backend_pomelochat/node_modules/pomelo-logger/test/logTest.js] [11775] [39mtest2
[2014-12-23 02:13:48.758] [ERROR] log - [31m[/mnt/hgfs/src/marstv/backend_pomelochat/node_modules/pomelo-logger/test/logTest.js] [11775] [39mtest3
[2014-12-23 02:13:49.762] [INFO] log - [32m[/mnt/hgfs/src/marstv/backend_pomelochat/node_modules/pomelo-logger/test/logTest.js] [11775] [39mtest1
[2014-12-23 02:13:49.762] [WARN] log - [33m[/mnt/hgfs/src/marstv/backend_pomelochat/node_modules/pomelo-logger/test/logTest.js] [11775] [39mtest2
[2014-12-23 02:13:49.762] [ERROR] log - [31m[/mnt/hgfs/src/marstv/backend_pomelochat/node_modules/pomelo-logger/test/logTest.js] [11775] [39mtest3
[2014-12-23 02:13:50.765] [INFO] log - [32m[/mnt/hgfs/src/marstv/backend_pomelochat/node_modules/pomelo-logger/test/logTest.js] [11775] [39mtest1
[2014-12-23 02:13:50.765] [WARN] log - [33m[/mnt/hgfs/src/marstv/backend_pomelochat/node_modules/pomelo-logger/test/logTest.js] [11775] [39mtest2
[2014-12-23 02:13:50.765] [ERROR] log - [31m[/mnt/hgfs/src/marstv/backend_pomelochat/node_modules/pomelo-logger/test/logTest.js] [11775] [39mtest3
[2014-12-23 02:13:51.768] [INFO] log - [32m[/mnt/hgfs/src/marstv/backend_pomelochat/node_modules/pomelo-logger/test/logTest.js] [11775] [39mtest1
[2014-12-23 02:13:51.768] [WARN] log - [33m[/mnt/hgfs/src/marstv/backend_pomelochat/node_modules/pomelo-logger/test/logTest.js] [11775] [39mtest2
[2014-12-23 02:13:51.768] [ERROR] log - [31m[/mnt/hgfs/src/marstv/backend_pomelochat/node_modules/pomelo-logger/test/logTest.js] [11775] [39mtest3
[2014-12-23 02:13:52.772] [INFO] log - [32m[/mnt/hgfs/src/marstv/backend_pomelochat/node_modules/pomelo-logger/test/logTest.js] [11775] [39mtest1
[2014-12-23 02:13:52.772] [WARN] log - [33m[/mnt/hgfs/src/marstv/backend_pomelochat/node_modules/pomelo-logger/test/logTest.js] [11775] [39mtest2
[2014-12-23 02:13:52.772] [ERROR] log - [31m[/mnt/hgfs/src/marstv/backend_pomelochat/node_modules/pomelo-logger/test/logTest.js] [11775] [39mtest3
[2014-12-23 02:13:53.776] [INFO] log - [32m[/mnt/hgfs/src/marstv/backend_pomelochat/node_modules/pomelo-logger/test/logTest.js] [11775] [39mtest1
[2014-12-23 02:13:53.776] [WARN] log - [33m[/mnt/hgfs/src/marstv/backend_pomelochat/node_modules/pomelo-logger/test/logTest.js] [11775] [39mtest2
[2014-12-23 02:13:53.776] [ERROR] log - [31m[/mnt/hgfs/src/marstv/backend_pomelochat/node_modules/pomelo-logger/test/logTest.js] [11775] [39mtest3
[2014-12-23 02:13:54.779] [INFO] log - [32m[/mnt/hgfs/src/marstv/backend_pomelochat/node_modules/pomelo-logger/test/logTest.js] [11775] [39mtest1
[2014-12-23 02:13:54.779] [WARN] log - [33m[/mnt/hgfs/src/marstv/backend_pomelochat/node_modules/pomelo-logger/test/logTest.js] [11775] [39mtest2
[2014-12-23 02:13:54.779] [ERROR] log - [31m[/mnt/hgfs/src/marstv/backend_pomelochat/node_modules/pomelo-logger/test/logTest.js] [11775] [39mtest3
[2014-12-23 02:13:55.783] [INFO] log - [32m[/mnt/hgfs/src/marstv/backend_pomelochat/node_modules/pomelo-logger/test/logTest.js] [11775] [39mtest1
[2014-12-23 02:13:55.783] [WARN] log - [33m[/mnt/hgfs/src/marstv/backend_pomelochat/node_modules/pomelo-logger/test/logTest.js] [11775] [39mtest2
[2014-12-23 02:13:55.783] [ERROR] log - [31m[/mnt/hgfs/src/marstv/backend_pomelochat/node_modules/pomelo-logger/test/logTest.js] [11775] [39mtest3
[2014-12-23 02:13:56.786] [INFO] log - [32m[/mnt/hgfs/src/marstv/backend_pomelochat/node_modules/pomelo-logger/test/logTest.js] [11775] [39mtest1
[2014-12-23 02:13:56.786] [WARN] log - [33m[/mnt/hgfs/src/marstv/backend_pomelochat/node_modules/pomelo-logger/test/logTest.js] [11775] [39mtest2
[2014-12-23 02:13:56.786] [ERROR] log - [31m[/mnt/hgfs/src/marstv/backend_pomelochat/node_modules/pomelo-logger/test/logTest.js] [11775] [39mtest3
[2014-12-23 02:13:57.791] [INFO] log - [32m[/mnt/hgfs/src/marstv/backend_pomelochat/node_modules/pomelo-logger/test/logTest.js] [11775] [39mtest1
[2014-12-23 02:13:57.791] [WARN] log - [33m[/mnt/hgfs/src/marstv/backend_pomelochat/node_modules/pomelo-logger/test/logTest.js] [11775] [39mtest2
[2014-12-23 02:13:57.791] [ERROR] log - [31m[/mnt/hgfs/src/marstv/backend_pomelochat/node_modules/pomelo-logger/test/logTest.js] [11775] [39mtest3
[2014-12-23 02:13:58.794] [INFO] log - [32m[/mnt/hgfs/src/marstv/backend_pomelochat/node_modules/pomelo-logger/test/logTest.js] [11775] [39mtest1
[2014-12-23 02:13:58.794] [WARN] log - [33m[/mnt/hgfs/src/marstv/backend_pomelochat/node_modules/pomelo-logger/test/logTest.js] [11775] [39mtest2
[2014-12-23 02:13:58.797] [ERROR] log - [31m[/mnt/hgfs/src/marstv/backend_pomelochat/node_modules/pomelo-logger/test/logTest.js] [11775] [39mtest3
[2014-12-23 02:13:59.799] [INFO] log - [32m[/mnt/hgfs/src/marstv/backend_pomelochat/node_modules/pomelo-logger/test/logTest.js] [11775] [39mtest1
[2014-12-23 02:13:59.802] [WARN] log - [33m[/mnt/hgfs/src/marstv/backend_pomelochat/node_modules/pomelo-logger/test/logTest.js] [11775] [39mtest2
[2014-12-23 02:13:59.802] [ERROR] log - [31m[/mnt/hgfs/src/marstv/backend_pomelochat/node_modules/pomelo-logger/test/logTest.js] [11775] [39mtest3
[2014-12-23 02:16:09.671] [INFO] log - [32m[/mnt/hgfs/src/marstv/backend_pomelochat/node_modules/pomelo-logger/test/logTest.js] [11781] [39mtest1
[2014-12-23 02:16:09.675] [WARN] log - [33m[/mnt/hgfs/src/marstv/backend_pomelochat/node_modules/pomelo-logger/test/logTest.js] [11781] [39mtest2
[2014-12-23 02:16:09.676] [ERROR] log - [31m[/mnt/hgfs/src/marstv/backend_pomelochat/node_modules/pomelo-logger/test/logTest.js] [11781] [39mtest3
[2014-12-23 02:16:10.678] [INFO] log - [32m[/mnt/hgfs/src/marstv/backend_pomelochat/node_modules/pomelo-logger/test/logTest.js] [11781] [39mtest1
[2014-12-23 02:16:10.678] [WARN] log - [33m[/mnt/hgfs/src/marstv/backend_pomelochat/node_modules/pomelo-logger/test/logTest.js] [11781] [39mtest2
[2014-12-23 02:16:10.678] [ERROR] log - [31m[/mnt/hgfs/src/marstv/backend_pomelochat/node_modules/pomelo-logger/test/logTest.js] [11781] [39mtest3
[2014-12-23 02:16:11.680] [INFO] log - [32m[/mnt/hgfs/src/marstv/backend_pomelochat/node_modules/pomelo-logger/test/logTest.js] [11781] [39mtest1
[2014-12-23 02:16:11.680] [WARN] log - [33m[/mnt/hgfs/src/marstv/backend_pomelochat/node_modules/pomelo-logger/test/logTest.js] [11781] [39mtest2
[2014-12-23 02:16:11.680] [ERROR] log - [31m[/mnt/hgfs/src/marstv/backend_pomelochat/node_modules/pomelo-logger/test/logTest.js] [11781] [39mtest3
[2014-12-23 02:16:12.682] [INFO] log - [32m[/mnt/hgfs/src/marstv/backend_pomelochat/node_modules/pomelo-logger/test/logTest.js] [11781] [39mtest1
[2014-12-23 02:16:12.682] [WARN] log - [33m[/mnt/hgfs/src/marstv/backend_pomelochat/node_modules/pomelo-logger/test/logTest.js] [11781] [39mtest2
[2014-12-23 02:16:12.682] [ERROR] log - [31m[/mnt/hgfs/src/marstv/backend_pomelochat/node_modules/pomelo-logger/test/logTest.js] [11781] [39mtest3
[2014-12-23 02:16:13.690] [INFO] log - [32m[/mnt/hgfs/src/marstv/backend_pomelochat/node_modules/pomelo-logger/test/logTest.js] [11781] [39mtest1
[2014-12-23 02:16:13.690] [WARN] log - [33m[/mnt/hgfs/src/marstv/backend_pomelochat/node_modules/pomelo-logger/test/logTest.js] [11781] [39mtest2
[2014-12-23 02:16:13.690] [ERROR] log - [31m[/mnt/hgfs/src/marstv/backend_pomelochat/node_modules/pomelo-logger/test/logTest.js] [11781] [39mtest3
[2014-12-23 02:16:14.696] [INFO] log - [32m[/mnt/hgfs/src/marstv/backend_pomelochat/node_modules/pomelo-logger/test/logTest.js] [11781] [39mtest1
[2014-12-23 02:16:14.697] [WARN] log - [33m[/mnt/hgfs/src/marstv/backend_pomelochat/node_modules/pomelo-logger/test/logTest.js] [11781] [39mtest2
[2014-12-23 02:16:14.698] [ERROR] log - [31m[/mnt/hgfs/src/marstv/backend_pomelochat/node_modules/pomelo-logger/test/logTest.js] [11781] [39mtest3
[2014-12-23 02:16:15.701] [INFO] log - [32m[/mnt/hgfs/src/marstv/backend_pomelochat/node_modules/pomelo-logger/test/logTest.js] [11781] [39mtest1
[2014-12-23 02:16:15.701] [WARN] log - [33m[/mnt/hgfs/src/marstv/backend_pomelochat/node_modules/pomelo-logger/test/logTest.js] [11781] [39mtest2
[2014-12-23 02:16:15.701] [ERROR] log - [31m[/mnt/hgfs/src/marstv/backend_pomelochat/node_modules/pomelo-logger/test/logTest.js] [11781] [39mtest3
[2014-12-23 02:16:16.703] [INFO] log - [32m[/mnt/hgfs/src/marstv/backend_pomelochat/node_modules/pomelo-logger/test/logTest.js] [11781] [39mtest1
[2014-12-23 02:16:16.703] [WARN] log - [33m[/mnt/hgfs/src/marstv/backend_pomelochat/node_modules/pomelo-logger/test/logTest.js] [11781] [39mtest2
[2014-12-23 02:16:16.703] [ERROR] log - [31m[/mnt/hgfs/src/marstv/backend_pomelochat/node_modules/pomelo-logger/test/logTest.js] [11781] [39mtest3
[2014-12-23 02:16:17.704] [INFO] log - [32m[/mnt/hgfs/src/marstv/backend_pomelochat/node_modules/pomelo-logger/test/logTest.js] [11781] [39mtest1
[2014-12-23 02:16:17.704] [WARN] log - [33m[/mnt/hgfs/src/marstv/backend_pomelochat/node_modules/pomelo-logger/test/logTest.js] [11781] [39mtest2
[2014-12-23 02:16:17.704] [ERROR] log - [31m[/mnt/hgfs/src/marstv/backend_pomelochat/node_modules/pomelo-logger/test/logTest.js] [11781] [39mtest3
[2014-12-23 02:16:18.707] [INFO] log - [32m[/mnt/hgfs/src/marstv/backend_pomelochat/node_modules/pomelo-logger/test/logTest.js] [11781] [39mtest1
[2014-12-23 02:16:18.707] [WARN] log - [33m[/mnt/hgfs/src/marstv/backend_pomelochat/node_modules/pomelo-logger/test/logTest.js] [11781] [39mtest2
[2014-12-23 02:16:18.708] [ERROR] log - [31m[/mnt/hgfs/src/marstv/backend_pomelochat/node_modules/pomelo-logger/test/logTest.js] [11781] [39mtest3
[2014-12-23 02:16:19.710] [INFO] log - [32m[/mnt/hgfs/src/marstv/backend_pomelochat/node_modules/pomelo-logger/test/logTest.js] [11781] [39mtest1
[2014-12-23 02:16:19.710] [WARN] log - [33m[/mnt/hgfs/src/marstv/backend_pomelochat/node_modules/pomelo-logger/test/logTest.js] [11781] [39mtest2
[2014-12-23 02:16:19.710] [ERROR] log - [31m[/mnt/hgfs/src/marstv/backend_pomelochat/node_modules/pomelo-logger/test/logTest.js] [11781] [39mtest3
[2014-12-23 02:16:20.713] [INFO] log - [32m[/mnt/hgfs/src/marstv/backend_pomelochat/node_modules/pomelo-logger/test/logTest.js] [11781] [39mtest1
[2014-12-23 02:16:20.713] [WARN] log - [33m[/mnt/hgfs/src/marstv/backend_pomelochat/node_modules/pomelo-logger/test/logTest.js] [11781] [39mtest2
[2014-12-23 02:16:20.713] [ERROR] log - [31m[/mnt/hgfs/src/marstv/backend_pomelochat/node_modules/pomelo-logger/test/logTest.js] [11781] [39mtest3
[2014-12-23 02:16:21.715] [INFO] log - [32m[/mnt/hgfs/src/marstv/backend_pomelochat/node_modules/pomelo-logger/test/logTest.js] [11781] [39mtest1
[2014-12-23 02:16:21.716] [WARN] log - [33m[/mnt/hgfs/src/marstv/backend_pomelochat/node_modules/pomelo-logger/test/logTest.js] [11781] [39mtest2
[2014-12-23 02:16:21.716] [ERROR] log - [31m[/mnt/hgfs/src/marstv/backend_pomelochat/node_modules/pomelo-logger/test/logTest.js] [11781] [39mtest3
[2014-12-23 02:16:22.721] [INFO] log - [32m[/mnt/hgfs/src/marstv/backend_pomelochat/node_modules/pomelo-logger/test/logTest.js] [11781] [39mtest1
[2014-12-23 02:16:22.721] [WARN] log - [33m[/mnt/hgfs/src/marstv/backend_pomelochat/node_modules/pomelo-logger/test/logTest.js] [11781] [39mtest2
[2014-12-23 02:16:22.721] [ERROR] log - [31m[/mnt/hgfs/src/marstv/backend_pomelochat/node_modules/pomelo-logger/test/logTest.js] [11781] [39mtest3
[2014-12-23 02:16:23.723] [INFO] log - [32m[/mnt/hgfs/src/marstv/backend_pomelochat/node_modules/pomelo-logger/test/logTest.js] [11781] [39mtest1
[2014-12-23 02:16:23.723] [WARN] log - [33m[/mnt/hgfs/src/marstv/backend_pomelochat/node_modules/pomelo-logger/test/logTest.js] [11781] [39mtest2
[2014-12-23 02:16:23.723] [ERROR] log - [31m[/mnt/hgfs/src/marstv/backend_pomelochat/node_modules/pomelo-logger/test/logTest.js] [11781] [39mtest3
[2014-12-23 02:16:24.726] [INFO] log - [32m[/mnt/hgfs/src/marstv/backend_pomelochat/node_modules/pomelo-logger/test/logTest.js] [11781] [39mtest1
[2014-12-23 02:16:24.726] [WARN] log - [33m[/mnt/hgfs/src/marstv/backend_pomelochat/node_modules/pomelo-logger/test/logTest.js] [11781] [39mtest2
[2014-12-23 02:16:24.726] [ERROR] log - [31m[/mnt/hgfs/src/marstv/backend_pomelochat/node_modules/pomelo-logger/test/logTest.js] [11781] [39mtest3
[2014-12-23 02:16:25.728] [INFO] log - [32m[/mnt/hgfs/src/marstv/backend_pomelochat/node_modules/pomelo-logger/test/logTest.js] [11781] [39mtest1
[2014-12-23 02:16:25.728] [WARN] log - [33m[/mnt/hgfs/src/marstv/backend_pomelochat/node_modules/pomelo-logger/test/logTest.js] [11781] [39mtest2
[2014-12-23 02:16:25.728] [ERROR] log - [31m[/mnt/hgfs/src/marstv/backend_pomelochat/node_modules/pomelo-logger/test/logTest.js] [11781] [39mtest3
[2014-12-23 02:16:26.730] [INFO] log - [32m[/mnt/hgfs/src/marstv/backend_pomelochat/node_modules/pomelo-logger/test/logTest.js] [11781] [39mtest1
[2014-12-23 02:16:26.730] [WARN] log - [33m[/mnt/hgfs/src/marstv/backend_pomelochat/node_modules/pomelo-logger/test/logTest.js] [11781] [39mtest2
[2014-12-23 02:16:26.730] [ERROR] log - [31m[/mnt/hgfs/src/marstv/backend_pomelochat/node_modules/pomelo-logger/test/logTest.js] [11781] [39mtest3
